<!doctype html public "-//w3c//dtd html 4.0 transitional//en">
<html><head>
<title>Static Call Graph - [.\Objects\CMSPanel.axf]</title></head>
<body><HR>
<H1>Static Call Graph for image .\Objects\CMSPanel.axf</H1><HR>
<BR><P>#&#060CALLGRAPH&#062# ARM Linker, 5060750: Last Updated: Sat May 17 11:29:53 2025
<BR><P>
<H3>Maximum Stack Usage =        456 bytes + Unknown(Functions without stacksize, Cycles, Untraceable Function Pointers)</H3><H3>
Call chain for Maximum Stack Depth:</H3>
__rt_entry_main &rArr; main &rArr; RunLogModule_POR &rArr; ShowPostInfo &rArr; LCD_ShowHybridString &rArr; LCD_ShowChinese12x12 &rArr; LCD_Address_Set
<P>
<H3>
Functions with no stack information
</H3><UL>
 <LI><a href="#[a9]">__user_initial_stackheap</a>
</UL>
</UL>
<P>
<H3>
Mutually Recursive functions
</H3> <LI><a href="#[aa]">AES_IRQHandler</a>&nbsp;&nbsp;&nbsp;&rArr;&nbsp;&nbsp;&nbsp;<a href="#[aa]">AES_IRQHandler</a><BR>
</UL>
<P>
<H3>
Function Pointers
</H3><UL>
 <LI><a href="#[14]">ADC_IRQHandler</a> from ht32f5xxxx_01_it.o(i.ADC_IRQHandler) referenced from startup_ht32f5xxxx_01.o(RESET)
 <LI><a href="#[79]">AboutMenuKeyProc</a> from aboutmenu.o(i.AboutMenuKeyProc) referenced from aboutmenu.o(.constdata)
 <LI><a href="#[78]">AboutMenuRender</a> from aboutmenu.o(i.AboutMenuRender) referenced from aboutmenu.o(.constdata)
 <LI><a href="#[43]">ActOneShotTest</a> from setttingmainmenu.o(i.ActOneShotTest) referenced 2 times from setttingmainmenu.o(.constdata)
 <LI><a href="#[7d]">AdapterEmuRender</a> from adapteremulationmenu.o(i.AdapterEmuRender) referenced from adapteremulationmenu.o(.constdata)
 <LI><a href="#[7e]">AdapterMenuKeyProc</a> from adapteremulationmenu.o(i.AdapterMenuKeyProc) referenced from adapteremulationmenu.o(.constdata)
 <LI><a href="#[9b]">AutoBalMenuKeyHandler</a> from autoextendbalancemenu.o(i.AutoBalMenuKeyHandler) referenced from autoextendbalancemenu.o(.constdata)
 <LI><a href="#[9a]">AutoBalMenuRenderHandler</a> from autoextendbalancemenu.o(i.AutoBalMenuRenderHandler) referenced from autoextendbalancemenu.o(.constdata)
 <LI><a href="#[1a]">BFTM0_IRQHandler</a> from startup_ht32f5xxxx_01.o(RESET) referenced from startup_ht32f5xxxx_01.o(RESET)
 <LI><a href="#[1b]">BFTM1_IRQHandler</a> from startup_ht32f5xxxx_01.o(RESET) referenced from startup_ht32f5xxxx_01.o(RESET)
 <LI><a href="#[73]">BackFromEsetupToMainMenu</a> from easysetupmenu.o(i.BackFromEsetupToMainMenu) referenced from easysetupmenu.o(.constdata)
 <LI><a href="#[94]">BackFromGUIPref</a> from guiprefmenu.o(i.BackFromGUIPref) referenced from guiprefmenu.o(.constdata)
 <LI><a href="#[7b]">BackFromTset</a> from otptempset.o(i.BackFromTset) referenced from otptempset.o(.constdata)
 <LI><a href="#[a6]">BackToEasySetup</a> from enteradvancedmodemenu.o(i.BackToEasySetup) referenced from enteradvancedmodemenu.o(.data)
 <LI><a href="#[5d]">BackToResetMenu</a> from resetconfigmenu.o(i.BackToResetMenu) referenced 3 times from resetconfigmenu.o(.constdata)
 <LI><a href="#[98]">BalMenuFSMProcess</a> from manustartbalancemenu.o(i.BalMenuFSMProcess) referenced from manustartbalancemenu.o(.constdata)
 <LI><a href="#[97]">BalMenuGUIHandler</a> from manustartbalancemenu.o(i.BalMenuGUIHandler) referenced from manustartbalancemenu.o(.constdata)
 <LI><a href="#[29]">BootProcess</a> from startup_ht32f5xxxx_01.o(RESET) referenced from startup_ht32f5xxxx_01.o(RESET)
 <LI><a href="#[13]">COMP_IRQHandler</a> from startup_ht32f5xxxx_01.o(RESET) referenced from startup_ht32f5xxxx_01.o(RESET)
 <LI><a href="#[54]">CTestGUIHandler</a> from captestmenu.o(i.CTestGUIHandler) referenced from captestmenu.o(.constdata)
 <LI><a href="#[55]">CTestKeyHandler</a> from captestmenu.o(i.CTestKeyHandler) referenced from captestmenu.o(.constdata)
 <LI><a href="#[5b]">CalcIfNeedToReset</a> from restorefactorysetmenu.o(i.CalcIfNeedToReset) referenced from restorefactorysetmenu.o(.constdata)
 <LI><a href="#[62]">CapHisKeyHandler</a> from displaylastctestmenu.o(i.CapHisKeyHandler) referenced from displaylastctestmenu.o(.constdata)
 <LI><a href="#[67]">CheckILimitIsOK</a> from setchargecurrentmenu.o(i.CheckILimitIsOK) referenced from setchargecurrentmenu.o(.constdata)
 <LI><a href="#[6d]">ColHisKeyHandler</a> from columgaugeviewmenu.o(i.ColHisKeyHandler) referenced from columgaugeviewmenu.o(.constdata)
 <LI><a href="#[8d]">DisplayAlertMsg</a> from safetyalertmenu.o(i.DisplayAlertMsg) referenced from safetyalertmenu.o(.constdata)
 <LI><a href="#[5c]">DisplayResetOK</a> from resetconfigmenu.o(i.DisplayResetOK) referenced 3 times from resetconfigmenu.o(.constdata)
 <LI><a href="#[86]">DisplaySuccEnteredCapStart</a> from enableinstcaptmenu.o(i.DisplaySuccEnteredCapStart) referenced from enableinstcaptmenu.o(.constdata)
 <LI><a href="#[f]">EVWUP_IRQHandler</a> from startup_ht32f5xxxx_01.o(RESET) referenced from startup_ht32f5xxxx_01.o(RESET)
 <LI><a href="#[10]">EXTI0_1_IRQHandler</a> from startup_ht32f5xxxx_01.o(RESET) referenced from startup_ht32f5xxxx_01.o(RESET)
 <LI><a href="#[11]">EXTI2_3_IRQHandler</a> from startup_ht32f5xxxx_01.o(RESET) referenced from startup_ht32f5xxxx_01.o(RESET)
 <LI><a href="#[12]">EXTI4_15_IRQHandler</a> from ht32f5xxxx_01_it.o(i.EXTI4_15_IRQHandler) referenced from startup_ht32f5xxxx_01.o(RESET)
 <LI><a href="#[9c]">EnableAutoBal</a> from autoextendbalancemenu.o(i.EnableAutoBal) referenced from autoextendbalancemenu.o(.constdata)
 <LI><a href="#[88]">EnableICTestMode</a> from enableinstcaptmenu.o(i.EnableICTestMode) referenced from enableinstcaptmenu.o(.constdata)
 <LI><a href="#[4b]">EnterAbout</a> from setttingmainmenu.o(i.EnterAbout) referenced 2 times from setttingmainmenu.o(.constdata)
 <LI><a href="#[42]">EnterAdapterEmu</a> from setttingmainmenu.o(i.EnterAdapterEmu) referenced 2 times from setttingmainmenu.o(.constdata)
 <LI><a href="#[7f]">EnterAdapterEmulation</a> from adapteremulationmenu.o(i.EnterAdapterEmulation) referenced from adapteremulationmenu.o(.constdata)
 <LI><a href="#[72]">EnterAdvMode</a> from easysetupmenu.o(i.EnterAdvMode) referenced from easysetupmenu.o(.constdata)
 <LI><a href="#[a5]">EnterAdvModeProc</a> from enteradvancedmodemenu.o(i.EnterAdvModeProc) referenced from enteradvancedmodemenu.o(.data)
 <LI><a href="#[3c]">EnterBalCfg</a> from setttingmainmenu.o(i.EnterBalCfg) referenced from setttingmainmenu.o(.constdata)
 <LI><a href="#[41]">EnterCTHistory</a> from setttingmainmenu.o(i.EnterCTHistory) referenced 2 times from setttingmainmenu.o(.constdata)
 <LI><a href="#[44]">EnterChargeTest</a> from setttingmainmenu.o(i.EnterChargeTest) referenced 2 times from setttingmainmenu.o(.constdata)
 <LI><a href="#[3f]">EnterChgMgmt</a> from setttingmainmenu.o(i.EnterChgMgmt) referenced from setttingmainmenu.o(.constdata)
 <LI><a href="#[4f]">EnterChgVsetMenu</a> from chargingsystemmenu.o(i.EnterChgVsetMenu) referenced from chargingsystemmenu.o(.constdata)
 <LI><a href="#[3d]">EnterDisMgmt</a> from setttingmainmenu.o(i.EnterDisMgmt) referenced from setttingmainmenu.o(.constdata)
 <LI><a href="#[9d]">EnterDsourceSel</a> from typecgaugeconfigmenu.o(i.EnterDsourceSel) referenced from typecgaugeconfigmenu.o(.constdata)
 <LI><a href="#[39]">EnterGUIPref</a> from setttingmainmenu.o(i.EnterGUIPref) referenced 2 times from setttingmainmenu.o(.constdata)
 <LI><a href="#[4d]">EnterIChargeSet</a> from chargingsystemmenu.o(i.EnterIChargeSet) referenced from chargingsystemmenu.o(.constdata)
 <LI><a href="#[51]">EnterIstopMenu</a> from chargingsystemmenu.o(i.EnterIstopMenu) referenced from chargingsystemmenu.o(.constdata)
 <LI><a href="#[40]">EnterLVSet</a> from setttingmainmenu.o(i.EnterLVSet) referenced from setttingmainmenu.o(.constdata)
 <LI><a href="#[46]">EnterManuBal</a> from setttingmainmenu.o(i.EnterManuBal) referenced 2 times from setttingmainmenu.o(.constdata)
 <LI><a href="#[52]">EnterMaxVPDMenu</a> from chargingsystemmenu.o(i.EnterMaxVPDMenu) referenced from chargingsystemmenu.o(.constdata)
 <LI><a href="#[3e]">EnterPDOConfig</a> from setttingmainmenu.o(i.EnterPDOConfig) referenced from setttingmainmenu.o(.constdata)
 <LI><a href="#[3b]">EnterPSet</a> from setttingmainmenu.o(i.EnterPSet) referenced 2 times from setttingmainmenu.o(.constdata)
 <LI><a href="#[4e]">EnterPreChargeIset</a> from chargingsystemmenu.o(i.EnterPreChargeIset) referenced from chargingsystemmenu.o(.constdata)
 <LI><a href="#[50]">EnterRechargeSetMenu</a> from chargingsystemmenu.o(i.EnterRechargeSetMenu) referenced from chargingsystemmenu.o(.constdata)
 <LI><a href="#[49]">EnterResetFactory</a> from setttingmainmenu.o(i.EnterResetFactory) referenced from setttingmainmenu.o(.constdata)
 <LI><a href="#[8f]">EnterSafeAlmMode</a> from safetyalertmenu.o(i.EnterSafeAlmMode) referenced from safetyalertmenu.o(.constdata)
 <LI><a href="#[36]">EnterSecuCfg</a> from setttingmainmenu.o(i.EnterSecuCfg) referenced from setttingmainmenu.o(.constdata)
 <LI><a href="#[a7]">EnterSecuProc</a> from entersecusettingmenu.o(i.EnterSecuProc) referenced from entersecusettingmenu.o(.data)
 <LI><a href="#[9f]">EnterTCICAL</a> from typecgaugeconfigmenu.o(i.EnterTCICAL) referenced from typecgaugeconfigmenu.o(.constdata)
 <LI><a href="#[83]">EnterTCResetMenu</a> from typecconnreset.o(i.EnterTCResetMenu) referenced from typecconnreset.o(.constdata)
 <LI><a href="#[9e]">EnterTCVCAL</a> from typecgaugeconfigmenu.o(i.EnterTCVCAL) referenced from typecgaugeconfigmenu.o(.constdata)
 <LI><a href="#[3a]">EnterTset</a> from setttingmainmenu.o(i.EnterTset) referenced from setttingmainmenu.o(.constdata)
 <LI><a href="#[47]">EnterTypeCGaugeConfig</a> from setttingmainmenu.o(i.EnterTypeCGaugeConfig) referenced from setttingmainmenu.o(.constdata)
 <LI><a href="#[80]">ExitAdapterEmulation</a> from adapteremulationmenu.o(i.ExitAdapterEmulation) referenced from adapteremulationmenu.o(.constdata)
 <LI><a href="#[e]">FLASH_IRQHandler</a> from startup_ht32f5xxxx_01.o(RESET) referenced from startup_ht32f5xxxx_01.o(RESET)
 <LI><a href="#[96]">FedBalEnumValue</a> from balsysmenu.o(i.FedBalEnumValue) referenced from balsysmenu.o(.constdata)
 <LI><a href="#[85]">FedDisplayEnumValue</a> from displaydirmenu.o(i.FedDisplayEnumValue) referenced from displaydirmenu.o(.constdata)
 <LI><a href="#[8c]">FedIStopEnumValue</a> from istopmenu.o(i.FedIStopEnumValue) referenced 2 times from istopmenu.o(.constdata)
 <LI><a href="#[34]">FedLVEnumValue</a> from lvsetmenu.o(i.FedLVEnumValue) referenced from lvsetmenu.o(.constdata)
 <LI><a href="#[91]">FedMaxVPDEnumValue</a> from maxvpdconfigmenu.o(i.FedMaxVPDEnumValue) referenced from maxvpdconfigmenu.o(.constdata)
 <LI><a href="#[32]">FedPWREnumValue</a> from chargepowermenu.o(i.FedPWREnumValue) referenced 2 times from chargepowermenu.o(.constdata)
 <LI><a href="#[8a]">FedRechargeEnumValue</a> from vrechargemenu.o(i.FedRechargeEnumValue) referenced from vrechargemenu.o(.constdata)
 <LI><a href="#[a1]">FedTCSourceEnumValue</a> from typeccalibrationsource.o(i.FedTCSourceEnumValue) referenced from typeccalibrationsource.o(.constdata)
 <LI><a href="#[17]">GPTM0_IRQHandler</a> from ht32f5xxxx_01_it.o(i.GPTM0_IRQHandler) referenced from startup_ht32f5xxxx_01.o(RESET)
 <LI><a href="#[16]">GPTM1_IRQHandler</a> from startup_ht32f5xxxx_01.o(RESET) referenced from startup_ht32f5xxxx_01.o(RESET)
 <LI><a href="#[8]">HardFault_Handler</a> from ht32f5xxxx_01_it.o(i.HardFault_Handler) referenced from startup_ht32f5xxxx_01.o(RESET)
 <LI><a href="#[1c]">I2C0_IRQHandler</a> from startup_ht32f5xxxx_01.o(RESET) referenced from startup_ht32f5xxxx_01.o(RESET)
 <LI><a href="#[1d]">I2C1_IRQHandler</a> from startup_ht32f5xxxx_01.o(RESET) referenced from startup_ht32f5xxxx_01.o(RESET)
 <LI><a href="#[25]">I2S_IRQHandler</a> from startup_ht32f5xxxx_01.o(RESET) referenced from startup_ht32f5xxxx_01.o(RESET)
 <LI><a href="#[a3]">ICALMenuDummy</a> from typeccalibrationset.o(i.ICALMenuDummy) referenced from typeccalibrationset.o(.constdata)
 <LI><a href="#[65]">ISetMenuDummy</a> from setchargecurrentmenu.o(i.ISetMenuDummy) referenced from setchargecurrentmenu.o(.constdata)
 <LI><a href="#[66]">IntEditInitHandler</a> from inteditmenu.o(i.IntEditInitHandler) referenced 6 times from setchargecurrentmenu.o(.constdata)
 <LI><a href="#[c]">LVD_BOD_IRQHandler</a> from startup_ht32f5xxxx_01.o(RESET) referenced from startup_ht32f5xxxx_01.o(RESET)
 <LI><a href="#[93]">LargeMainMenuKeyProcess</a> from largemainmenu.o(i.LargeMainMenuKeyProcess) referenced from largemainmenu.o(.constdata)
 <LI><a href="#[92]">LargeMenuRenderProc</a> from largemainmenu.o(i.LargeMenuRenderProc) referenced from largemainmenu.o(.constdata)
 <LI><a href="#[35]">LeaveDisMgmtMenu</a> from dischargemgmtmenu.o(i.LeaveDisMgmtMenu) referenced 4 times from dischargemgmtmenu.o(.constdata)
 <LI><a href="#[35]">LeaveDisMgmtMenu</a> from dischargemgmtmenu.o(i.LeaveDisMgmtMenu) referenced from entersecusettingmenu.o(.data)
 <LI><a href="#[87]">LeaveICTMenu</a> from enableinstcaptmenu.o(i.LeaveICTMenu) referenced from enableinstcaptmenu.o(.constdata)
 <LI><a href="#[8e]">LeaveSafeAlmMenu</a> from safetyalertmenu.o(i.LeaveSafeAlmMenu) referenced from safetyalertmenu.o(.constdata)
 <LI><a href="#[15]">MCTM0_IRQHandler</a> from startup_ht32f5xxxx_01.o(RESET) referenced from startup_ht32f5xxxx_01.o(RESET)
 <LI><a href="#[30]">MainMenuKeyProcess</a> from mainmenu.o(i.MainMenuKeyProcess) referenced from mainmenu.o(.constdata)
 <LI><a href="#[2f]">MainMenuRenderProcess</a> from mainmenu.o(i.MainMenuRenderProcess) referenced from mainmenu.o(.constdata)
 <LI><a href="#[4a]">ManuallyShutSystemOFF</a> from setttingmainmenu.o(i.ManuallyShutSystemOFF) referenced 2 times from setttingmainmenu.o(.constdata)
 <LI><a href="#[7]">NMI_Handler</a> from ht32f5xxxx_01_it.o(i.NMI_Handler) referenced from startup_ht32f5xxxx_01.o(RESET)
 <LI><a href="#[27]">PDMA_CH0_1_IRQHandler</a> from ht32f5xxxx_01_it.o(i.PDMA_CH0_1_IRQHandler) referenced from startup_ht32f5xxxx_01.o(RESET)
 <LI><a href="#[28]">PDMA_CH2_5_IRQHandler</a> from startup_ht32f5xxxx_01.o(RESET) referenced from startup_ht32f5xxxx_01.o(RESET)
 <LI><a href="#[76]">PasswordEnterInit</a> from enterpasswordmenu.o(i.PasswordEnterInit) referenced 2 times from enteradvancedmodemenu.o(.constdata)
 <LI><a href="#[a]">PendSV_Handler</a> from ht32f5xxxx_01_it.o(i.PendSV_Handler) referenced from startup_ht32f5xxxx_01.o(RESET)
 <LI><a href="#[69]">PreISetMenuDummy</a> from prechargecurrentsetmenu.o(i.PreISetMenuDummy) referenced from prechargecurrentsetmenu.o(.constdata)
 <LI><a href="#[7a]">PrepareAboutRender</a> from aboutmenu.o(i.PrepareAboutRender) referenced from aboutmenu.o(.constdata)
 <LI><a href="#[74]">PreparePDO20VStr</a> from pdosetmenu.o(i.PreparePDO20VStr) referenced from pdosetmenu.o(.constdata)
 <LI><a href="#[d]">RTC_IRQHandler</a> from startup_ht32f5xxxx_01.o(RESET) referenced from startup_ht32f5xxxx_01.o(RESET)
 <LI><a href="#[95]">ReadBalEnumValue</a> from balsysmenu.o(i.ReadBalEnumValue) referenced from balsysmenu.o(.constdata)
 <LI><a href="#[84]">ReadDisplayEnumValue</a> from displaydirmenu.o(i.ReadDisplayEnumValue) referenced from displaydirmenu.o(.constdata)
 <LI><a href="#[8b]">ReadIStopEnumValue</a> from istopmenu.o(i.ReadIStopEnumValue) referenced 2 times from istopmenu.o(.constdata)
 <LI><a href="#[33]">ReadLVEnumValue</a> from lvsetmenu.o(i.ReadLVEnumValue) referenced from lvsetmenu.o(.constdata)
 <LI><a href="#[90]">ReadMaxVPDEnumValue</a> from maxvpdconfigmenu.o(i.ReadMaxVPDEnumValue) referenced from maxvpdconfigmenu.o(.constdata)
 <LI><a href="#[31]">ReadPWREnumValue</a> from chargepowermenu.o(i.ReadPWREnumValue) referenced 2 times from chargepowermenu.o(.constdata)
 <LI><a href="#[89]">ReadRechargeEnumValue</a> from vrechargemenu.o(i.ReadRechargeEnumValue) referenced from vrechargemenu.o(.constdata)
 <LI><a href="#[a0]">ReadTCSourceEnumValue</a> from typeccalibrationsource.o(i.ReadTCSourceEnumValue) referenced from typeccalibrationsource.o(.constdata)
 <LI><a href="#[58]">ResetCTest</a> from restorefactorysetmenu.o(i.ResetCTest) referenced from restorefactorysetmenu.o(.constdata)
 <LI><a href="#[56]">ResetCapTestSystem</a> from captestmenu.o(i.ResetCapTestSystem) referenced 2 times from captestmenu.o(.constdata)
 <LI><a href="#[71]">ResetChipMenuState</a> from viewchipstatemenu.o(i.ResetChipMenuState) referenced from viewchipstatemenu.o(.constdata)
 <LI><a href="#[6e]">ResetColHisMenuToUpper</a> from columgaugeviewmenu.o(i.ResetColHisMenuToUpper) referenced from columgaugeviewmenu.o(.constdata)
 <LI><a href="#[5e]">ResetColumData</a> from resetconfigmenu.o(i.ResetColumData) referenced from resetconfigmenu.o(.constdata)
 <LI><a href="#[59]">ResetColumGauge</a> from restorefactorysetmenu.o(i.ResetColumGauge) referenced 2 times from restorefactorysetmenu.o(.constdata)
 <LI><a href="#[63]">ResetHisMenuToUpper</a> from displaylastctestmenu.o(i.ResetHisMenuToUpper) referenced from displaylastctestmenu.o(.constdata)
 <LI><a href="#[99]">ResetManuBalModule</a> from manustartbalancemenu.o(i.ResetManuBalModule) referenced 2 times from manustartbalancemenu.o(.constdata)
 <LI><a href="#[57]">ResetSysCfg</a> from restorefactorysetmenu.o(i.ResetSysCfg) referenced from restorefactorysetmenu.o(.constdata)
 <LI><a href="#[6]">Reset_Handler</a> from startup_ht32f5xxxx_01.o(RESET) referenced from startup_ht32f5xxxx_01.o(RESET)
 <LI><a href="#[64]">ReturnFromIset</a> from setchargecurrentmenu.o(i.ReturnFromIset) referenced 2 times from setchargecurrentmenu.o(.constdata)
 <LI><a href="#[68]">ReturnFromPreIset</a> from prechargecurrentsetmenu.o(i.ReturnFromPreIset) referenced from prechargecurrentsetmenu.o(.constdata)
 <LI><a href="#[5a]">ReturnFromRSTMenu</a> from restorefactorysetmenu.o(i.ReturnFromRSTMenu) referenced from restorefactorysetmenu.o(.constdata)
 <LI><a href="#[6a]">ReturnFromVset</a> from chargevoltset.o(i.ReturnFromVset) referenced from chargevoltset.o(.constdata)
 <LI><a href="#[4c]">ReturnToMainMenu</a> from setttingmainmenu.o(i.ReturnToMainMenu) referenced from setttingmainmenu.o(.constdata)
 <LI><a href="#[53]">ReturnToMainSetMenu</a> from chargingsystemmenu.o(i.ReturnToMainSetMenu) referenced 2 times from chargingsystemmenu.o(.constdata)
 <LI><a href="#[a2]">ReturnToTCCalMenu</a> from typeccalibrationset.o(i.ReturnToTCCalMenu) referenced 2 times from typeccalibrationset.o(.constdata)
 <LI><a href="#[24]">SCI_IRQHandler</a> from startup_ht32f5xxxx_01.o(RESET) referenced from startup_ht32f5xxxx_01.o(RESET)
 <LI><a href="#[18]">SCTM0_IRQHandler</a> from startup_ht32f5xxxx_01.o(RESET) referenced from startup_ht32f5xxxx_01.o(RESET)
 <LI><a href="#[19]">SCTM1_IRQHandler</a> from startup_ht32f5xxxx_01.o(RESET) referenced from startup_ht32f5xxxx_01.o(RESET)
 <LI><a href="#[1e]">SPI0_IRQHandler</a> from startup_ht32f5xxxx_01.o(RESET) referenced from startup_ht32f5xxxx_01.o(RESET)
 <LI><a href="#[1f]">SPI1_IRQHandler</a> from startup_ht32f5xxxx_01.o(RESET) referenced from startup_ht32f5xxxx_01.o(RESET)
 <LI><a href="#[9]">SVC_Handler</a> from ht32f5xxxx_01_it.o(i.SVC_Handler) referenced from startup_ht32f5xxxx_01.o(RESET)
 <LI><a href="#[5f]">SelectResetCTest</a> from resetconfigmenu.o(i.SelectResetCTest) referenced from resetconfigmenu.o(.constdata)
 <LI><a href="#[60]">SelectResetConfig</a> from resetconfigmenu.o(i.SelectResetConfig) referenced from resetconfigmenu.o(.constdata)
 <LI><a href="#[37]">SendTCResetCommand</a> from setttingmainmenu.o(i.SendTCResetCommand) referenced 2 times from setttingmainmenu.o(.constdata)
 <LI><a href="#[38]">SetDisplayDir</a> from setttingmainmenu.o(i.SetDisplayDir) referenced 2 times from setttingmainmenu.o(.constdata)
 <LI><a href="#[61]">ShowCapHisGUI</a> from displaylastctestmenu.o(i.ShowCapHisGUI) referenced from displaylastctestmenu.o(.constdata)
 <LI><a href="#[6f]">ShowChipInfo</a> from viewchipstatemenu.o(i.ShowChipInfo) referenced from viewchipstatemenu.o(.constdata)
 <LI><a href="#[70]">ShowChipKeyHandler</a> from viewchipstatemenu.o(i.ShowChipKeyHandler) referenced from viewchipstatemenu.o(.constdata)
 <LI><a href="#[6c]">ShowColHisGUI</a> from columgaugeviewmenu.o(i.ShowColHisGUI) referenced from columgaugeviewmenu.o(.constdata)
 <LI><a href="#[b]">SysTick_Handler</a> from ht32f5xxxx_01_it.o(i.SysTick_Handler) referenced from startup_ht32f5xxxx_01.o(RESET)
 <LI><a href="#[2a]">SystemInit</a> from system_ht32f5xxxx_01.o(i.SystemInit) referenced from startup_ht32f5xxxx_01.o(RESET)
 <LI><a href="#[7c]">TSetMenuDummy</a> from otptempset.o(i.TSetMenuDummy) referenced from otptempset.o(.constdata)
 <LI><a href="#[82]">TypeCResetKeyHandler</a> from typecconnreset.o(i.TypeCResetKeyHandler) referenced from typecconnreset.o(.constdata)
 <LI><a href="#[81]">TypeCResetRender</a> from typecconnreset.o(i.TypeCResetRender) referenced from typecconnreset.o(.constdata)
 <LI><a href="#[22]">UART0_IRQHandler</a> from startup_ht32f5xxxx_01.o(RESET) referenced from startup_ht32f5xxxx_01.o(RESET)
 <LI><a href="#[23]">UART1_IRQHandler</a> from startup_ht32f5xxxx_01.o(RESET) referenced from startup_ht32f5xxxx_01.o(RESET)
 <LI><a href="#[20]">USART0_IRQHandler</a> from startup_ht32f5xxxx_01.o(RESET) referenced from startup_ht32f5xxxx_01.o(RESET)
 <LI><a href="#[21]">USART1_IRQHandler</a> from startup_ht32f5xxxx_01.o(RESET) referenced from startup_ht32f5xxxx_01.o(RESET)
 <LI><a href="#[26]">USB_IRQHandler</a> from startup_ht32f5xxxx_01.o(RESET) referenced from startup_ht32f5xxxx_01.o(RESET)
 <LI><a href="#[a4]">VCALMenuDummy</a> from typeccalibrationset.o(i.VCALMenuDummy) referenced from typeccalibrationset.o(.constdata)
 <LI><a href="#[6b]">VSetMenuDummy</a> from chargevoltset.o(i.VSetMenuDummy) referenced from chargevoltset.o(.constdata)
 <LI><a href="#[75]">VerifyPassWhenAdvMode</a> from enteradvancedmodemenu.o(i.VerifyPassWhenAdvMode) referenced from enteradvancedmodemenu.o(.constdata)
 <LI><a href="#[77]">VerifyPassWhenSecuEnter</a> from entersecusettingmenu.o(i.VerifyPassWhenSecuEnter) referenced from entersecusettingmenu.o(.constdata)
 <LI><a href="#[48]">ViewChipState</a> from setttingmainmenu.o(i.ViewChipState) referenced 2 times from setttingmainmenu.o(.constdata)
 <LI><a href="#[45]">ViewColData</a> from setttingmainmenu.o(i.ViewColData) referenced 2 times from setttingmainmenu.o(.constdata)
 <LI><a href="#[a8]">__main</a> from __main.o(!!!main) referenced from startup_ht32f5xxxx_01.o(RESET)
 <LI><a href="#[2e]">_printf_fp_dec_real</a> from _printf_fp_dec.o(.text) referenced from printf1.o(x$fpl$printf1)
 <LI><a href="#[2d]">_printf_input_char</a> from _printf_char_common.o(.text) referenced from _printf_char_common.o(.text)
 <LI><a href="#[2c]">_snputc</a> from _snputc.o(.text) referenced from noretval__2snprintf.o(.text)
</UL>
<P>
<H3>
Global Symbols
</H3>
<P><STRONG><a name="[6]"></a>Reset_Handler</STRONG> (Thumb, 12 bytes, Stack size 0 bytes, startup_ht32f5xxxx_01.o(RESET))
<BR>[Address Reference Count : 1]<UL><LI> startup_ht32f5xxxx_01.o(RESET)
</UL>
<P><STRONG><a name="[aa]"></a>AES_IRQHandler</STRONG> (Thumb, 0 bytes, Stack size 0 bytes, startup_ht32f5xxxx_01.o(RESET), UNUSED, KEPT)
<BR><BR>[Calls]<UL><LI><a href="#[aa]">&gt;&gt;</a>&nbsp;&nbsp;&nbsp;AES_IRQHandler
</UL>
<BR>[Called By]<UL><LI><a href="#[aa]">&gt;&gt;</a>&nbsp;&nbsp;&nbsp;AES_IRQHandler
</UL>

<P><STRONG><a name="[1a]"></a>BFTM0_IRQHandler</STRONG> (Thumb, 0 bytes, Stack size 0 bytes, startup_ht32f5xxxx_01.o(RESET))
<BR>[Address Reference Count : 1]<UL><LI> startup_ht32f5xxxx_01.o(RESET)
</UL>
<P><STRONG><a name="[1b]"></a>BFTM1_IRQHandler</STRONG> (Thumb, 0 bytes, Stack size 0 bytes, startup_ht32f5xxxx_01.o(RESET))
<BR>[Address Reference Count : 1]<UL><LI> startup_ht32f5xxxx_01.o(RESET)
</UL>
<P><STRONG><a name="[13]"></a>COMP_IRQHandler</STRONG> (Thumb, 0 bytes, Stack size 0 bytes, startup_ht32f5xxxx_01.o(RESET))
<BR>[Address Reference Count : 1]<UL><LI> startup_ht32f5xxxx_01.o(RESET)
</UL>
<P><STRONG><a name="[f]"></a>EVWUP_IRQHandler</STRONG> (Thumb, 0 bytes, Stack size 0 bytes, startup_ht32f5xxxx_01.o(RESET))
<BR>[Address Reference Count : 1]<UL><LI> startup_ht32f5xxxx_01.o(RESET)
</UL>
<P><STRONG><a name="[10]"></a>EXTI0_1_IRQHandler</STRONG> (Thumb, 0 bytes, Stack size 0 bytes, startup_ht32f5xxxx_01.o(RESET))
<BR>[Address Reference Count : 1]<UL><LI> startup_ht32f5xxxx_01.o(RESET)
</UL>
<P><STRONG><a name="[11]"></a>EXTI2_3_IRQHandler</STRONG> (Thumb, 0 bytes, Stack size 0 bytes, startup_ht32f5xxxx_01.o(RESET))
<BR>[Address Reference Count : 1]<UL><LI> startup_ht32f5xxxx_01.o(RESET)
</UL>
<P><STRONG><a name="[e]"></a>FLASH_IRQHandler</STRONG> (Thumb, 0 bytes, Stack size 0 bytes, startup_ht32f5xxxx_01.o(RESET))
<BR>[Address Reference Count : 1]<UL><LI> startup_ht32f5xxxx_01.o(RESET)
</UL>
<P><STRONG><a name="[16]"></a>GPTM1_IRQHandler</STRONG> (Thumb, 0 bytes, Stack size 0 bytes, startup_ht32f5xxxx_01.o(RESET))
<BR>[Address Reference Count : 1]<UL><LI> startup_ht32f5xxxx_01.o(RESET)
</UL>
<P><STRONG><a name="[1c]"></a>I2C0_IRQHandler</STRONG> (Thumb, 0 bytes, Stack size 0 bytes, startup_ht32f5xxxx_01.o(RESET))
<BR>[Address Reference Count : 1]<UL><LI> startup_ht32f5xxxx_01.o(RESET)
</UL>
<P><STRONG><a name="[1d]"></a>I2C1_IRQHandler</STRONG> (Thumb, 0 bytes, Stack size 0 bytes, startup_ht32f5xxxx_01.o(RESET))
<BR>[Address Reference Count : 1]<UL><LI> startup_ht32f5xxxx_01.o(RESET)
</UL>
<P><STRONG><a name="[ab]"></a>I2C2_IRQHandler</STRONG> (Thumb, 0 bytes, Stack size 0 bytes, startup_ht32f5xxxx_01.o(RESET), UNUSED, KEPT)

<P><STRONG><a name="[25]"></a>I2S_IRQHandler</STRONG> (Thumb, 0 bytes, Stack size 0 bytes, startup_ht32f5xxxx_01.o(RESET))
<BR>[Address Reference Count : 1]<UL><LI> startup_ht32f5xxxx_01.o(RESET)
</UL>
<P><STRONG><a name="[c]"></a>LVD_BOD_IRQHandler</STRONG> (Thumb, 0 bytes, Stack size 0 bytes, startup_ht32f5xxxx_01.o(RESET))
<BR>[Address Reference Count : 1]<UL><LI> startup_ht32f5xxxx_01.o(RESET)
</UL>
<P><STRONG><a name="[15]"></a>MCTM0_IRQHandler</STRONG> (Thumb, 0 bytes, Stack size 0 bytes, startup_ht32f5xxxx_01.o(RESET))
<BR>[Address Reference Count : 1]<UL><LI> startup_ht32f5xxxx_01.o(RESET)
</UL>
<P><STRONG><a name="[ac]"></a>MIDI_IRQHandler</STRONG> (Thumb, 0 bytes, Stack size 0 bytes, startup_ht32f5xxxx_01.o(RESET), UNUSED, KEPT)

<P><STRONG><a name="[28]"></a>PDMA_CH2_5_IRQHandler</STRONG> (Thumb, 0 bytes, Stack size 0 bytes, startup_ht32f5xxxx_01.o(RESET))
<BR>[Address Reference Count : 1]<UL><LI> startup_ht32f5xxxx_01.o(RESET)
</UL>
<P><STRONG><a name="[ad]"></a>PWM0_IRQHandler</STRONG> (Thumb, 0 bytes, Stack size 0 bytes, startup_ht32f5xxxx_01.o(RESET), UNUSED, KEPT)

<P><STRONG><a name="[ae]"></a>PWM1_IRQHandler</STRONG> (Thumb, 0 bytes, Stack size 0 bytes, startup_ht32f5xxxx_01.o(RESET), UNUSED, KEPT)

<P><STRONG><a name="[af]"></a>QSPI_IRQHandler</STRONG> (Thumb, 0 bytes, Stack size 0 bytes, startup_ht32f5xxxx_01.o(RESET), UNUSED, KEPT)

<P><STRONG><a name="[d]"></a>RTC_IRQHandler</STRONG> (Thumb, 0 bytes, Stack size 0 bytes, startup_ht32f5xxxx_01.o(RESET))
<BR>[Address Reference Count : 1]<UL><LI> startup_ht32f5xxxx_01.o(RESET)
</UL>
<P><STRONG><a name="[24]"></a>SCI_IRQHandler</STRONG> (Thumb, 0 bytes, Stack size 0 bytes, startup_ht32f5xxxx_01.o(RESET))
<BR>[Address Reference Count : 1]<UL><LI> startup_ht32f5xxxx_01.o(RESET)
</UL>
<P><STRONG><a name="[18]"></a>SCTM0_IRQHandler</STRONG> (Thumb, 0 bytes, Stack size 0 bytes, startup_ht32f5xxxx_01.o(RESET))
<BR>[Address Reference Count : 1]<UL><LI> startup_ht32f5xxxx_01.o(RESET)
</UL>
<P><STRONG><a name="[19]"></a>SCTM1_IRQHandler</STRONG> (Thumb, 0 bytes, Stack size 0 bytes, startup_ht32f5xxxx_01.o(RESET))
<BR>[Address Reference Count : 1]<UL><LI> startup_ht32f5xxxx_01.o(RESET)
</UL>
<P><STRONG><a name="[b0]"></a>SCTM2_IRQHandler</STRONG> (Thumb, 0 bytes, Stack size 0 bytes, startup_ht32f5xxxx_01.o(RESET), UNUSED, KEPT)

<P><STRONG><a name="[b1]"></a>SCTM3_IRQHandler</STRONG> (Thumb, 0 bytes, Stack size 0 bytes, startup_ht32f5xxxx_01.o(RESET), UNUSED, KEPT)

<P><STRONG><a name="[1e]"></a>SPI0_IRQHandler</STRONG> (Thumb, 0 bytes, Stack size 0 bytes, startup_ht32f5xxxx_01.o(RESET))
<BR>[Address Reference Count : 1]<UL><LI> startup_ht32f5xxxx_01.o(RESET)
</UL>
<P><STRONG><a name="[1f]"></a>SPI1_IRQHandler</STRONG> (Thumb, 0 bytes, Stack size 0 bytes, startup_ht32f5xxxx_01.o(RESET))
<BR>[Address Reference Count : 1]<UL><LI> startup_ht32f5xxxx_01.o(RESET)
</UL>
<P><STRONG><a name="[22]"></a>UART0_IRQHandler</STRONG> (Thumb, 0 bytes, Stack size 0 bytes, startup_ht32f5xxxx_01.o(RESET))
<BR>[Address Reference Count : 1]<UL><LI> startup_ht32f5xxxx_01.o(RESET)
</UL>
<P><STRONG><a name="[23]"></a>UART1_IRQHandler</STRONG> (Thumb, 0 bytes, Stack size 0 bytes, startup_ht32f5xxxx_01.o(RESET))
<BR>[Address Reference Count : 1]<UL><LI> startup_ht32f5xxxx_01.o(RESET)
</UL>
<P><STRONG><a name="[b2]"></a>UART2_IRQHandler</STRONG> (Thumb, 0 bytes, Stack size 0 bytes, startup_ht32f5xxxx_01.o(RESET), UNUSED, KEPT)

<P><STRONG><a name="[b3]"></a>UART3_IRQHandler</STRONG> (Thumb, 0 bytes, Stack size 0 bytes, startup_ht32f5xxxx_01.o(RESET), UNUSED, KEPT)

<P><STRONG><a name="[20]"></a>USART0_IRQHandler</STRONG> (Thumb, 0 bytes, Stack size 0 bytes, startup_ht32f5xxxx_01.o(RESET))
<BR>[Address Reference Count : 1]<UL><LI> startup_ht32f5xxxx_01.o(RESET)
</UL>
<P><STRONG><a name="[21]"></a>USART1_IRQHandler</STRONG> (Thumb, 0 bytes, Stack size 0 bytes, startup_ht32f5xxxx_01.o(RESET))
<BR>[Address Reference Count : 1]<UL><LI> startup_ht32f5xxxx_01.o(RESET)
</UL>
<P><STRONG><a name="[26]"></a>USB_IRQHandler</STRONG> (Thumb, 0 bytes, Stack size 0 bytes, startup_ht32f5xxxx_01.o(RESET))
<BR>[Address Reference Count : 1]<UL><LI> startup_ht32f5xxxx_01.o(RESET)
</UL>
<P><STRONG><a name="[a9]"></a>__user_initial_stackheap</STRONG> (Thumb, 0 bytes, Stack size unknown bytes, startup_ht32f5xxxx_01.o(RESET))
<BR><BR>[Called By]<UL><LI><a href="#[c0]">&gt;&gt;</a>&nbsp;&nbsp;&nbsp;__user_setup_stackheap
</UL>

<P><STRONG><a name="[a8]"></a>__main</STRONG> (Thumb, 8 bytes, Stack size 0 bytes, __main.o(!!!main))
<BR><BR>[Calls]<UL><LI><a href="#[b5]">&gt;&gt;</a>&nbsp;&nbsp;&nbsp;__rt_entry
<LI><a href="#[b4]">&gt;&gt;</a>&nbsp;&nbsp;&nbsp;__scatterload
</UL>

<P><STRONG><a name="[b4]"></a>__scatterload</STRONG> (Thumb, 0 bytes, Stack size unknown bytes, __scatter.o(!!!scatter))
<BR><BR>[Called By]<UL><LI><a href="#[a8]">&gt;&gt;</a>&nbsp;&nbsp;&nbsp;__main
</UL>

<P><STRONG><a name="[b6]"></a>__scatterload_rt2</STRONG> (Thumb, 52 bytes, Stack size unknown bytes, __scatter.o(!!!scatter), UNUSED)
<BR><BR>[Calls]<UL><LI><a href="#[b5]">&gt;&gt;</a>&nbsp;&nbsp;&nbsp;__rt_entry
</UL>

<P><STRONG><a name="[209]"></a>__scatterload_rt2_thumb_only</STRONG> (Thumb, 0 bytes, Stack size unknown bytes, __scatter.o(!!!scatter), UNUSED)

<P><STRONG><a name="[20a]"></a>__scatterload_null</STRONG> (Thumb, 0 bytes, Stack size unknown bytes, __scatter.o(!!!scatter), UNUSED)

<P><STRONG><a name="[b7]"></a>__scatterload_copy</STRONG> (Thumb, 26 bytes, Stack size unknown bytes, __scatter_copy.o(!!handler_copy), UNUSED)
<BR><BR>[Calls]<UL><LI><a href="#[b7]">&gt;&gt;</a>&nbsp;&nbsp;&nbsp;__scatterload_copy
</UL>
<BR>[Called By]<UL><LI><a href="#[b7]">&gt;&gt;</a>&nbsp;&nbsp;&nbsp;__scatterload_copy
</UL>

<P><STRONG><a name="[20b]"></a>__scatterload_zeroinit</STRONG> (Thumb, 28 bytes, Stack size unknown bytes, __scatter_zi.o(!!handler_zi), UNUSED)

<P><STRONG><a name="[cf]"></a>_printf_percent</STRONG> (Thumb, 0 bytes, Stack size unknown bytes, _printf_percent.o(.ARM.Collect$$_printf_percent$$00000000))
<BR><BR>[Called By]<UL><LI><a href="#[cd]">&gt;&gt;</a>&nbsp;&nbsp;&nbsp;__printf
</UL>

<P><STRONG><a name="[b8]"></a>_printf_f</STRONG> (Thumb, 0 bytes, Stack size unknown bytes, _printf_f.o(.ARM.Collect$$_printf_percent$$00000003))
<BR><BR>[Stack]<UL><LI>Max Depth = 8 + Unknown Stack Size
<LI>Call Chain = _printf_f &rArr; _printf_fp_dec
</UL>
<BR>[Calls]<UL><LI><a href="#[b9]">&gt;&gt;</a>&nbsp;&nbsp;&nbsp;_printf_percent_end
<LI><a href="#[ba]">&gt;&gt;</a>&nbsp;&nbsp;&nbsp;_printf_fp_dec
</UL>

<P><STRONG><a name="[b9]"></a>_printf_percent_end</STRONG> (Thumb, 0 bytes, Stack size unknown bytes, _printf_percent_end.o(.ARM.Collect$$_printf_percent$$00000017))
<BR><BR>[Called By]<UL><LI><a href="#[b8]">&gt;&gt;</a>&nbsp;&nbsp;&nbsp;_printf_f
</UL>

<P><STRONG><a name="[c2]"></a>__rt_lib_init</STRONG> (Thumb, 0 bytes, Stack size unknown bytes, libinit.o(.ARM.Collect$$libinit$$00000000))
<BR><BR>[Called By]<UL><LI><a href="#[c1]">&gt;&gt;</a>&nbsp;&nbsp;&nbsp;__rt_entry_li
</UL>

<P><STRONG><a name="[20c]"></a>__rt_lib_init_fp_1</STRONG> (Thumb, 0 bytes, Stack size unknown bytes, libinit2.o(.ARM.Collect$$libinit$$00000002))

<P><STRONG><a name="[20d]"></a>__rt_lib_init_heap_1</STRONG> (Thumb, 0 bytes, Stack size unknown bytes, libinit2.o(.ARM.Collect$$libinit$$0000000A))

<P><STRONG><a name="[bb]"></a>__rt_lib_init_lc_common</STRONG> (Thumb, 0 bytes, Stack size unknown bytes, libinit2.o(.ARM.Collect$$libinit$$0000000F))
<BR><BR>[Calls]<UL><LI><a href="#[bc]">&gt;&gt;</a>&nbsp;&nbsp;&nbsp;__rt_locale
</UL>

<P><STRONG><a name="[20e]"></a>__rt_lib_init_preinit_1</STRONG> (Thumb, 0 bytes, Stack size unknown bytes, libinit2.o(.ARM.Collect$$libinit$$00000004))

<P><STRONG><a name="[20f]"></a>__rt_lib_init_rand_1</STRONG> (Thumb, 0 bytes, Stack size unknown bytes, libinit2.o(.ARM.Collect$$libinit$$0000000E))

<P><STRONG><a name="[210]"></a>__rt_lib_init_user_alloc_1</STRONG> (Thumb, 0 bytes, Stack size unknown bytes, libinit2.o(.ARM.Collect$$libinit$$0000000C))

<P><STRONG><a name="[211]"></a>__rt_lib_init_lc_collate_1</STRONG> (Thumb, 0 bytes, Stack size unknown bytes, libinit2.o(.ARM.Collect$$libinit$$00000011))

<P><STRONG><a name="[212]"></a>__rt_lib_init_lc_ctype_1</STRONG> (Thumb, 0 bytes, Stack size unknown bytes, libinit2.o(.ARM.Collect$$libinit$$00000013))

<P><STRONG><a name="[213]"></a>__rt_lib_init_lc_monetary_1</STRONG> (Thumb, 0 bytes, Stack size unknown bytes, libinit2.o(.ARM.Collect$$libinit$$00000015))

<P><STRONG><a name="[bd]"></a>__rt_lib_init_lc_numeric_2</STRONG> (Thumb, 0 bytes, Stack size unknown bytes, libinit2.o(.ARM.Collect$$libinit$$00000016))
<BR><BR>[Stack]<UL><LI>Max Depth = 24 + Unknown Stack Size
<LI>Call Chain = __rt_lib_init_lc_numeric_2 &rArr; _get_lc_numeric &rArr; strcmp
</UL>
<BR>[Calls]<UL><LI><a href="#[be]">&gt;&gt;</a>&nbsp;&nbsp;&nbsp;_get_lc_numeric
</UL>

<P><STRONG><a name="[214]"></a>__rt_lib_init_alloca_1</STRONG> (Thumb, 0 bytes, Stack size unknown bytes, libinit2.o(.ARM.Collect$$libinit$$0000002E))

<P><STRONG><a name="[215]"></a>__rt_lib_init_argv_1</STRONG> (Thumb, 0 bytes, Stack size unknown bytes, libinit2.o(.ARM.Collect$$libinit$$0000002C))

<P><STRONG><a name="[216]"></a>__rt_lib_init_atexit_1</STRONG> (Thumb, 0 bytes, Stack size unknown bytes, libinit2.o(.ARM.Collect$$libinit$$0000001B))

<P><STRONG><a name="[217]"></a>__rt_lib_init_clock_1</STRONG> (Thumb, 0 bytes, Stack size unknown bytes, libinit2.o(.ARM.Collect$$libinit$$00000021))

<P><STRONG><a name="[218]"></a>__rt_lib_init_cpp_1</STRONG> (Thumb, 0 bytes, Stack size unknown bytes, libinit2.o(.ARM.Collect$$libinit$$00000032))

<P><STRONG><a name="[219]"></a>__rt_lib_init_exceptions_1</STRONG> (Thumb, 0 bytes, Stack size unknown bytes, libinit2.o(.ARM.Collect$$libinit$$00000030))

<P><STRONG><a name="[21a]"></a>__rt_lib_init_fp_trap_1</STRONG> (Thumb, 0 bytes, Stack size unknown bytes, libinit2.o(.ARM.Collect$$libinit$$0000001F))

<P><STRONG><a name="[21b]"></a>__rt_lib_init_getenv_1</STRONG> (Thumb, 0 bytes, Stack size unknown bytes, libinit2.o(.ARM.Collect$$libinit$$00000023))

<P><STRONG><a name="[21c]"></a>__rt_lib_init_lc_numeric_1</STRONG> (Thumb, 0 bytes, Stack size unknown bytes, libinit2.o(.ARM.Collect$$libinit$$00000017))

<P><STRONG><a name="[21d]"></a>__rt_lib_init_lc_time_1</STRONG> (Thumb, 0 bytes, Stack size unknown bytes, libinit2.o(.ARM.Collect$$libinit$$00000019))

<P><STRONG><a name="[21e]"></a>__rt_lib_init_return</STRONG> (Thumb, 0 bytes, Stack size unknown bytes, libinit2.o(.ARM.Collect$$libinit$$00000033))

<P><STRONG><a name="[21f]"></a>__rt_lib_init_signal_1</STRONG> (Thumb, 0 bytes, Stack size unknown bytes, libinit2.o(.ARM.Collect$$libinit$$0000001D))

<P><STRONG><a name="[220]"></a>__rt_lib_init_stdio_1</STRONG> (Thumb, 0 bytes, Stack size unknown bytes, libinit2.o(.ARM.Collect$$libinit$$00000025))

<P><STRONG><a name="[c7]"></a>__rt_lib_shutdown</STRONG> (Thumb, 0 bytes, Stack size unknown bytes, libshutdown.o(.ARM.Collect$$libshutdown$$00000000))
<BR><BR>[Called By]<UL><LI><a href="#[c6]">&gt;&gt;</a>&nbsp;&nbsp;&nbsp;__rt_exit_ls
</UL>

<P><STRONG><a name="[221]"></a>__rt_lib_shutdown_cpp_1</STRONG> (Thumb, 0 bytes, Stack size unknown bytes, libshutdown2.o(.ARM.Collect$$libshutdown$$00000002))

<P><STRONG><a name="[222]"></a>__rt_lib_shutdown_fp_trap_1</STRONG> (Thumb, 0 bytes, Stack size unknown bytes, libshutdown2.o(.ARM.Collect$$libshutdown$$00000007))

<P><STRONG><a name="[223]"></a>__rt_lib_shutdown_heap_1</STRONG> (Thumb, 0 bytes, Stack size unknown bytes, libshutdown2.o(.ARM.Collect$$libshutdown$$0000000F))

<P><STRONG><a name="[224]"></a>__rt_lib_shutdown_return</STRONG> (Thumb, 0 bytes, Stack size unknown bytes, libshutdown2.o(.ARM.Collect$$libshutdown$$00000010))

<P><STRONG><a name="[225]"></a>__rt_lib_shutdown_signal_1</STRONG> (Thumb, 0 bytes, Stack size unknown bytes, libshutdown2.o(.ARM.Collect$$libshutdown$$0000000A))

<P><STRONG><a name="[226]"></a>__rt_lib_shutdown_stdio_1</STRONG> (Thumb, 0 bytes, Stack size unknown bytes, libshutdown2.o(.ARM.Collect$$libshutdown$$00000004))

<P><STRONG><a name="[227]"></a>__rt_lib_shutdown_user_alloc_1</STRONG> (Thumb, 0 bytes, Stack size unknown bytes, libshutdown2.o(.ARM.Collect$$libshutdown$$0000000C))

<P><STRONG><a name="[b5]"></a>__rt_entry</STRONG> (Thumb, 0 bytes, Stack size unknown bytes, __rtentry.o(.ARM.Collect$$rtentry$$00000000))
<BR><BR>[Called By]<UL><LI><a href="#[a8]">&gt;&gt;</a>&nbsp;&nbsp;&nbsp;__main
<LI><a href="#[b6]">&gt;&gt;</a>&nbsp;&nbsp;&nbsp;__scatterload_rt2
</UL>

<P><STRONG><a name="[228]"></a>__rt_entry_presh_1</STRONG> (Thumb, 0 bytes, Stack size unknown bytes, __rtentry2.o(.ARM.Collect$$rtentry$$00000002))

<P><STRONG><a name="[bf]"></a>__rt_entry_sh</STRONG> (Thumb, 0 bytes, Stack size unknown bytes, __rtentry4.o(.ARM.Collect$$rtentry$$00000004))
<BR><BR>[Stack]<UL><LI>Max Depth = 8 + Unknown Stack Size
<LI>Call Chain = __rt_entry_sh &rArr; __user_setup_stackheap
</UL>
<BR>[Calls]<UL><LI><a href="#[c0]">&gt;&gt;</a>&nbsp;&nbsp;&nbsp;__user_setup_stackheap
</UL>

<P><STRONG><a name="[c1]"></a>__rt_entry_li</STRONG> (Thumb, 0 bytes, Stack size unknown bytes, __rtentry2.o(.ARM.Collect$$rtentry$$0000000A))
<BR><BR>[Calls]<UL><LI><a href="#[c2]">&gt;&gt;</a>&nbsp;&nbsp;&nbsp;__rt_lib_init
</UL>

<P><STRONG><a name="[229]"></a>__rt_entry_postsh_1</STRONG> (Thumb, 0 bytes, Stack size unknown bytes, __rtentry2.o(.ARM.Collect$$rtentry$$00000009))

<P><STRONG><a name="[c3]"></a>__rt_entry_main</STRONG> (Thumb, 0 bytes, Stack size unknown bytes, __rtentry2.o(.ARM.Collect$$rtentry$$0000000D))
<BR><BR>[Stack]<UL><LI>Max Depth = 456 + Unknown Stack Size
<LI>Call Chain = __rt_entry_main &rArr; main &rArr; RunLogModule_POR &rArr; ShowPostInfo &rArr; LCD_ShowHybridString &rArr; LCD_ShowChinese12x12 &rArr; LCD_Address_Set
</UL>
<BR>[Calls]<UL><LI><a href="#[c4]">&gt;&gt;</a>&nbsp;&nbsp;&nbsp;main
<LI><a href="#[c5]">&gt;&gt;</a>&nbsp;&nbsp;&nbsp;exit
</UL>

<P><STRONG><a name="[22a]"></a>__rt_entry_postli_1</STRONG> (Thumb, 0 bytes, Stack size unknown bytes, __rtentry2.o(.ARM.Collect$$rtentry$$0000000C))

<P><STRONG><a name="[101]"></a>__rt_exit</STRONG> (Thumb, 0 bytes, Stack size unknown bytes, rtexit.o(.ARM.Collect$$rtexit$$00000000))
<BR><BR>[Called By]<UL><LI><a href="#[c5]">&gt;&gt;</a>&nbsp;&nbsp;&nbsp;exit
</UL>

<P><STRONG><a name="[c6]"></a>__rt_exit_ls</STRONG> (Thumb, 0 bytes, Stack size unknown bytes, rtexit2.o(.ARM.Collect$$rtexit$$00000003))
<BR><BR>[Calls]<UL><LI><a href="#[c7]">&gt;&gt;</a>&nbsp;&nbsp;&nbsp;__rt_lib_shutdown
</UL>

<P><STRONG><a name="[22b]"></a>__rt_exit_prels_1</STRONG> (Thumb, 0 bytes, Stack size unknown bytes, rtexit2.o(.ARM.Collect$$rtexit$$00000002))

<P><STRONG><a name="[c8]"></a>__rt_exit_exit</STRONG> (Thumb, 0 bytes, Stack size unknown bytes, rtexit2.o(.ARM.Collect$$rtexit$$00000004))
<BR><BR>[Calls]<UL><LI><a href="#[c9]">&gt;&gt;</a>&nbsp;&nbsp;&nbsp;_sys_exit
</UL>

<P><STRONG><a name="[ca]"></a>__2snprintf</STRONG> (Thumb, 50 bytes, Stack size 32 bytes, noretval__2snprintf.o(.text))
<BR><BR>[Stack]<UL><LI>Max Depth = 128 + Unknown Stack Size
<LI>Call Chain = __2snprintf &rArr; _printf_char_common &rArr; __printf
</UL>
<BR>[Calls]<UL><LI><a href="#[cc]">&gt;&gt;</a>&nbsp;&nbsp;&nbsp;_sputc
<LI><a href="#[cb]">&gt;&gt;</a>&nbsp;&nbsp;&nbsp;_printf_char_common
</UL>
<BR>[Called By]<UL><LI><a href="#[89]">&gt;&gt;</a>&nbsp;&nbsp;&nbsp;ReadRechargeEnumValue
</UL>

<P><STRONG><a name="[cd]"></a>__printf</STRONG> (Thumb, 270 bytes, Stack size 32 bytes, __printf_wp.o(.text))
<BR><BR>[Stack]<UL><LI>Max Depth = 32 + Unknown Stack Size
<LI>Call Chain = __printf
</UL>
<BR>[Calls]<UL><LI><a href="#[cf]">&gt;&gt;</a>&nbsp;&nbsp;&nbsp;_printf_percent
<LI><a href="#[ce]">&gt;&gt;</a>&nbsp;&nbsp;&nbsp;_is_digit
</UL>
<BR>[Called By]<UL><LI><a href="#[cb]">&gt;&gt;</a>&nbsp;&nbsp;&nbsp;_printf_char_common
</UL>

<P><STRONG><a name="[1c5]"></a>strncmp</STRONG> (Thumb, 154 bytes, Stack size 20 bytes, strncmp.o(.text))
<BR><BR>[Stack]<UL><LI>Max Depth = 20<LI>Call Chain = strncmp
</UL>
<BR>[Called By]<UL><LI><a href="#[1cc]">&gt;&gt;</a>&nbsp;&nbsp;&nbsp;RunLogModule_POR
<LI><a href="#[1c4]">&gt;&gt;</a>&nbsp;&nbsp;&nbsp;PassWordMenuRender
</UL>

<P><STRONG><a name="[d1]"></a>_memset_w</STRONG> (Thumb, 26 bytes, Stack size 0 bytes, rt_memclr.o(.text))
<BR><BR>[Called By]<UL><LI><a href="#[d3]">&gt;&gt;</a>&nbsp;&nbsp;&nbsp;__rt_memclr_w
<LI><a href="#[d0]">&gt;&gt;</a>&nbsp;&nbsp;&nbsp;_memset
</UL>

<P><STRONG><a name="[d0]"></a>_memset</STRONG> (Thumb, 30 bytes, Stack size 0 bytes, rt_memclr.o(.text))
<BR><BR>[Calls]<UL><LI><a href="#[d1]">&gt;&gt;</a>&nbsp;&nbsp;&nbsp;_memset_w
</UL>
<BR>[Called By]<UL><LI><a href="#[d2]">&gt;&gt;</a>&nbsp;&nbsp;&nbsp;__aeabi_memclr
</UL>

<P><STRONG><a name="[d2]"></a>__aeabi_memclr</STRONG> (Thumb, 4 bytes, Stack size 0 bytes, rt_memclr.o(.text))
<BR><BR>[Calls]<UL><LI><a href="#[d0]">&gt;&gt;</a>&nbsp;&nbsp;&nbsp;_memset
</UL>
<BR>[Called By]<UL><LI><a href="#[89]">&gt;&gt;</a>&nbsp;&nbsp;&nbsp;ReadRechargeEnumValue
<LI><a href="#[74]">&gt;&gt;</a>&nbsp;&nbsp;&nbsp;PreparePDO20VStr
</UL>

<P><STRONG><a name="[d5]"></a>__rt_memclr</STRONG> (Thumb, 0 bytes, Stack size 0 bytes, rt_memclr.o(.text))
<BR><BR>[Called By]<UL><LI><a href="#[d4]">&gt;&gt;</a>&nbsp;&nbsp;&nbsp;strncpy
</UL>

<P><STRONG><a name="[22c]"></a>__aeabi_memclr4</STRONG> (Thumb, 0 bytes, Stack size 0 bytes, rt_memclr.o(.text), UNUSED)

<P><STRONG><a name="[22d]"></a>__aeabi_memclr8</STRONG> (Thumb, 0 bytes, Stack size 0 bytes, rt_memclr.o(.text), UNUSED)

<P><STRONG><a name="[d3]"></a>__rt_memclr_w</STRONG> (Thumb, 4 bytes, Stack size 0 bytes, rt_memclr.o(.text), UNUSED)
<BR><BR>[Calls]<UL><LI><a href="#[d1]">&gt;&gt;</a>&nbsp;&nbsp;&nbsp;_memset_w
</UL>

<P><STRONG><a name="[d4]"></a>strncpy</STRONG> (Thumb, 104 bytes, Stack size 24 bytes, strncpy.o(.text))
<BR><BR>[Stack]<UL><LI>Max Depth = 24<LI>Call Chain = strncpy
</UL>
<BR>[Calls]<UL><LI><a href="#[d5]">&gt;&gt;</a>&nbsp;&nbsp;&nbsp;__rt_memclr
</UL>
<BR>[Called By]<UL><LI><a href="#[1cc]">&gt;&gt;</a>&nbsp;&nbsp;&nbsp;RunLogModule_POR
<LI><a href="#[164]">&gt;&gt;</a>&nbsp;&nbsp;&nbsp;ResetRunTimeLogArea
<LI><a href="#[74]">&gt;&gt;</a>&nbsp;&nbsp;&nbsp;PreparePDO20VStr
<LI><a href="#[1bd]">&gt;&gt;</a>&nbsp;&nbsp;&nbsp;LogDataSectionInit
</UL>

<P><STRONG><a name="[22e]"></a>__aeabi_uidiv</STRONG> (Thumb, 0 bytes, Stack size 0 bytes, aeabi_sdivfast.o(.text), UNUSED)

<P><STRONG><a name="[109]"></a>__aeabi_uidivmod</STRONG> (Thumb, 28 bytes, Stack size 0 bytes, aeabi_sdivfast.o(.text))
<BR><BR>[Called By]<UL><LI><a href="#[104]">&gt;&gt;</a>&nbsp;&nbsp;&nbsp;ADC_GetResult
<LI><a href="#[128]">&gt;&gt;</a>&nbsp;&nbsp;&nbsp;LCD_ShowIntNum
<LI><a href="#[129]">&gt;&gt;</a>&nbsp;&nbsp;&nbsp;LCD_ShowChinese12x12
<LI><a href="#[121]">&gt;&gt;</a>&nbsp;&nbsp;&nbsp;LCD_ShowChar
<LI><a href="#[54]">&gt;&gt;</a>&nbsp;&nbsp;&nbsp;CTestGUIHandler
</UL>

<P><STRONG><a name="[22f]"></a>__aeabi_idiv</STRONG> (Thumb, 0 bytes, Stack size 8 bytes, aeabi_sdivfast.o(.text), UNUSED)

<P><STRONG><a name="[f6]"></a>__aeabi_idivmod</STRONG> (Thumb, 460 bytes, Stack size 8 bytes, aeabi_sdivfast.o(.text))
<BR><BR>[Stack]<UL><LI>Max Depth = 8<LI>Call Chain = __aeabi_idivmod
</UL>
<BR>[Called By]<UL><LI><a href="#[1cc]">&gt;&gt;</a>&nbsp;&nbsp;&nbsp;RunLogModule_POR
<LI><a href="#[126]">&gt;&gt;</a>&nbsp;&nbsp;&nbsp;LCD_ShowFloatNum1
<LI><a href="#[130]">&gt;&gt;</a>&nbsp;&nbsp;&nbsp;ForceWriteRuntimelog
<LI><a href="#[1d5]">&gt;&gt;</a>&nbsp;&nbsp;&nbsp;ShowTimeCode
<LI><a href="#[198]">&gt;&gt;</a>&nbsp;&nbsp;&nbsp;IP2366_UpdateFullVoltage
<LI><a href="#[18f]">&gt;&gt;</a>&nbsp;&nbsp;&nbsp;IP2366_SetInputState
<LI><a href="#[161]">&gt;&gt;</a>&nbsp;&nbsp;&nbsp;IP2366_SetICCMax
<LI><a href="#[9a]">&gt;&gt;</a>&nbsp;&nbsp;&nbsp;AutoBalMenuRenderHandler
<LI><a href="#[97]">&gt;&gt;</a>&nbsp;&nbsp;&nbsp;BalMenuGUIHandler
<LI><a href="#[1b9]">&gt;&gt;</a>&nbsp;&nbsp;&nbsp;RenderBattState
<LI><a href="#[e9]">&gt;&gt;</a>&nbsp;&nbsp;&nbsp;_btod_etento
</UL>

<P><STRONG><a name="[230]"></a>__use_two_region_memory</STRONG> (Thumb, 2 bytes, Stack size 0 bytes, heapauxi.o(.text), UNUSED)

<P><STRONG><a name="[231]"></a>__rt_heap_escrow$2region</STRONG> (Thumb, 2 bytes, Stack size 0 bytes, heapauxi.o(.text), UNUSED)

<P><STRONG><a name="[232]"></a>__rt_heap_expand$2region</STRONG> (Thumb, 2 bytes, Stack size 0 bytes, heapauxi.o(.text), UNUSED)

<P><STRONG><a name="[10e]"></a>__aeabi_d2f</STRONG> (Thumb, 0 bytes, Stack size 12 bytes, d2f.o(.text))
<BR><BR>[Stack]<UL><LI>Max Depth = 12<LI>Call Chain = __aeabi_d2f
</UL>
<BR>[Called By]<UL><LI><a href="#[170]">&gt;&gt;</a>&nbsp;&nbsp;&nbsp;HPPowerGuage_Start
<LI><a href="#[104]">&gt;&gt;</a>&nbsp;&nbsp;&nbsp;ADC_GetResult
<LI><a href="#[174]">&gt;&gt;</a>&nbsp;&nbsp;&nbsp;INA226_GetBusInformation
<LI><a href="#[188]">&gt;&gt;</a>&nbsp;&nbsp;&nbsp;IP2366_GetVBUSState
<LI><a href="#[7f]">&gt;&gt;</a>&nbsp;&nbsp;&nbsp;EnterAdapterEmulation
<LI><a href="#[7d]">&gt;&gt;</a>&nbsp;&nbsp;&nbsp;AdapterEmuRender
</UL>

<P><STRONG><a name="[233]"></a>_d2f</STRONG> (Thumb, 120 bytes, Stack size 12 bytes, d2f.o(.text), UNUSED)

<P><STRONG><a name="[114]"></a>__aeabi_dadd</STRONG> (Thumb, 0 bytes, Stack size 8 bytes, daddsub.o(.text))
<BR><BR>[Stack]<UL><LI>Max Depth = 8<LI>Call Chain = __aeabi_dadd
</UL>
<BR>[Called By]<UL><LI><a href="#[104]">&gt;&gt;</a>&nbsp;&nbsp;&nbsp;ADC_GetResult
<LI><a href="#[7f]">&gt;&gt;</a>&nbsp;&nbsp;&nbsp;EnterAdapterEmulation
<LI><a href="#[7d]">&gt;&gt;</a>&nbsp;&nbsp;&nbsp;AdapterEmuRender
<LI><a href="#[1eb]">&gt;&gt;</a>&nbsp;&nbsp;&nbsp;__kernel_poly
<LI><a href="#[1ef]">&gt;&gt;</a>&nbsp;&nbsp;&nbsp;__mathlib_dbl_infnan2
<LI><a href="#[1c2]">&gt;&gt;</a>&nbsp;&nbsp;&nbsp;pow
<LI><a href="#[113]">&gt;&gt;</a>&nbsp;&nbsp;&nbsp;log
</UL>

<P><STRONG><a name="[d6]"></a>_dadd</STRONG> (Thumb, 26 bytes, Stack size 8 bytes, daddsub.o(.text), UNUSED)
<BR><BR>[Calls]<UL><LI><a href="#[d7]">&gt;&gt;</a>&nbsp;&nbsp;&nbsp;_dsub1
<LI><a href="#[d8]">&gt;&gt;</a>&nbsp;&nbsp;&nbsp;_dadd1
</UL>

<P><STRONG><a name="[10d]"></a>__aeabi_dsub</STRONG> (Thumb, 0 bytes, Stack size 8 bytes, daddsub.o(.text))
<BR><BR>[Stack]<UL><LI>Max Depth = 8<LI>Call Chain = __aeabi_dsub
</UL>
<BR>[Called By]<UL><LI><a href="#[104]">&gt;&gt;</a>&nbsp;&nbsp;&nbsp;ADC_GetResult
<LI><a href="#[89]">&gt;&gt;</a>&nbsp;&nbsp;&nbsp;ReadRechargeEnumValue
<LI><a href="#[1c2]">&gt;&gt;</a>&nbsp;&nbsp;&nbsp;pow
<LI><a href="#[113]">&gt;&gt;</a>&nbsp;&nbsp;&nbsp;log
</UL>

<P><STRONG><a name="[d9]"></a>_dsub</STRONG> (Thumb, 22 bytes, Stack size 8 bytes, daddsub.o(.text), UNUSED)
<BR><BR>[Calls]<UL><LI><a href="#[d7]">&gt;&gt;</a>&nbsp;&nbsp;&nbsp;_dsub1
<LI><a href="#[d8]">&gt;&gt;</a>&nbsp;&nbsp;&nbsp;_dadd1
</UL>

<P><STRONG><a name="[111]"></a>__aeabi_drsub</STRONG> (Thumb, 0 bytes, Stack size 16 bytes, daddsub.o(.text))
<BR><BR>[Stack]<UL><LI>Max Depth = 16<LI>Call Chain = __aeabi_drsub
</UL>
<BR>[Called By]<UL><LI><a href="#[104]">&gt;&gt;</a>&nbsp;&nbsp;&nbsp;ADC_GetResult
<LI><a href="#[1c2]">&gt;&gt;</a>&nbsp;&nbsp;&nbsp;pow
<LI><a href="#[113]">&gt;&gt;</a>&nbsp;&nbsp;&nbsp;log
</UL>

<P><STRONG><a name="[da]"></a>_drsb</STRONG> (Thumb, 28 bytes, Stack size 16 bytes, daddsub.o(.text), UNUSED)
<BR><BR>[Calls]<UL><LI><a href="#[d7]">&gt;&gt;</a>&nbsp;&nbsp;&nbsp;_dsub1
<LI><a href="#[d8]">&gt;&gt;</a>&nbsp;&nbsp;&nbsp;_dadd1
</UL>

<P><STRONG><a name="[112]"></a>__aeabi_ddiv</STRONG> (Thumb, 0 bytes, Stack size 64 bytes, ddiv.o(.text))
<BR><BR>[Stack]<UL><LI>Max Depth = 64<LI>Call Chain = __aeabi_ddiv
</UL>
<BR>[Called By]<UL><LI><a href="#[104]">&gt;&gt;</a>&nbsp;&nbsp;&nbsp;ADC_GetResult
<LI><a href="#[171]">&gt;&gt;</a>&nbsp;&nbsp;&nbsp;INA226_INIT
<LI><a href="#[174]">&gt;&gt;</a>&nbsp;&nbsp;&nbsp;INA226_GetBusInformation
<LI><a href="#[188]">&gt;&gt;</a>&nbsp;&nbsp;&nbsp;IP2366_GetVBUSState
<LI><a href="#[1f0]">&gt;&gt;</a>&nbsp;&nbsp;&nbsp;__mathlib_dbl_invalid
<LI><a href="#[1ec]">&gt;&gt;</a>&nbsp;&nbsp;&nbsp;__mathlib_dbl_divzero
<LI><a href="#[1c2]">&gt;&gt;</a>&nbsp;&nbsp;&nbsp;pow
<LI><a href="#[113]">&gt;&gt;</a>&nbsp;&nbsp;&nbsp;log
</UL>

<P><STRONG><a name="[dc]"></a>_ddiv</STRONG> (Thumb, 1072 bytes, Stack size 64 bytes, ddiv.o(.text), UNUSED)
<BR><BR>[Called By]<UL><LI><a href="#[db]">&gt;&gt;</a>&nbsp;&nbsp;&nbsp;_drdiv
</UL>

<P><STRONG><a name="[db]"></a>_drdiv</STRONG> (Thumb, 20 bytes, Stack size 16 bytes, ddiv.o(.text), UNUSED)
<BR><BR>[Calls]<UL><LI><a href="#[dc]">&gt;&gt;</a>&nbsp;&nbsp;&nbsp;_ddiv
</UL>

<P><STRONG><a name="[180]"></a>__aeabi_d2uiz</STRONG> (Thumb, 0 bytes, Stack size 8 bytes, dfixui.o(.text))
<BR><BR>[Stack]<UL><LI>Max Depth = 8<LI>Call Chain = __aeabi_d2uiz
</UL>
<BR>[Called By]<UL><LI><a href="#[171]">&gt;&gt;</a>&nbsp;&nbsp;&nbsp;INA226_INIT
</UL>

<P><STRONG><a name="[234]"></a>_dfixu</STRONG> (Thumb, 68 bytes, Stack size 8 bytes, dfixui.o(.text), UNUSED)

<P><STRONG><a name="[de]"></a>__aeabi_i2d_normalise</STRONG> (Thumb, 66 bytes, Stack size 0 bytes, dflti.o(.text))
<BR><BR>[Called By]<UL><LI><a href="#[df]">&gt;&gt;</a>&nbsp;&nbsp;&nbsp;__aeabi_ui2d
<LI><a href="#[dd]">&gt;&gt;</a>&nbsp;&nbsp;&nbsp;__aeabi_i2d
</UL>

<P><STRONG><a name="[dd]"></a>__aeabi_i2d</STRONG> (Thumb, 16 bytes, Stack size 0 bytes, dflti.o(.text))
<BR><BR>[Calls]<UL><LI><a href="#[de]">&gt;&gt;</a>&nbsp;&nbsp;&nbsp;__aeabi_i2d_normalise
</UL>
<BR>[Called By]<UL><LI><a href="#[17f]">&gt;&gt;</a>&nbsp;&nbsp;&nbsp;PMBUS_2NPowCalc
<LI><a href="#[1c2]">&gt;&gt;</a>&nbsp;&nbsp;&nbsp;pow
<LI><a href="#[113]">&gt;&gt;</a>&nbsp;&nbsp;&nbsp;log
</UL>

<P><STRONG><a name="[235]"></a>_dflt</STRONG> (Thumb, 0 bytes, Stack size 0 bytes, dflti.o(.text), UNUSED)

<P><STRONG><a name="[df]"></a>__aeabi_ui2d</STRONG> (Thumb, 6 bytes, Stack size 0 bytes, dflti.o(.text), UNUSED)
<BR><BR>[Calls]<UL><LI><a href="#[de]">&gt;&gt;</a>&nbsp;&nbsp;&nbsp;__aeabi_i2d_normalise
</UL>

<P><STRONG><a name="[236]"></a>_dfltu</STRONG> (Thumb, 0 bytes, Stack size 0 bytes, dflti.o(.text), UNUSED)

<P><STRONG><a name="[10c]"></a>__aeabi_dmul</STRONG> (Thumb, 0 bytes, Stack size 56 bytes, dmul.o(.text))
<BR><BR>[Stack]<UL><LI>Max Depth = 56<LI>Call Chain = __aeabi_dmul
</UL>
<BR>[Called By]<UL><LI><a href="#[104]">&gt;&gt;</a>&nbsp;&nbsp;&nbsp;ADC_GetResult
<LI><a href="#[171]">&gt;&gt;</a>&nbsp;&nbsp;&nbsp;INA226_INIT
<LI><a href="#[174]">&gt;&gt;</a>&nbsp;&nbsp;&nbsp;INA226_GetBusInformation
<LI><a href="#[89]">&gt;&gt;</a>&nbsp;&nbsp;&nbsp;ReadRechargeEnumValue
<LI><a href="#[1eb]">&gt;&gt;</a>&nbsp;&nbsp;&nbsp;__kernel_poly
<LI><a href="#[1c2]">&gt;&gt;</a>&nbsp;&nbsp;&nbsp;pow
<LI><a href="#[113]">&gt;&gt;</a>&nbsp;&nbsp;&nbsp;log
</UL>

<P><STRONG><a name="[237]"></a>_dmul</STRONG> (Thumb, 558 bytes, Stack size 56 bytes, dmul.o(.text), UNUSED)

<P><STRONG><a name="[10b]"></a>__aeabi_f2d</STRONG> (Thumb, 0 bytes, Stack size 0 bytes, f2d.o(.text))
<BR><BR>[Called By]<UL><LI><a href="#[104]">&gt;&gt;</a>&nbsp;&nbsp;&nbsp;ADC_GetResult
<LI><a href="#[171]">&gt;&gt;</a>&nbsp;&nbsp;&nbsp;INA226_INIT
<LI><a href="#[174]">&gt;&gt;</a>&nbsp;&nbsp;&nbsp;INA226_GetBusInformation
<LI><a href="#[188]">&gt;&gt;</a>&nbsp;&nbsp;&nbsp;IP2366_GetVBUSState
<LI><a href="#[89]">&gt;&gt;</a>&nbsp;&nbsp;&nbsp;ReadRechargeEnumValue
<LI><a href="#[7f]">&gt;&gt;</a>&nbsp;&nbsp;&nbsp;EnterAdapterEmulation
<LI><a href="#[7d]">&gt;&gt;</a>&nbsp;&nbsp;&nbsp;AdapterEmuRender
</UL>

<P><STRONG><a name="[238]"></a>_f2d</STRONG> (Thumb, 80 bytes, Stack size 0 bytes, f2d.o(.text), UNUSED)

<P><STRONG><a name="[10f]"></a>__aeabi_fdiv</STRONG> (Thumb, 0 bytes, Stack size 20 bytes, fdiv.o(.text))
<BR><BR>[Stack]<UL><LI>Max Depth = 20<LI>Call Chain = __aeabi_fdiv
</UL>
<BR>[Called By]<UL><LI><a href="#[1de]">&gt;&gt;</a>&nbsp;&nbsp;&nbsp;UpdataRunTimeLog
<LI><a href="#[12b]">&gt;&gt;</a>&nbsp;&nbsp;&nbsp;ShowPostInfo
<LI><a href="#[196]">&gt;&gt;</a>&nbsp;&nbsp;&nbsp;IP2366_Telem
<LI><a href="#[142]">&gt;&gt;</a>&nbsp;&nbsp;&nbsp;CTestFSMHandler
<LI><a href="#[13f]">&gt;&gt;</a>&nbsp;&nbsp;&nbsp;CTestAverageACC
<LI><a href="#[104]">&gt;&gt;</a>&nbsp;&nbsp;&nbsp;ADC_GetResult
<LI><a href="#[175]">&gt;&gt;</a>&nbsp;&nbsp;&nbsp;IntEditHandler
<LI><a href="#[174]">&gt;&gt;</a>&nbsp;&nbsp;&nbsp;INA226_GetBusInformation
<LI><a href="#[199]">&gt;&gt;</a>&nbsp;&nbsp;&nbsp;IP2366_getCurrentChargeParam
<LI><a href="#[189]">&gt;&gt;</a>&nbsp;&nbsp;&nbsp;IP2366_GetVRecharge
<LI><a href="#[188]">&gt;&gt;</a>&nbsp;&nbsp;&nbsp;IP2366_GetVBUSState
<LI><a href="#[163]">&gt;&gt;</a>&nbsp;&nbsp;&nbsp;DisplayCapacity
<LI><a href="#[162]">&gt;&gt;</a>&nbsp;&nbsp;&nbsp;DisplayAh
<LI><a href="#[1d4]">&gt;&gt;</a>&nbsp;&nbsp;&nbsp;ShowUpperPart
<LI><a href="#[54]">&gt;&gt;</a>&nbsp;&nbsp;&nbsp;CTestGUIHandler
<LI><a href="#[2f]">&gt;&gt;</a>&nbsp;&nbsp;&nbsp;MainMenuRenderProcess
<LI><a href="#[1ba]">&gt;&gt;</a>&nbsp;&nbsp;&nbsp;LargeMenu_DisplayAh
<LI><a href="#[89]">&gt;&gt;</a>&nbsp;&nbsp;&nbsp;ReadRechargeEnumValue
</UL>

<P><STRONG><a name="[e1]"></a>_fdiv</STRONG> (Thumb, 334 bytes, Stack size 20 bytes, fdiv.o(.text), UNUSED)
<BR><BR>[Called By]<UL><LI><a href="#[e0]">&gt;&gt;</a>&nbsp;&nbsp;&nbsp;_frdiv
</UL>

<P><STRONG><a name="[e0]"></a>_frdiv</STRONG> (Thumb, 8 bytes, Stack size 0 bytes, fdiv.o(.text), UNUSED)
<BR><BR>[Calls]<UL><LI><a href="#[e1]">&gt;&gt;</a>&nbsp;&nbsp;&nbsp;_fdiv
</UL>

<P><STRONG><a name="[127]"></a>__aeabi_f2iz</STRONG> (Thumb, 0 bytes, Stack size 8 bytes, ffixi.o(.text))
<BR><BR>[Stack]<UL><LI>Max Depth = 8<LI>Call Chain = __aeabi_f2iz
</UL>
<BR>[Called By]<UL><LI><a href="#[12b]">&gt;&gt;</a>&nbsp;&nbsp;&nbsp;ShowPostInfo
<LI><a href="#[145]">&gt;&gt;</a>&nbsp;&nbsp;&nbsp;iroundf
<LI><a href="#[126]">&gt;&gt;</a>&nbsp;&nbsp;&nbsp;LCD_ShowFloatNum1
<LI><a href="#[175]">&gt;&gt;</a>&nbsp;&nbsp;&nbsp;IntEditHandler
<LI><a href="#[7d]">&gt;&gt;</a>&nbsp;&nbsp;&nbsp;AdapterEmuRender
</UL>

<P><STRONG><a name="[239]"></a>_ffix</STRONG> (Thumb, 76 bytes, Stack size 8 bytes, ffixi.o(.text), UNUSED)

<P><STRONG><a name="[e3]"></a>__aeabi_i2f_normalise</STRONG> (Thumb, 72 bytes, Stack size 0 bytes, fflti.o(.text))
<BR><BR>[Called By]<UL><LI><a href="#[e4]">&gt;&gt;</a>&nbsp;&nbsp;&nbsp;__aeabi_ui2f
<LI><a href="#[e2]">&gt;&gt;</a>&nbsp;&nbsp;&nbsp;__aeabi_i2f
</UL>

<P><STRONG><a name="[e2]"></a>__aeabi_i2f</STRONG> (Thumb, 16 bytes, Stack size 0 bytes, fflti.o(.text))
<BR><BR>[Calls]<UL><LI><a href="#[e3]">&gt;&gt;</a>&nbsp;&nbsp;&nbsp;__aeabi_i2f_normalise
</UL>
<BR>[Called By]<UL><LI><a href="#[1dc]">&gt;&gt;</a>&nbsp;&nbsp;&nbsp;SysOverHeatProt
<LI><a href="#[196]">&gt;&gt;</a>&nbsp;&nbsp;&nbsp;IP2366_Telem
<LI><a href="#[145]">&gt;&gt;</a>&nbsp;&nbsp;&nbsp;iroundf
<LI><a href="#[175]">&gt;&gt;</a>&nbsp;&nbsp;&nbsp;IntEditHandler
<LI><a href="#[174]">&gt;&gt;</a>&nbsp;&nbsp;&nbsp;INA226_GetBusInformation
<LI><a href="#[188]">&gt;&gt;</a>&nbsp;&nbsp;&nbsp;IP2366_GetVBUSState
<LI><a href="#[6c]">&gt;&gt;</a>&nbsp;&nbsp;&nbsp;ShowColHisGUI
<LI><a href="#[1d3]">&gt;&gt;</a>&nbsp;&nbsp;&nbsp;ShowLowerPart
<LI><a href="#[89]">&gt;&gt;</a>&nbsp;&nbsp;&nbsp;ReadRechargeEnumValue
</UL>

<P><STRONG><a name="[23a]"></a>_fflt</STRONG> (Thumb, 0 bytes, Stack size 0 bytes, fflti.o(.text), UNUSED)

<P><STRONG><a name="[e4]"></a>__aeabi_ui2f</STRONG> (Thumb, 6 bytes, Stack size 0 bytes, fflti.o(.text))
<BR><BR>[Calls]<UL><LI><a href="#[e3]">&gt;&gt;</a>&nbsp;&nbsp;&nbsp;__aeabi_i2f_normalise
</UL>
<BR>[Called By]<UL><LI><a href="#[12b]">&gt;&gt;</a>&nbsp;&nbsp;&nbsp;ShowPostInfo
<LI><a href="#[104]">&gt;&gt;</a>&nbsp;&nbsp;&nbsp;ADC_GetResult
<LI><a href="#[126]">&gt;&gt;</a>&nbsp;&nbsp;&nbsp;LCD_ShowFloatNum1
<LI><a href="#[174]">&gt;&gt;</a>&nbsp;&nbsp;&nbsp;INA226_GetBusInformation
<LI><a href="#[199]">&gt;&gt;</a>&nbsp;&nbsp;&nbsp;IP2366_getCurrentChargeParam
<LI><a href="#[189]">&gt;&gt;</a>&nbsp;&nbsp;&nbsp;IP2366_GetVRecharge
</UL>

<P><STRONG><a name="[23b]"></a>_ffltu</STRONG> (Thumb, 0 bytes, Stack size 0 bytes, fflti.o(.text), UNUSED)

<P><STRONG><a name="[140]"></a>__ARM_scalbnf</STRONG> (Thumb, 64 bytes, Stack size 8 bytes, fscalbn.o(.text))
<BR><BR>[Stack]<UL><LI>Max Depth = 8<LI>Call Chain = __ARM_scalbnf
</UL>
<BR>[Called By]<UL><LI><a href="#[1de]">&gt;&gt;</a>&nbsp;&nbsp;&nbsp;UpdataRunTimeLog
<LI><a href="#[13f]">&gt;&gt;</a>&nbsp;&nbsp;&nbsp;CTestAverageACC
<LI><a href="#[1d3]">&gt;&gt;</a>&nbsp;&nbsp;&nbsp;ShowLowerPart
</UL>

<P><STRONG><a name="[e5]"></a>__read_errno</STRONG> (Thumb, 10 bytes, Stack size 8 bytes, _rserrno.o(.text), UNUSED)
<BR><BR>[Calls]<UL><LI><a href="#[e6]">&gt;&gt;</a>&nbsp;&nbsp;&nbsp;__aeabi_errno_addr
</UL>

<P><STRONG><a name="[e7]"></a>__set_errno</STRONG> (Thumb, 12 bytes, Stack size 8 bytes, _rserrno.o(.text))
<BR><BR>[Stack]<UL><LI>Max Depth = 8<LI>Call Chain = __set_errno
</UL>
<BR>[Calls]<UL><LI><a href="#[e6]">&gt;&gt;</a>&nbsp;&nbsp;&nbsp;__aeabi_errno_addr
</UL>
<BR>[Called By]<UL><LI><a href="#[1fc]">&gt;&gt;</a>&nbsp;&nbsp;&nbsp;sqrt
<LI><a href="#[1c2]">&gt;&gt;</a>&nbsp;&nbsp;&nbsp;pow
<LI><a href="#[113]">&gt;&gt;</a>&nbsp;&nbsp;&nbsp;log
</UL>

<P><STRONG><a name="[23c]"></a>__lib_sel_fp_printf</STRONG> (Thumb, 2 bytes, Stack size 0 bytes, _printf_fp_dec.o(.text), UNUSED)

<P><STRONG><a name="[2e]"></a>_printf_fp_dec_real</STRONG> (Thumb, 620 bytes, Stack size 96 bytes, _printf_fp_dec.o(.text))
<BR><BR>[Stack]<UL><LI>Max Depth = 368<LI>Call Chain = _printf_fp_dec_real &rArr; _fp_digits &rArr; _btod_etento &rArr; _btod_emul &rArr; btod_internal_mul &rArr; __ARM_common_ll_muluu
</UL>
<BR>[Calls]<UL><LI><a href="#[f0]">&gt;&gt;</a>&nbsp;&nbsp;&nbsp;__rt_udiv10
<LI><a href="#[ef]">&gt;&gt;</a>&nbsp;&nbsp;&nbsp;_printf_fp_infnan
<LI><a href="#[bc]">&gt;&gt;</a>&nbsp;&nbsp;&nbsp;__rt_locale
<LI><a href="#[ee]">&gt;&gt;</a>&nbsp;&nbsp;&nbsp;__ARM_fpclassify
<LI><a href="#[f1]">&gt;&gt;</a>&nbsp;&nbsp;&nbsp;_printf_pre_padding (Weak Reference)
<LI><a href="#[f2]">&gt;&gt;</a>&nbsp;&nbsp;&nbsp;_printf_post_padding (Weak Reference)
<LI><a href="#[e8]">&gt;&gt;</a>&nbsp;&nbsp;&nbsp;_fp_digits
</UL>
<BR>[Address Reference Count : 1]<UL><LI> printf1.o(x$fpl$printf1)
</UL>
<P><STRONG><a name="[cb]"></a>_printf_char_common</STRONG> (Thumb, 32 bytes, Stack size 64 bytes, _printf_char_common.o(.text))
<BR><BR>[Stack]<UL><LI>Max Depth = 96 + Unknown Stack Size
<LI>Call Chain = _printf_char_common &rArr; __printf
</UL>
<BR>[Calls]<UL><LI><a href="#[cd]">&gt;&gt;</a>&nbsp;&nbsp;&nbsp;__printf
</UL>
<BR>[Called By]<UL><LI><a href="#[ca]">&gt;&gt;</a>&nbsp;&nbsp;&nbsp;__2snprintf
</UL>

<P><STRONG><a name="[cc]"></a>_sputc</STRONG> (Thumb, 10 bytes, Stack size 0 bytes, _sputc.o(.text))
<BR><BR>[Called By]<UL><LI><a href="#[ca]">&gt;&gt;</a>&nbsp;&nbsp;&nbsp;__2snprintf
</UL>

<P><STRONG><a name="[2c]"></a>_snputc</STRONG> (Thumb, 16 bytes, Stack size 0 bytes, _snputc.o(.text))
<BR>[Address Reference Count : 1]<UL><LI> noretval__2snprintf.o(.text)
</UL>
<P><STRONG><a name="[1ee]"></a>__ARM_scalbn</STRONG> (Thumb, 84 bytes, Stack size 16 bytes, dscalbn.o(.text))
<BR><BR>[Stack]<UL><LI>Max Depth = 16<LI>Call Chain = __ARM_scalbn
</UL>
<BR>[Called By]<UL><LI><a href="#[1f2]">&gt;&gt;</a>&nbsp;&nbsp;&nbsp;__mathlib_dbl_underflow
<LI><a href="#[1f1]">&gt;&gt;</a>&nbsp;&nbsp;&nbsp;__mathlib_dbl_overflow
<LI><a href="#[1ed]">&gt;&gt;</a>&nbsp;&nbsp;&nbsp;__mathlib_dbl_infnan
<LI><a href="#[1c2]">&gt;&gt;</a>&nbsp;&nbsp;&nbsp;pow
<LI><a href="#[113]">&gt;&gt;</a>&nbsp;&nbsp;&nbsp;log
</UL>

<P><STRONG><a name="[f3]"></a>__fpl_fcmp_InfNaN</STRONG> (Thumb, 96 bytes, Stack size 8 bytes, fcmpin.o(.text), UNUSED)
<BR><BR>[Calls]<UL><LI><a href="#[f5]">&gt;&gt;</a>&nbsp;&nbsp;&nbsp;__fpl_fcheck_NaN2
<LI><a href="#[f4]">&gt;&gt;</a>&nbsp;&nbsp;&nbsp;__fpl_cmpreturn
</UL>
<BR>[Called By]<UL><LI><a href="#[205]">&gt;&gt;</a>&nbsp;&nbsp;&nbsp;_frcmple
<LI><a href="#[204]">&gt;&gt;</a>&nbsp;&nbsp;&nbsp;_fcmple
</UL>

<P><STRONG><a name="[bc]"></a>__rt_locale</STRONG> (Thumb, 8 bytes, Stack size 0 bytes, rt_locale_intlibspace.o(.text))
<BR><BR>[Called By]<UL><LI><a href="#[bb]">&gt;&gt;</a>&nbsp;&nbsp;&nbsp;__rt_lib_init_lc_common
<LI><a href="#[2e]">&gt;&gt;</a>&nbsp;&nbsp;&nbsp;_printf_fp_dec_real
</UL>

<P><STRONG><a name="[e6]"></a>__aeabi_errno_addr</STRONG> (Thumb, 8 bytes, Stack size 0 bytes, rt_errno_addr_intlibspace.o(.text))
<BR><BR>[Called By]<UL><LI><a href="#[e7]">&gt;&gt;</a>&nbsp;&nbsp;&nbsp;__set_errno
<LI><a href="#[e5]">&gt;&gt;</a>&nbsp;&nbsp;&nbsp;__read_errno
</UL>

<P><STRONG><a name="[23d]"></a>__errno$intlibspace</STRONG> (Thumb, 0 bytes, Stack size 0 bytes, rt_errno_addr_intlibspace.o(.text), UNUSED)

<P><STRONG><a name="[23e]"></a>__rt_errno_addr$intlibspace</STRONG> (Thumb, 0 bytes, Stack size 0 bytes, rt_errno_addr_intlibspace.o(.text), UNUSED)

<P><STRONG><a name="[ed]"></a>_ll_udiv10</STRONG> (Thumb, 122 bytes, Stack size 16 bytes, lludiv10.o(.text))
<BR><BR>[Stack]<UL><LI>Max Depth = 16<LI>Call Chain = _ll_udiv10
</UL>
<BR>[Called By]<UL><LI><a href="#[e8]">&gt;&gt;</a>&nbsp;&nbsp;&nbsp;_fp_digits
</UL>

<P><STRONG><a name="[ef]"></a>_printf_fp_infnan</STRONG> (Thumb, 120 bytes, Stack size 24 bytes, _printf_fp_infnan.o(.text))
<BR><BR>[Stack]<UL><LI>Max Depth = 24<LI>Call Chain = _printf_fp_infnan
</UL>
<BR>[Calls]<UL><LI><a href="#[f1]">&gt;&gt;</a>&nbsp;&nbsp;&nbsp;_printf_pre_padding (Weak Reference)
<LI><a href="#[f2]">&gt;&gt;</a>&nbsp;&nbsp;&nbsp;_printf_post_padding (Weak Reference)
</UL>
<BR>[Called By]<UL><LI><a href="#[2e]">&gt;&gt;</a>&nbsp;&nbsp;&nbsp;_printf_fp_dec_real
</UL>

<P><STRONG><a name="[e9]"></a>_btod_etento</STRONG> (Thumb, 210 bytes, Stack size 72 bytes, bigflt0.o(.text))
<BR><BR>[Stack]<UL><LI>Max Depth = 176<LI>Call Chain = _btod_etento &rArr; _btod_emul &rArr; btod_internal_mul &rArr; __ARM_common_ll_muluu
</UL>
<BR>[Calls]<UL><LI><a href="#[eb]">&gt;&gt;</a>&nbsp;&nbsp;&nbsp;_btod_ediv
<LI><a href="#[ec]">&gt;&gt;</a>&nbsp;&nbsp;&nbsp;_btod_emul
<LI><a href="#[f6]">&gt;&gt;</a>&nbsp;&nbsp;&nbsp;__aeabi_idivmod
</UL>
<BR>[Called By]<UL><LI><a href="#[e8]">&gt;&gt;</a>&nbsp;&nbsp;&nbsp;_fp_digits
</UL>

<P><STRONG><a name="[ea]"></a>_btod_d2e</STRONG> (Thumb, 64 bytes, Stack size 8 bytes, btod.o(.text))
<BR><BR>[Stack]<UL><LI>Max Depth = 8<LI>Call Chain = _btod_d2e
</UL>
<BR>[Called By]<UL><LI><a href="#[e8]">&gt;&gt;</a>&nbsp;&nbsp;&nbsp;_fp_digits
</UL>

<P><STRONG><a name="[ec]"></a>_btod_emul</STRONG> (Thumb, 28 bytes, Stack size 24 bytes, btod.o(.text))
<BR><BR>[Stack]<UL><LI>Max Depth = 104<LI>Call Chain = _btod_emul &rArr; btod_internal_mul &rArr; __ARM_common_ll_muluu
</UL>
<BR>[Calls]<UL><LI><a href="#[f7]">&gt;&gt;</a>&nbsp;&nbsp;&nbsp;btod_internal_mul
</UL>
<BR>[Called By]<UL><LI><a href="#[e9]">&gt;&gt;</a>&nbsp;&nbsp;&nbsp;_btod_etento
<LI><a href="#[e8]">&gt;&gt;</a>&nbsp;&nbsp;&nbsp;_fp_digits
</UL>

<P><STRONG><a name="[f9]"></a>_btod_emuld</STRONG> (Thumb, 144 bytes, Stack size 56 bytes, btod.o(.text), UNUSED)
<BR><BR>[Calls]<UL><LI><a href="#[f7]">&gt;&gt;</a>&nbsp;&nbsp;&nbsp;btod_internal_mul
</UL>

<P><STRONG><a name="[eb]"></a>_btod_ediv</STRONG> (Thumb, 26 bytes, Stack size 24 bytes, btod.o(.text))
<BR><BR>[Stack]<UL><LI>Max Depth = 88<LI>Call Chain = _btod_ediv &rArr; btod_internal_div
</UL>
<BR>[Calls]<UL><LI><a href="#[fa]">&gt;&gt;</a>&nbsp;&nbsp;&nbsp;btod_internal_div
</UL>
<BR>[Called By]<UL><LI><a href="#[e9]">&gt;&gt;</a>&nbsp;&nbsp;&nbsp;_btod_etento
<LI><a href="#[e8]">&gt;&gt;</a>&nbsp;&nbsp;&nbsp;_fp_digits
</UL>

<P><STRONG><a name="[fb]"></a>_btod_edivd</STRONG> (Thumb, 124 bytes, Stack size 56 bytes, btod.o(.text), UNUSED)
<BR><BR>[Calls]<UL><LI><a href="#[fa]">&gt;&gt;</a>&nbsp;&nbsp;&nbsp;btod_internal_div
</UL>

<P><STRONG><a name="[f0]"></a>__rt_udiv10</STRONG> (Thumb, 40 bytes, Stack size 0 bytes, rtudiv10.o(.text))
<BR><BR>[Called By]<UL><LI><a href="#[2e]">&gt;&gt;</a>&nbsp;&nbsp;&nbsp;_printf_fp_dec_real
</UL>

<P><STRONG><a name="[f4]"></a>__fpl_cmpreturn</STRONG> (Thumb, 46 bytes, Stack size 0 bytes, cmpret.o(.text), UNUSED)
<BR><BR>[Called By]<UL><LI><a href="#[fe]">&gt;&gt;</a>&nbsp;&nbsp;&nbsp;__fpl_return_NaN
<LI><a href="#[fc]">&gt;&gt;</a>&nbsp;&nbsp;&nbsp;__fpl_dcmp_InfNaN
<LI><a href="#[f3]">&gt;&gt;</a>&nbsp;&nbsp;&nbsp;__fpl_fcmp_InfNaN
</UL>

<P><STRONG><a name="[fc]"></a>__fpl_dcmp_InfNaN</STRONG> (Thumb, 140 bytes, Stack size 24 bytes, dcmpin.o(.text), UNUSED)
<BR><BR>[Calls]<UL><LI><a href="#[fd]">&gt;&gt;</a>&nbsp;&nbsp;&nbsp;__fpl_dcheck_NaN2
<LI><a href="#[f4]">&gt;&gt;</a>&nbsp;&nbsp;&nbsp;__fpl_cmpreturn
</UL>
<BR>[Called By]<UL><LI><a href="#[201]">&gt;&gt;</a>&nbsp;&nbsp;&nbsp;_drcmple
<LI><a href="#[200]">&gt;&gt;</a>&nbsp;&nbsp;&nbsp;_dcmpeq
</UL>

<P><STRONG><a name="[1fe]"></a>_dsqrt</STRONG> (Thumb, 248 bytes, Stack size 20 bytes, dsqrt.o(.text))
<BR><BR>[Stack]<UL><LI>Max Depth = 20<LI>Call Chain = _dsqrt
</UL>
<BR>[Called By]<UL><LI><a href="#[1fc]">&gt;&gt;</a>&nbsp;&nbsp;&nbsp;sqrt
</UL>

<P><STRONG><a name="[f5]"></a>__fpl_fcheck_NaN2</STRONG> (Thumb, 10 bytes, Stack size 8 bytes, fnan2.o(.text), UNUSED)
<BR><BR>[Calls]<UL><LI><a href="#[fe]">&gt;&gt;</a>&nbsp;&nbsp;&nbsp;__fpl_return_NaN
</UL>
<BR>[Called By]<UL><LI><a href="#[f3]">&gt;&gt;</a>&nbsp;&nbsp;&nbsp;__fpl_fcmp_InfNaN
</UL>

<P><STRONG><a name="[23f]"></a>__user_libspace</STRONG> (Thumb, 8 bytes, Stack size 0 bytes, libspace.o(.text), UNUSED)

<P><STRONG><a name="[ff]"></a>__user_perproc_libspace</STRONG> (Thumb, 0 bytes, Stack size 0 bytes, libspace.o(.text))
<BR><BR>[Called By]<UL><LI><a href="#[c0]">&gt;&gt;</a>&nbsp;&nbsp;&nbsp;__user_setup_stackheap
</UL>

<P><STRONG><a name="[240]"></a>__user_perthread_libspace</STRONG> (Thumb, 0 bytes, Stack size 0 bytes, libspace.o(.text), UNUSED)

<P><STRONG><a name="[c0]"></a>__user_setup_stackheap</STRONG> (Thumb, 62 bytes, Stack size 8 bytes, sys_stackheap_outer.o(.text))
<BR><BR>[Stack]<UL><LI>Max Depth = 8 + Unknown Stack Size
<LI>Call Chain = __user_setup_stackheap
</UL>
<BR>[Calls]<UL><LI><a href="#[a9]">&gt;&gt;</a>&nbsp;&nbsp;&nbsp;__user_initial_stackheap
<LI><a href="#[ff]">&gt;&gt;</a>&nbsp;&nbsp;&nbsp;__user_perproc_libspace
</UL>
<BR>[Called By]<UL><LI><a href="#[bf]">&gt;&gt;</a>&nbsp;&nbsp;&nbsp;__rt_entry_sh
</UL>

<P><STRONG><a name="[c5]"></a>exit</STRONG> (Thumb, 16 bytes, Stack size 8 bytes, exit.o(.text))
<BR><BR>[Stack]<UL><LI>Max Depth = 8 + Unknown Stack Size
<LI>Call Chain = exit
</UL>
<BR>[Calls]<UL><LI><a href="#[101]">&gt;&gt;</a>&nbsp;&nbsp;&nbsp;__rt_exit
<LI><a href="#[100]">&gt;&gt;</a>&nbsp;&nbsp;&nbsp;_call_atexit_fns (Weak Reference)
</UL>
<BR>[Called By]<UL><LI><a href="#[c3]">&gt;&gt;</a>&nbsp;&nbsp;&nbsp;__rt_entry_main
</UL>

<P><STRONG><a name="[1ff]"></a>strcmp</STRONG> (Thumb, 160 bytes, Stack size 16 bytes, strcmpv6m.o(.text))
<BR><BR>[Stack]<UL><LI>Max Depth = 16<LI>Call Chain = strcmp
</UL>
<BR>[Called By]<UL><LI><a href="#[be]">&gt;&gt;</a>&nbsp;&nbsp;&nbsp;_get_lc_numeric
</UL>

<P><STRONG><a name="[fd]"></a>__fpl_dcheck_NaN2</STRONG> (Thumb, 14 bytes, Stack size 8 bytes, dnan2.o(.text), UNUSED)
<BR><BR>[Calls]<UL><LI><a href="#[fe]">&gt;&gt;</a>&nbsp;&nbsp;&nbsp;__fpl_return_NaN
</UL>
<BR>[Called By]<UL><LI><a href="#[fc]">&gt;&gt;</a>&nbsp;&nbsp;&nbsp;__fpl_dcmp_InfNaN
</UL>

<P><STRONG><a name="[fe]"></a>__fpl_return_NaN</STRONG> (Thumb, 94 bytes, Stack size 8 bytes, retnan.o(.text), UNUSED)
<BR><BR>[Calls]<UL><LI><a href="#[f4]">&gt;&gt;</a>&nbsp;&nbsp;&nbsp;__fpl_cmpreturn
</UL>
<BR>[Called By]<UL><LI><a href="#[fd]">&gt;&gt;</a>&nbsp;&nbsp;&nbsp;__fpl_dcheck_NaN2
<LI><a href="#[f5]">&gt;&gt;</a>&nbsp;&nbsp;&nbsp;__fpl_fcheck_NaN2
</UL>

<P><STRONG><a name="[c9]"></a>_sys_exit</STRONG> (Thumb, 8 bytes, Stack size 0 bytes, sys_exit.o(.text))
<BR><BR>[Called By]<UL><LI><a href="#[c8]">&gt;&gt;</a>&nbsp;&nbsp;&nbsp;__rt_exit_exit
</UL>

<P><STRONG><a name="[241]"></a>__I$use$semihosting</STRONG> (Thumb, 0 bytes, Stack size 0 bytes, use_no_semi.o(.text), UNUSED)

<P><STRONG><a name="[242]"></a>__use_no_semihosting_swi</STRONG> (Thumb, 2 bytes, Stack size 0 bytes, use_no_semi.o(.text), UNUSED)

<P><STRONG><a name="[103]"></a>ADC_ClearIntPendingBit</STRONG> (Thumb, 6 bytes, Stack size 0 bytes, ht32f5xxxx_adc.o(i.ADC_ClearIntPendingBit))
<BR><BR>[Called By]<UL><LI><a href="#[102]">&gt;&gt;</a>&nbsp;&nbsp;&nbsp;ADC_EOC_interrupt_Callback
</UL>

<P><STRONG><a name="[243]"></a>__semihosting_library_function</STRONG> (Thumb, 0 bytes, Stack size 0 bytes, indicate_semi.o(.text), UNUSED)

<P><STRONG><a name="[1a4]"></a>ADC_Cmd</STRONG> (Thumb, 18 bytes, Stack size 0 bytes, ht32f5xxxx_adc.o(i.ADC_Cmd))
<BR><BR>[Called By]<UL><LI><a href="#[19d]">&gt;&gt;</a>&nbsp;&nbsp;&nbsp;InternalADC_Init
</UL>

<P><STRONG><a name="[102]"></a>ADC_EOC_interrupt_Callback</STRONG> (Thumb, 18 bytes, Stack size 8 bytes, adc.o(i.ADC_EOC_interrupt_Callback))
<BR><BR>[Stack]<UL><LI>Max Depth = 8<LI>Call Chain = ADC_EOC_interrupt_Callback
</UL>
<BR>[Calls]<UL><LI><a href="#[103]">&gt;&gt;</a>&nbsp;&nbsp;&nbsp;ADC_ClearIntPendingBit
</UL>
<BR>[Called By]<UL><LI><a href="#[14]">&gt;&gt;</a>&nbsp;&nbsp;&nbsp;ADC_IRQHandler
</UL>

<P><STRONG><a name="[118]"></a>ADC_GetIntStatus</STRONG> (Thumb, 12 bytes, Stack size 0 bytes, ht32f5xxxx_adc.o(i.ADC_GetIntStatus))
<BR><BR>[Called By]<UL><LI><a href="#[14]">&gt;&gt;</a>&nbsp;&nbsp;&nbsp;ADC_IRQHandler
</UL>

<P><STRONG><a name="[104]"></a>ADC_GetResult</STRONG> (Thumb, 464 bytes, Stack size 40 bytes, adc.o(i.ADC_GetResult))
<BR><BR>[Stack]<UL><LI>Max Depth = 200<LI>Call Chain = ADC_GetResult &rArr; log &rArr; __kernel_poly &rArr; __aeabi_dmul
</UL>
<BR>[Calls]<UL><LI><a href="#[107]">&gt;&gt;</a>&nbsp;&nbsp;&nbsp;ADC_SoftwareStartConvCmd
<LI><a href="#[105]">&gt;&gt;</a>&nbsp;&nbsp;&nbsp;ADC_RegularGroupConfig
<LI><a href="#[106]">&gt;&gt;</a>&nbsp;&nbsp;&nbsp;ADC_RegularChannelConfig
<LI><a href="#[116]">&gt;&gt;</a>&nbsp;&nbsp;&nbsp;GPIO_ClearOutBits
<LI><a href="#[108]">&gt;&gt;</a>&nbsp;&nbsp;&nbsp;delay_us
<LI><a href="#[117]">&gt;&gt;</a>&nbsp;&nbsp;&nbsp;GPIO_SetOutBits
<LI><a href="#[110]">&gt;&gt;</a>&nbsp;&nbsp;&nbsp;GPIO_ReadOutBit
<LI><a href="#[113]">&gt;&gt;</a>&nbsp;&nbsp;&nbsp;log
<LI><a href="#[10a]">&gt;&gt;</a>&nbsp;&nbsp;&nbsp;__aeabi_fmul
<LI><a href="#[e4]">&gt;&gt;</a>&nbsp;&nbsp;&nbsp;__aeabi_ui2f
<LI><a href="#[10f]">&gt;&gt;</a>&nbsp;&nbsp;&nbsp;__aeabi_fdiv
<LI><a href="#[115]">&gt;&gt;</a>&nbsp;&nbsp;&nbsp;__aeabi_fadd
<LI><a href="#[10b]">&gt;&gt;</a>&nbsp;&nbsp;&nbsp;__aeabi_f2d
<LI><a href="#[10c]">&gt;&gt;</a>&nbsp;&nbsp;&nbsp;__aeabi_dmul
<LI><a href="#[112]">&gt;&gt;</a>&nbsp;&nbsp;&nbsp;__aeabi_ddiv
<LI><a href="#[111]">&gt;&gt;</a>&nbsp;&nbsp;&nbsp;__aeabi_drsub
<LI><a href="#[10d]">&gt;&gt;</a>&nbsp;&nbsp;&nbsp;__aeabi_dsub
<LI><a href="#[114]">&gt;&gt;</a>&nbsp;&nbsp;&nbsp;__aeabi_dadd
<LI><a href="#[10e]">&gt;&gt;</a>&nbsp;&nbsp;&nbsp;__aeabi_d2f
<LI><a href="#[109]">&gt;&gt;</a>&nbsp;&nbsp;&nbsp;__aeabi_uidivmod
</UL>
<BR>[Called By]<UL><LI><a href="#[19d]">&gt;&gt;</a>&nbsp;&nbsp;&nbsp;InternalADC_Init
<LI><a href="#[18b]">&gt;&gt;</a>&nbsp;&nbsp;&nbsp;IP2366_PostInit
<LI><a href="#[c4]">&gt;&gt;</a>&nbsp;&nbsp;&nbsp;main
</UL>

<P><STRONG><a name="[14]"></a>ADC_IRQHandler</STRONG> (Thumb, 20 bytes, Stack size 8 bytes, ht32f5xxxx_01_it.o(i.ADC_IRQHandler))
<BR><BR>[Stack]<UL><LI>Max Depth = 16<LI>Call Chain = ADC_IRQHandler &rArr; ADC_EOC_interrupt_Callback
</UL>
<BR>[Calls]<UL><LI><a href="#[118]">&gt;&gt;</a>&nbsp;&nbsp;&nbsp;ADC_GetIntStatus
<LI><a href="#[102]">&gt;&gt;</a>&nbsp;&nbsp;&nbsp;ADC_EOC_interrupt_Callback
</UL>
<BR>[Address Reference Count : 1]<UL><LI> startup_ht32f5xxxx_01.o(RESET)
</UL>
<P><STRONG><a name="[1a3]"></a>ADC_IntConfig</STRONG> (Thumb, 18 bytes, Stack size 0 bytes, ht32f5xxxx_adc.o(i.ADC_IntConfig))
<BR><BR>[Called By]<UL><LI><a href="#[19d]">&gt;&gt;</a>&nbsp;&nbsp;&nbsp;InternalADC_Init
</UL>

<P><STRONG><a name="[106]"></a>ADC_RegularChannelConfig</STRONG> (Thumb, 30 bytes, Stack size 8 bytes, ht32f5xxxx_adc.o(i.ADC_RegularChannelConfig))
<BR><BR>[Stack]<UL><LI>Max Depth = 8<LI>Call Chain = ADC_RegularChannelConfig
</UL>
<BR>[Called By]<UL><LI><a href="#[19d]">&gt;&gt;</a>&nbsp;&nbsp;&nbsp;InternalADC_Init
<LI><a href="#[104]">&gt;&gt;</a>&nbsp;&nbsp;&nbsp;ADC_GetResult
</UL>

<P><STRONG><a name="[105]"></a>ADC_RegularGroupConfig</STRONG> (Thumb, 26 bytes, Stack size 0 bytes, ht32f5xxxx_adc.o(i.ADC_RegularGroupConfig))
<BR><BR>[Called By]<UL><LI><a href="#[19d]">&gt;&gt;</a>&nbsp;&nbsp;&nbsp;InternalADC_Init
<LI><a href="#[104]">&gt;&gt;</a>&nbsp;&nbsp;&nbsp;ADC_GetResult
</UL>

<P><STRONG><a name="[1a2]"></a>ADC_RegularTrigConfig</STRONG> (Thumb, 14 bytes, Stack size 0 bytes, ht32f5xxxx_adc.o(i.ADC_RegularTrigConfig))
<BR><BR>[Called By]<UL><LI><a href="#[19d]">&gt;&gt;</a>&nbsp;&nbsp;&nbsp;InternalADC_Init
</UL>

<P><STRONG><a name="[1a1]"></a>ADC_SamplingTimeConfig</STRONG> (Thumb, 4 bytes, Stack size 0 bytes, ht32f5xxxx_adc.o(i.ADC_SamplingTimeConfig))
<BR><BR>[Called By]<UL><LI><a href="#[19d]">&gt;&gt;</a>&nbsp;&nbsp;&nbsp;InternalADC_Init
</UL>

<P><STRONG><a name="[107]"></a>ADC_SoftwareStartConvCmd</STRONG> (Thumb, 20 bytes, Stack size 0 bytes, ht32f5xxxx_adc.o(i.ADC_SoftwareStartConvCmd))
<BR><BR>[Called By]<UL><LI><a href="#[104]">&gt;&gt;</a>&nbsp;&nbsp;&nbsp;ADC_GetResult
</UL>

<P><STRONG><a name="[1d7]"></a>AFIO_EXTISourceConfig</STRONG> (Thumb, 38 bytes, Stack size 4 bytes, ht32f5xxxx_gpio.o(i.AFIO_EXTISourceConfig))
<BR><BR>[Stack]<UL><LI>Max Depth = 4<LI>Call Chain = AFIO_EXTISourceConfig
</UL>
<BR>[Called By]<UL><LI><a href="#[1d6]">&gt;&gt;</a>&nbsp;&nbsp;&nbsp;SideKey_Init
</UL>

<P><STRONG><a name="[19e]"></a>AFIO_GPxConfig</STRONG> (Thumb, 222 bytes, Stack size 96 bytes, ht32f5xxxx_gpio.o(i.AFIO_GPxConfig))
<BR><BR>[Stack]<UL><LI>Max Depth = 96<LI>Call Chain = AFIO_GPxConfig
</UL>
<BR>[Called By]<UL><LI><a href="#[1d6]">&gt;&gt;</a>&nbsp;&nbsp;&nbsp;SideKey_Init
<LI><a href="#[11c]">&gt;&gt;</a>&nbsp;&nbsp;&nbsp;SetDebugPortState
<LI><a href="#[1cf]">&gt;&gt;</a>&nbsp;&nbsp;&nbsp;SMBUS_Init
<LI><a href="#[1c7]">&gt;&gt;</a>&nbsp;&nbsp;&nbsp;PowerMgmtSetup
<LI><a href="#[1b1]">&gt;&gt;</a>&nbsp;&nbsp;&nbsp;LCD_HardwareInit
<LI><a href="#[19d]">&gt;&gt;</a>&nbsp;&nbsp;&nbsp;InternalADC_Init
</UL>

<P><STRONG><a name="[119]"></a>AboutEasterEgg</STRONG> (Thumb, 66 bytes, Stack size 32 bytes, aboutmenu.o(i.AboutEasterEgg), UNUSED)
<BR><BR>[Calls]<UL><LI><a href="#[11b]">&gt;&gt;</a>&nbsp;&nbsp;&nbsp;LCD_ShowString
<LI><a href="#[11a]">&gt;&gt;</a>&nbsp;&nbsp;&nbsp;LCD_ShowChinese
</UL>

<P><STRONG><a name="[79]"></a>AboutMenuKeyProc</STRONG> (Thumb, 66 bytes, Stack size 16 bytes, aboutmenu.o(i.AboutMenuKeyProc))
<BR><BR>[Stack]<UL><LI>Max Depth = 128<LI>Call Chain = AboutMenuKeyProc &rArr; SetDebugPortState &rArr; AFIO_GPxConfig
</UL>
<BR>[Calls]<UL><LI><a href="#[11c]">&gt;&gt;</a>&nbsp;&nbsp;&nbsp;SetDebugPortState
<LI><a href="#[11d]">&gt;&gt;</a>&nbsp;&nbsp;&nbsp;SwitchingMenu
</UL>
<BR>[Address Reference Count : 1]<UL><LI> aboutmenu.o(.constdata)
</UL>
<P><STRONG><a name="[78]"></a>AboutMenuRender</STRONG> (Thumb, 262 bytes, Stack size 32 bytes, aboutmenu.o(i.AboutMenuRender))
<BR><BR>[Stack]<UL><LI>Max Depth = 232<LI>Call Chain = AboutMenuRender &rArr; RenderMenuBG &rArr; LCD_ShowHybridString &rArr; LCD_ShowChinese12x12 &rArr; LCD_Address_Set
</UL>
<BR>[Calls]<UL><LI><a href="#[11b]">&gt;&gt;</a>&nbsp;&nbsp;&nbsp;LCD_ShowString
<LI><a href="#[120]">&gt;&gt;</a>&nbsp;&nbsp;&nbsp;LCD_ShowHybridString
<LI><a href="#[11a]">&gt;&gt;</a>&nbsp;&nbsp;&nbsp;LCD_ShowChinese
<LI><a href="#[121]">&gt;&gt;</a>&nbsp;&nbsp;&nbsp;LCD_ShowChar
<LI><a href="#[11f]">&gt;&gt;</a>&nbsp;&nbsp;&nbsp;RenderMenuBG
<LI><a href="#[11e]">&gt;&gt;</a>&nbsp;&nbsp;&nbsp;ColorTextGen
</UL>
<BR>[Address Reference Count : 1]<UL><LI> aboutmenu.o(.constdata)
</UL>
<P><STRONG><a name="[43]"></a>ActOneShotTest</STRONG> (Thumb, 10 bytes, Stack size 8 bytes, setttingmainmenu.o(i.ActOneShotTest))
<BR><BR>[Stack]<UL><LI>Max Depth = 112<LI>Call Chain = ActOneShotTest &rArr; SwitchingMenu &rArr; LCD_Fill &rArr; LCD_Address_Set
</UL>
<BR>[Calls]<UL><LI><a href="#[11d]">&gt;&gt;</a>&nbsp;&nbsp;&nbsp;SwitchingMenu
</UL>
<BR>[Address Reference Count : 2]<UL><LI> easysetupmenu.o(.constdata)
<LI> setttingmainmenu.o(.constdata)
</UL>
<P><STRONG><a name="[7d]"></a>AdapterEmuRender</STRONG> (Thumb, 1872 bytes, Stack size 40 bytes, adapteremulationmenu.o(i.AdapterEmuRender))
<BR><BR>[Stack]<UL><LI>Max Depth = 240<LI>Call Chain = AdapterEmuRender &rArr; RenderMenuBG &rArr; LCD_ShowHybridString &rArr; LCD_ShowChinese12x12 &rArr; LCD_Address_Set
</UL>
<BR>[Calls]<UL><LI><a href="#[125]">&gt;&gt;</a>&nbsp;&nbsp;&nbsp;delay_ms
<LI><a href="#[11b]">&gt;&gt;</a>&nbsp;&nbsp;&nbsp;LCD_ShowString
<LI><a href="#[128]">&gt;&gt;</a>&nbsp;&nbsp;&nbsp;LCD_ShowIntNum
<LI><a href="#[126]">&gt;&gt;</a>&nbsp;&nbsp;&nbsp;LCD_ShowFloatNum1
<LI><a href="#[129]">&gt;&gt;</a>&nbsp;&nbsp;&nbsp;LCD_ShowChinese12x12
<LI><a href="#[11a]">&gt;&gt;</a>&nbsp;&nbsp;&nbsp;LCD_ShowChinese
<LI><a href="#[121]">&gt;&gt;</a>&nbsp;&nbsp;&nbsp;LCD_ShowChar
<LI><a href="#[11f]">&gt;&gt;</a>&nbsp;&nbsp;&nbsp;RenderMenuBG
<LI><a href="#[124]">&gt;&gt;</a>&nbsp;&nbsp;&nbsp;IP2366_SetTypeCRole
<LI><a href="#[123]">&gt;&gt;</a>&nbsp;&nbsp;&nbsp;IP2366_EnableDCDC
<LI><a href="#[10a]">&gt;&gt;</a>&nbsp;&nbsp;&nbsp;__aeabi_fmul
<LI><a href="#[122]">&gt;&gt;</a>&nbsp;&nbsp;&nbsp;__aeabi_cfcmple
<LI><a href="#[127]">&gt;&gt;</a>&nbsp;&nbsp;&nbsp;__aeabi_f2iz
<LI><a href="#[10b]">&gt;&gt;</a>&nbsp;&nbsp;&nbsp;__aeabi_f2d
<LI><a href="#[114]">&gt;&gt;</a>&nbsp;&nbsp;&nbsp;__aeabi_dadd
<LI><a href="#[10e]">&gt;&gt;</a>&nbsp;&nbsp;&nbsp;__aeabi_d2f
</UL>
<BR>[Address Reference Count : 1]<UL><LI> adapteremulationmenu.o(.constdata)
</UL>
<P><STRONG><a name="[7e]"></a>AdapterMenuKeyProc</STRONG> (Thumb, 34 bytes, Stack size 8 bytes, adapteremulationmenu.o(i.AdapterMenuKeyProc))
<BR><BR>[Stack]<UL><LI>Max Depth = 112<LI>Call Chain = AdapterMenuKeyProc &rArr; SwitchingMenu &rArr; LCD_Fill &rArr; LCD_Address_Set
</UL>
<BR>[Calls]<UL><LI><a href="#[11d]">&gt;&gt;</a>&nbsp;&nbsp;&nbsp;SwitchingMenu
</UL>
<BR>[Address Reference Count : 1]<UL><LI> adapteremulationmenu.o(.constdata)
</UL>
<P><STRONG><a name="[12a]"></a>ApplyScreenDirection</STRONG> (Thumb, 68 bytes, Stack size 8 bytes, screendirset.o(i.ApplyScreenDirection))
<BR><BR>[Stack]<UL><LI>Max Depth = 232<LI>Call Chain = ApplyScreenDirection &rArr; ShowPostInfo &rArr; LCD_ShowHybridString &rArr; LCD_ShowChinese12x12 &rArr; LCD_Address_Set
</UL>
<BR>[Calls]<UL><LI><a href="#[12b]">&gt;&gt;</a>&nbsp;&nbsp;&nbsp;ShowPostInfo
<LI><a href="#[12e]">&gt;&gt;</a>&nbsp;&nbsp;&nbsp;PostScreenInit
<LI><a href="#[12d]">&gt;&gt;</a>&nbsp;&nbsp;&nbsp;LCD_Init
<LI><a href="#[116]">&gt;&gt;</a>&nbsp;&nbsp;&nbsp;GPIO_ClearOutBits
<LI><a href="#[12c]">&gt;&gt;</a>&nbsp;&nbsp;&nbsp;WriteConfiguration
</UL>
[...]
</UL>
<BR>[Called By]<UL><LI><a href="#[113]">&gt;&gt;</a>&nbsp;&nbsp;&nbsp;log
</UL>

<P><STRONG><a name="[200]"></a>_dcmpeq</STRONG> (Thumb, 94 bytes, Stack size 24 bytes, deqf.o(x$fpl$deqf), UNUSED)
<BR><BR>[Calls]<UL><LI><a href="#[fc]">&gt;&gt;</a>&nbsp;&nbsp;&nbsp;__fpl_dcmp_InfNaN
</UL>

<P><STRONG><a name="[1fd]"></a>__aeabi_cdrcmple</STRONG> (Thumb, 0 bytes, Stack size 32 bytes, drlef.o(x$fpl$drleqf))
<BR><BR>[Stack]<UL><LI>Max Depth = 32<LI>Call Chain = __aeabi_cdrcmple
</UL>
<BR>[Called By]<UL><LI><a href="#[1c2]">&gt;&gt;</a>&nbsp;&nbsp;&nbsp;pow
</UL>

<P><STRONG><a name="[201]"></a>_drcmple</STRONG> (Thumb, 100 bytes, Stack size 32 bytes, drlef.o(x$fpl$drleqf), UNUSED)
<BR><BR>[Calls]<UL><LI><a href="#[fc]">&gt;&gt;</a>&nbsp;&nbsp;&nbsp;__fpl_dcmp_InfNaN
</UL>

<P><STRONG><a name="[115]"></a>__aeabi_fadd</STRONG> (Thumb, 0 bytes, Stack size 16 bytes, faddsub.o(x$fpl$fadd))
<BR><BR>[Stack]<UL><LI>Max Depth = 16<LI>Call Chain = __aeabi_fadd
</UL>
<BR>[Called By]<UL><LI><a href="#[1de]">&gt;&gt;</a>&nbsp;&nbsp;&nbsp;UpdataRunTimeLog
<LI><a href="#[196]">&gt;&gt;</a>&nbsp;&nbsp;&nbsp;IP2366_Telem
<LI><a href="#[13f]">&gt;&gt;</a>&nbsp;&nbsp;&nbsp;CTestAverageACC
<LI><a href="#[104]">&gt;&gt;</a>&nbsp;&nbsp;&nbsp;ADC_GetResult
<LI><a href="#[199]">&gt;&gt;</a>&nbsp;&nbsp;&nbsp;IP2366_getCurrentChargeParam
<LI><a href="#[189]">&gt;&gt;</a>&nbsp;&nbsp;&nbsp;IP2366_GetVRecharge
</UL>

<P><STRONG><a name="[202]"></a>_fadd</STRONG> (Thumb, 134 bytes, Stack size 16 bytes, faddsub.o(x$fpl$fadd), UNUSED)
<BR><BR>[Calls]<UL><LI><a href="#[203]">&gt;&gt;</a>&nbsp;&nbsp;&nbsp;_fsub1
</UL>

<P><STRONG><a name="[122]"></a>__aeabi_cfcmple</STRONG> (Thumb, 0 bytes, Stack size 8 bytes, flef.o(x$fpl$fleqf))
<BR><BR>[Stack]<UL><LI>Max Depth = 8<LI>Call Chain = __aeabi_cfcmple
</UL>
<BR>[Called By]<UL><LI><a href="#[1dc]">&gt;&gt;</a>&nbsp;&nbsp;&nbsp;SysOverHeatProt
<LI><a href="#[13a]">&gt;&gt;</a>&nbsp;&nbsp;&nbsp;Balance_IOMgmt
<LI><a href="#[7f]">&gt;&gt;</a>&nbsp;&nbsp;&nbsp;EnterAdapterEmulation
<LI><a href="#[7d]">&gt;&gt;</a>&nbsp;&nbsp;&nbsp;AdapterEmuRender
</UL>

<P><STRONG><a name="[204]"></a>_fcmple</STRONG> (Thumb, 78 bytes, Stack size 8 bytes, flef.o(x$fpl$fleqf), UNUSED)
<BR><BR>[Calls]<UL><LI><a href="#[f3]">&gt;&gt;</a>&nbsp;&nbsp;&nbsp;__fpl_fcmp_InfNaN
</UL>

<P><STRONG><a name="[10a]"></a>__aeabi_fmul</STRONG> (Thumb, 0 bytes, Stack size 16 bytes, fmul.o(x$fpl$fmul))
<BR><BR>[Stack]<UL><LI>Max Depth = 16<LI>Call Chain = __aeabi_fmul
</UL>
<BR>[Called By]<UL><LI><a href="#[1de]">&gt;&gt;</a>&nbsp;&nbsp;&nbsp;UpdataRunTimeLog
<LI><a href="#[12b]">&gt;&gt;</a>&nbsp;&nbsp;&nbsp;ShowPostInfo
<LI><a href="#[196]">&gt;&gt;</a>&nbsp;&nbsp;&nbsp;IP2366_Telem
<LI><a href="#[142]">&gt;&gt;</a>&nbsp;&nbsp;&nbsp;CTestFSMHandler
<LI><a href="#[13f]">&gt;&gt;</a>&nbsp;&nbsp;&nbsp;CTestAverageACC
<LI><a href="#[104]">&gt;&gt;</a>&nbsp;&nbsp;&nbsp;ADC_GetResult
<LI><a href="#[145]">&gt;&gt;</a>&nbsp;&nbsp;&nbsp;iroundf
<LI><a href="#[126]">&gt;&gt;</a>&nbsp;&nbsp;&nbsp;LCD_ShowFloatNum1
<LI><a href="#[175]">&gt;&gt;</a>&nbsp;&nbsp;&nbsp;IntEditHandler
<LI><a href="#[174]">&gt;&gt;</a>&nbsp;&nbsp;&nbsp;INA226_GetBusInformation
<LI><a href="#[199]">&gt;&gt;</a>&nbsp;&nbsp;&nbsp;IP2366_getCurrentChargeParam
<LI><a href="#[189]">&gt;&gt;</a>&nbsp;&nbsp;&nbsp;IP2366_GetVRecharge
<LI><a href="#[6c]">&gt;&gt;</a>&nbsp;&nbsp;&nbsp;ShowColHisGUI
<LI><a href="#[54]">&gt;&gt;</a>&nbsp;&nbsp;&nbsp;CTestGUIHandler
<LI><a href="#[2f]">&gt;&gt;</a>&nbsp;&nbsp;&nbsp;MainMenuRenderProcess
<LI><a href="#[1b8]">&gt;&gt;</a>&nbsp;&nbsp;&nbsp;RenderTypeCState
<LI><a href="#[1b9]">&gt;&gt;</a>&nbsp;&nbsp;&nbsp;RenderBattState
<LI><a href="#[1ba]">&gt;&gt;</a>&nbsp;&nbsp;&nbsp;LargeMenu_DisplayAh
<LI><a href="#[7f]">&gt;&gt;</a>&nbsp;&nbsp;&nbsp;EnterAdapterEmulation
<LI><a href="#[7d]">&gt;&gt;</a>&nbsp;&nbsp;&nbsp;AdapterEmuRender
</UL>

<P><STRONG><a name="[244]"></a>_fmul</STRONG> (Thumb, 172 bytes, Stack size 16 bytes, fmul.o(x$fpl$fmul), UNUSED)

<P><STRONG><a name="[141]"></a>__aeabi_cfrcmple</STRONG> (Thumb, 0 bytes, Stack size 8 bytes, frlef.o(x$fpl$frleqf))
<BR><BR>[Stack]<UL><LI>Max Depth = 8<LI>Call Chain = __aeabi_cfrcmple
</UL>
<BR>[Called By]<UL><LI><a href="#[1de]">&gt;&gt;</a>&nbsp;&nbsp;&nbsp;UpdataRunTimeLog
<LI><a href="#[1dc]">&gt;&gt;</a>&nbsp;&nbsp;&nbsp;SysOverHeatProt
<LI><a href="#[13f]">&gt;&gt;</a>&nbsp;&nbsp;&nbsp;CTestAverageACC
<LI><a href="#[6c]">&gt;&gt;</a>&nbsp;&nbsp;&nbsp;ShowColHisGUI
<LI><a href="#[1d3]">&gt;&gt;</a>&nbsp;&nbsp;&nbsp;ShowLowerPart
</UL>

<P><STRONG><a name="[205]"></a>_frcmple</STRONG> (Thumb, 84 bytes, Stack size 8 bytes, frlef.o(x$fpl$frleqf), UNUSED)
<BR><BR>[Calls]<UL><LI><a href="#[f3]">&gt;&gt;</a>&nbsp;&nbsp;&nbsp;__fpl_fcmp_InfNaN
</UL>

<P><STRONG><a name="[1f7]"></a>__aeabi_frsub</STRONG> (Thumb, 0 bytes, Stack size 16 bytes, faddsub.o(x$fpl$frsb))
<BR><BR>[Stack]<UL><LI>Max Depth = 16<LI>Call Chain = __aeabi_frsub
</UL>
<BR>[Called By]<UL><LI><a href="#[145]">&gt;&gt;</a>&nbsp;&nbsp;&nbsp;iroundf
</UL>

<P><STRONG><a name="[206]"></a>_frsb</STRONG> (Thumb, 24 bytes, Stack size 16 bytes, faddsub.o(x$fpl$frsb), UNUSED)
<BR><BR>[Calls]<UL><LI><a href="#[203]">&gt;&gt;</a>&nbsp;&nbsp;&nbsp;_fsub1
<LI><a href="#[207]">&gt;&gt;</a>&nbsp;&nbsp;&nbsp;_fadd1
</UL>

<P><STRONG><a name="[18a]"></a>__aeabi_fsub</STRONG> (Thumb, 0 bytes, Stack size 16 bytes, faddsub.o(x$fpl$fsub))
<BR><BR>[Stack]<UL><LI>Max Depth = 16<LI>Call Chain = __aeabi_fsub
</UL>
<BR>[Called By]<UL><LI><a href="#[1dc]">&gt;&gt;</a>&nbsp;&nbsp;&nbsp;SysOverHeatProt
<LI><a href="#[1c0]">&gt;&gt;</a>&nbsp;&nbsp;&nbsp;OverChargeDetectModule
<LI><a href="#[175]">&gt;&gt;</a>&nbsp;&nbsp;&nbsp;IntEditHandler
<LI><a href="#[189]">&gt;&gt;</a>&nbsp;&nbsp;&nbsp;IP2366_GetVRecharge
</UL>

<P><STRONG><a name="[208]"></a>_fsub</STRONG> (Thumb, 204 bytes, Stack size 16 bytes, faddsub.o(x$fpl$fsub), UNUSED)
<BR><BR>[Calls]<UL><LI><a href="#[207]">&gt;&gt;</a>&nbsp;&nbsp;&nbsp;_fadd1
</UL>

<P><STRONG><a name="[ba]"></a>_printf_fp_dec</STRONG> (Thumb, 16 bytes, Stack size 8 bytes, printf1.o(x$fpl$printf1))
<BR><BR>[Stack]<UL><LI>Max Depth = 8<LI>Call Chain = _printf_fp_dec
</UL>
<BR>[Called By]<UL><LI><a href="#[b8]">&gt;&gt;</a>&nbsp;&nbsp;&nbsp;_printf_f
</UL>
<P>
<H3>
Local Symbols
</H3>
<P><STRONG><a name="[29]"></a>BootProcess</STRONG> (Thumb, 94 bytes, Stack size 0 bytes, startup_ht32f5xxxx_01.o(RESET))
<BR>[Address Reference Count : 1]<UL><LI> startup_ht32f5xxxx_01.o(RESET)
</UL>
<P><STRONG><a name="[1aa]"></a>LCD_DrawHoriLine</STRONG> (Thumb, 142 bytes, Stack size 40 bytes, lcd.o(i.LCD_DrawHoriLine))
<BR><BR>[Stack]<UL><LI>Max Depth = 80<LI>Call Chain = LCD_DrawHoriLine &rArr; LCD_Address_Set
</UL>
<BR>[Calls]<UL><LI><a href="#[1ad]">&gt;&gt;</a>&nbsp;&nbsp;&nbsp;PDMA_EnaCmd
<LI><a href="#[1ac]">&gt;&gt;</a>&nbsp;&nbsp;&nbsp;PDMA_Config
<LI><a href="#[1a8]">&gt;&gt;</a>&nbsp;&nbsp;&nbsp;SPI_SetDataLength
<LI><a href="#[1ab]">&gt;&gt;</a>&nbsp;&nbsp;&nbsp;SPI_PDMACmd
<LI><a href="#[1a6]">&gt;&gt;</a>&nbsp;&nbsp;&nbsp;LCD_Address_Set
</UL>
<BR>[Called By]<UL><LI><a href="#[19b]">&gt;&gt;</a>&nbsp;&nbsp;&nbsp;LCD_DrawRectangle
<LI><a href="#[19c]">&gt;&gt;</a>&nbsp;&nbsp;&nbsp;LCD_DrawLine
</UL>

<P><STRONG><a name="[1ae]"></a>LCD_DrawVertLine</STRONG> (Thumb, 138 bytes, Stack size 40 bytes, lcd.o(i.LCD_DrawVertLine))
<BR><BR>[Stack]<UL><LI>Max Depth = 80<LI>Call Chain = LCD_DrawVertLine &rArr; LCD_Address_Set
</UL>
<BR>[Calls]<UL><LI><a href="#[1ad]">&gt;&gt;</a>&nbsp;&nbsp;&nbsp;PDMA_EnaCmd
<LI><a href="#[1ac]">&gt;&gt;</a>&nbsp;&nbsp;&nbsp;PDMA_Config
<LI><a href="#[1a8]">&gt;&gt;</a>&nbsp;&nbsp;&nbsp;SPI_SetDataLength
<LI><a href="#[1ab]">&gt;&gt;</a>&nbsp;&nbsp;&nbsp;SPI_PDMACmd
<LI><a href="#[1a6]">&gt;&gt;</a>&nbsp;&nbsp;&nbsp;LCD_Address_Set
</UL>
<BR>[Called By]<UL><LI><a href="#[19b]">&gt;&gt;</a>&nbsp;&nbsp;&nbsp;LCD_DrawRectangle
<LI><a href="#[19c]">&gt;&gt;</a>&nbsp;&nbsp;&nbsp;LCD_DrawLine
</UL>

<P><STRONG><a name="[183]"></a>IP2366_ReadReg</STRONG> (Thumb, 94 bytes, Stack size 16 bytes, ip2366_reg.o(i.IP2366_ReadReg))
<BR><BR>[Stack]<UL><LI>Max Depth = 40<LI>Call Chain = IP2366_ReadReg &rArr; IIC_Wait_Ack
</UL>
<BR>[Calls]<UL><LI><a href="#[108]">&gt;&gt;</a>&nbsp;&nbsp;&nbsp;delay_us
<LI><a href="#[17d]">&gt;&gt;</a>&nbsp;&nbsp;&nbsp;IIC_Wait_Ack
<LI><a href="#[17c]">&gt;&gt;</a>&nbsp;&nbsp;&nbsp;IIC_Stop
<LI><a href="#[17b]">&gt;&gt;</a>&nbsp;&nbsp;&nbsp;IIC_Start
<LI><a href="#[17a]">&gt;&gt;</a>&nbsp;&nbsp;&nbsp;IIC_Send_Byte
<LI><a href="#[176]">&gt;&gt;</a>&nbsp;&nbsp;&nbsp;IIC_Read_Byte
</UL>
<BR>[Called By]<UL><LI><a href="#[199]">&gt;&gt;</a>&nbsp;&nbsp;&nbsp;IP2366_getCurrentChargeParam
<LI><a href="#[197]">&gt;&gt;</a>&nbsp;&nbsp;&nbsp;IP2366_UpdataChargePower
<LI><a href="#[18d]">&gt;&gt;</a>&nbsp;&nbsp;&nbsp;IP2366_SetVLowVolt
<LI><a href="#[124]">&gt;&gt;</a>&nbsp;&nbsp;&nbsp;IP2366_SetTypeCRole
<LI><a href="#[18c]">&gt;&gt;</a>&nbsp;&nbsp;&nbsp;IP2366_SetReChargeParam
<LI><a href="#[190]">&gt;&gt;</a>&nbsp;&nbsp;&nbsp;IP2366_SetPDOBroadCast
<LI><a href="#[18e]">&gt;&gt;</a>&nbsp;&nbsp;&nbsp;IP2366_SetOutputState
<LI><a href="#[18f]">&gt;&gt;</a>&nbsp;&nbsp;&nbsp;IP2366_SetInputState
<LI><a href="#[161]">&gt;&gt;</a>&nbsp;&nbsp;&nbsp;IP2366_SetICCMax
<LI><a href="#[194]">&gt;&gt;</a>&nbsp;&nbsp;&nbsp;IP2366_ReadChipState
<LI><a href="#[189]">&gt;&gt;</a>&nbsp;&nbsp;&nbsp;IP2366_GetVRecharge
<LI><a href="#[188]">&gt;&gt;</a>&nbsp;&nbsp;&nbsp;IP2366_GetVBUSState
<LI><a href="#[187]">&gt;&gt;</a>&nbsp;&nbsp;&nbsp;IP2366_GetRecvPDO
<LI><a href="#[13c]">&gt;&gt;</a>&nbsp;&nbsp;&nbsp;IP2366_GetIfInputConnected
<LI><a href="#[185]">&gt;&gt;</a>&nbsp;&nbsp;&nbsp;IP2366_GetCurrentPeakCurrent
<LI><a href="#[13b]">&gt;&gt;</a>&nbsp;&nbsp;&nbsp;IP2366_GetChargerState
<LI><a href="#[123]">&gt;&gt;</a>&nbsp;&nbsp;&nbsp;IP2366_EnableDCDC
<LI><a href="#[184]">&gt;&gt;</a>&nbsp;&nbsp;&nbsp;IP2366_DetectIfPresent
<LI><a href="#[15e]">&gt;&gt;</a>&nbsp;&nbsp;&nbsp;IP2366_DetectIfChipReset
</UL>

<P><STRONG><a name="[182]"></a>IP2366_WriteReg</STRONG> (Thumb, 76 bytes, Stack size 16 bytes, ip2366_reg.o(i.IP2366_WriteReg))
<BR><BR>[Stack]<UL><LI>Max Depth = 40<LI>Call Chain = IP2366_WriteReg &rArr; IIC_Wait_Ack
</UL>
<BR>[Calls]<UL><LI><a href="#[108]">&gt;&gt;</a>&nbsp;&nbsp;&nbsp;delay_us
<LI><a href="#[17d]">&gt;&gt;</a>&nbsp;&nbsp;&nbsp;IIC_Wait_Ack
<LI><a href="#[17c]">&gt;&gt;</a>&nbsp;&nbsp;&nbsp;IIC_Stop
<LI><a href="#[17b]">&gt;&gt;</a>&nbsp;&nbsp;&nbsp;IIC_Start
<LI><a href="#[17a]">&gt;&gt;</a>&nbsp;&nbsp;&nbsp;IIC_Send_Byte
</UL>
<BR>[Called By]<UL><LI><a href="#[198]">&gt;&gt;</a>&nbsp;&nbsp;&nbsp;IP2366_UpdateFullVoltage
<LI><a href="#[197]">&gt;&gt;</a>&nbsp;&nbsp;&nbsp;IP2366_UpdataChargePower
<LI><a href="#[18d]">&gt;&gt;</a>&nbsp;&nbsp;&nbsp;IP2366_SetVLowVolt
<LI><a href="#[124]">&gt;&gt;</a>&nbsp;&nbsp;&nbsp;IP2366_SetTypeCRole
<LI><a href="#[18c]">&gt;&gt;</a>&nbsp;&nbsp;&nbsp;IP2366_SetReChargeParam
<LI><a href="#[190]">&gt;&gt;</a>&nbsp;&nbsp;&nbsp;IP2366_SetPDOBroadCast
<LI><a href="#[18e]">&gt;&gt;</a>&nbsp;&nbsp;&nbsp;IP2366_SetOutputState
<LI><a href="#[191]">&gt;&gt;</a>&nbsp;&nbsp;&nbsp;IP2366_SetOTPSign
<LI><a href="#[18f]">&gt;&gt;</a>&nbsp;&nbsp;&nbsp;IP2366_SetInputState
<LI><a href="#[161]">&gt;&gt;</a>&nbsp;&nbsp;&nbsp;IP2366_SetICCMax
<LI><a href="#[123]">&gt;&gt;</a>&nbsp;&nbsp;&nbsp;IP2366_EnableDCDC
<LI><a href="#[181]">&gt;&gt;</a>&nbsp;&nbsp;&nbsp;IP2366_ClearOCFlag
</UL>

<P><STRONG><a name="[162]"></a>DisplayAh</STRONG> (Thumb, 266 bytes, Stack size 40 bytes, columgaugeviewmenu.o(i.DisplayAh))
<BR><BR>[Stack]<UL><LI>Max Depth = 208<LI>Call Chain = DisplayAh &rArr; LCD_ShowFloatNum1 &rArr; LCD_ShowChar &rArr; LCD_Address_Set
</UL>
<BR>[Calls]<UL><LI><a href="#[145]">&gt;&gt;</a>&nbsp;&nbsp;&nbsp;iroundf
<LI><a href="#[11b]">&gt;&gt;</a>&nbsp;&nbsp;&nbsp;LCD_ShowString
<LI><a href="#[128]">&gt;&gt;</a>&nbsp;&nbsp;&nbsp;LCD_ShowIntNum
<LI><a href="#[126]">&gt;&gt;</a>&nbsp;&nbsp;&nbsp;LCD_ShowFloatNum1
<LI><a href="#[10f]">&gt;&gt;</a>&nbsp;&nbsp;&nbsp;__aeabi_fdiv
</UL>
<BR>[Called By]<UL><LI><a href="#[6c]">&gt;&gt;</a>&nbsp;&nbsp;&nbsp;ShowColHisGUI
</UL>

<P><STRONG><a name="[163]"></a>DisplayCapacity</STRONG> (Thumb, 212 bytes, Stack size 40 bytes, columgaugeviewmenu.o(i.DisplayCapacity))
<BR><BR>[Stack]<UL><LI>Max Depth = 208<LI>Call Chain = DisplayCapacity &rArr; LCD_ShowFloatNum1 &rArr; LCD_ShowChar &rArr; LCD_Address_Set
</UL>
<BR>[Calls]<UL><LI><a href="#[145]">&gt;&gt;</a>&nbsp;&nbsp;&nbsp;iroundf
<LI><a href="#[11b]">&gt;&gt;</a>&nbsp;&nbsp;&nbsp;LCD_ShowString
<LI><a href="#[128]">&gt;&gt;</a>&nbsp;&nbsp;&nbsp;LCD_ShowIntNum
<LI><a href="#[126]">&gt;&gt;</a>&nbsp;&nbsp;&nbsp;LCD_ShowFloatNum1
<LI><a href="#[10f]">&gt;&gt;</a>&nbsp;&nbsp;&nbsp;__aeabi_fdiv
</UL>
<BR>[Called By]<UL><LI><a href="#[6c]">&gt;&gt;</a>&nbsp;&nbsp;&nbsp;ShowColHisGUI
</UL>

<P><STRONG><a name="[11e]"></a>ColorTextGen</STRONG> (Thumb, 210 bytes, Stack size 12 bytes, aboutmenu.o(i.ColorTextGen))
<BR><BR>[Stack]<UL><LI>Max Depth = 12<LI>Call Chain = ColorTextGen
</UL>
<BR>[Called By]<UL><LI><a href="#[78]">&gt;&gt;</a>&nbsp;&nbsp;&nbsp;AboutMenuRender
</UL>

<P><STRONG><a name="[1ba]"></a>LargeMenu_DisplayAh</STRONG> (Thumb, 302 bytes, Stack size 32 bytes, largemainmenu.o(i.LargeMenu_DisplayAh))
<BR><BR>[Stack]<UL><LI>Max Depth = 200<LI>Call Chain = LargeMenu_DisplayAh &rArr; LCD_ShowFloatNum1 &rArr; LCD_ShowChar &rArr; LCD_Address_Set
</UL>
<BR>[Calls]<UL><LI><a href="#[133]">&gt;&gt;</a>&nbsp;&nbsp;&nbsp;LCD_Fill
<LI><a href="#[145]">&gt;&gt;</a>&nbsp;&nbsp;&nbsp;iroundf
<LI><a href="#[11b]">&gt;&gt;</a>&nbsp;&nbsp;&nbsp;LCD_ShowString
<LI><a href="#[128]">&gt;&gt;</a>&nbsp;&nbsp;&nbsp;LCD_ShowIntNum
<LI><a href="#[126]">&gt;&gt;</a>&nbsp;&nbsp;&nbsp;LCD_ShowFloatNum1
<LI><a href="#[10a]">&gt;&gt;</a>&nbsp;&nbsp;&nbsp;__aeabi_fmul
<LI><a href="#[10f]">&gt;&gt;</a>&nbsp;&nbsp;&nbsp;__aeabi_fdiv
</UL>
<BR>[Called By]<UL><LI><a href="#[1b9]">&gt;&gt;</a>&nbsp;&nbsp;&nbsp;RenderBattState
</UL>

<P><STRONG><a name="[1bb]"></a>LargeMenu_DisplayWh</STRONG> (Thumb, 198 bytes, Stack size 32 bytes, largemainmenu.o(i.LargeMenu_DisplayWh))
<BR><BR>[Stack]<UL><LI>Max Depth = 200<LI>Call Chain = LargeMenu_DisplayWh &rArr; LCD_ShowFloatNum1 &rArr; LCD_ShowChar &rArr; LCD_Address_Set
</UL>
<BR>[Calls]<UL><LI><a href="#[133]">&gt;&gt;</a>&nbsp;&nbsp;&nbsp;LCD_Fill
<LI><a href="#[145]">&gt;&gt;</a>&nbsp;&nbsp;&nbsp;iroundf
<LI><a href="#[11b]">&gt;&gt;</a>&nbsp;&nbsp;&nbsp;LCD_ShowString
<LI><a href="#[128]">&gt;&gt;</a>&nbsp;&nbsp;&nbsp;LCD_ShowIntNum
<LI><a href="#[126]">&gt;&gt;</a>&nbsp;&nbsp;&nbsp;LCD_ShowFloatNum1
</UL>
<BR>[Called By]<UL><LI><a href="#[1b9]">&gt;&gt;</a>&nbsp;&nbsp;&nbsp;RenderBattState
</UL>

<P><STRONG><a name="[1b9]"></a>RenderBattState</STRONG> (Thumb, 1516 bytes, Stack size 40 bytes, largemainmenu.o(i.RenderBattState))
<BR><BR>[Stack]<UL><LI>Max Depth = 240<LI>Call Chain = RenderBattState &rArr; LargeMenu_DisplayWh &rArr; LCD_ShowFloatNum1 &rArr; LCD_ShowChar &rArr; LCD_Address_Set
</UL>
<BR>[Calls]<UL><LI><a href="#[133]">&gt;&gt;</a>&nbsp;&nbsp;&nbsp;LCD_Fill
<LI><a href="#[145]">&gt;&gt;</a>&nbsp;&nbsp;&nbsp;iroundf
<LI><a href="#[11b]">&gt;&gt;</a>&nbsp;&nbsp;&nbsp;LCD_ShowString
<LI><a href="#[128]">&gt;&gt;</a>&nbsp;&nbsp;&nbsp;LCD_ShowIntNum
<LI><a href="#[120]">&gt;&gt;</a>&nbsp;&nbsp;&nbsp;LCD_ShowHybridString
<LI><a href="#[126]">&gt;&gt;</a>&nbsp;&nbsp;&nbsp;LCD_ShowFloatNum1
<LI><a href="#[129]">&gt;&gt;</a>&nbsp;&nbsp;&nbsp;LCD_ShowChinese12x12
<LI><a href="#[11a]">&gt;&gt;</a>&nbsp;&nbsp;&nbsp;LCD_ShowChinese
<LI><a href="#[121]">&gt;&gt;</a>&nbsp;&nbsp;&nbsp;LCD_ShowChar
<LI><a href="#[19b]">&gt;&gt;</a>&nbsp;&nbsp;&nbsp;LCD_DrawRectangle
<LI><a href="#[1bb]">&gt;&gt;</a>&nbsp;&nbsp;&nbsp;LargeMenu_DisplayWh
<LI><a href="#[1ba]">&gt;&gt;</a>&nbsp;&nbsp;&nbsp;LargeMenu_DisplayAh
<LI><a href="#[10a]">&gt;&gt;</a>&nbsp;&nbsp;&nbsp;__aeabi_fmul
<LI><a href="#[f6]">&gt;&gt;</a>&nbsp;&nbsp;&nbsp;__aeabi_idivmod
</UL>
<BR>[Called By]<UL><LI><a href="#[92]">&gt;&gt;</a>&nbsp;&nbsp;&nbsp;LargeMenuRenderProc
</UL>

<P><STRONG><a name="[1cd]"></a>FindLatestEntryViaIncCode</STRONG> (Thumb, 98 bytes, Stack size 0 bytes, logsystem.o(i.FindLatestEntryViaIncCode))
<BR><BR>[Called By]<UL><LI><a href="#[1cc]">&gt;&gt;</a>&nbsp;&nbsp;&nbsp;RunLogModule_POR
</UL>

<P><STRONG><a name="[d8]"></a>_dadd1</STRONG> (Thumb, 290 bytes, Stack size 20 bytes, daddsub.o(.text), UNUSED)
<BR><BR>[Called By]<UL><LI><a href="#[da]">&gt;&gt;</a>&nbsp;&nbsp;&nbsp;_drsb
<LI><a href="#[d9]">&gt;&gt;</a>&nbsp;&nbsp;&nbsp;_dsub
<LI><a href="#[d6]">&gt;&gt;</a>&nbsp;&nbsp;&nbsp;_dadd
</UL>

<P><STRONG><a name="[d7]"></a>_dsub1</STRONG> (Thumb, 470 bytes, Stack size 40 bytes, daddsub.o(.text), UNUSED)
<BR><BR>[Called By]<UL><LI><a href="#[da]">&gt;&gt;</a>&nbsp;&nbsp;&nbsp;_drsb
<LI><a href="#[d9]">&gt;&gt;</a>&nbsp;&nbsp;&nbsp;_dsub
<LI><a href="#[d6]">&gt;&gt;</a>&nbsp;&nbsp;&nbsp;_dadd
</UL>

<P><STRONG><a name="[207]"></a>_fadd1</STRONG> (Thumb, 0 bytes, Stack size unknown bytes, faddsub.o(x$fpl$fadd), UNUSED)
<BR><BR>[Called By]<UL><LI><a href="#[208]">&gt;&gt;</a>&nbsp;&nbsp;&nbsp;_fsub
<LI><a href="#[206]">&gt;&gt;</a>&nbsp;&nbsp;&nbsp;_frsb
</UL>

<P><STRONG><a name="[203]"></a>_fsub1</STRONG> (Thumb, 0 bytes, Stack size unknown bytes, faddsub.o(x$fpl$fsub), UNUSED)
<BR><BR>[Called By]<UL><LI><a href="#[206]">&gt;&gt;</a>&nbsp;&nbsp;&nbsp;_frsb
<LI><a href="#[202]">&gt;&gt;</a>&nbsp;&nbsp;&nbsp;_fadd
</UL>

<P><STRONG><a name="[e8]"></a>_fp_digits</STRONG> (Thumb, 412 bytes, Stack size 96 bytes, _printf_fp_dec.o(.text))
<BR><BR>[Stack]<UL><LI>Max Depth = 272<LI>Call Chain = _fp_digits &rArr; _btod_etento &rArr; _btod_emul &rArr; btod_internal_mul &rArr; __ARM_common_ll_muluu
</UL>
<BR>[Calls]<UL><LI><a href="#[eb]">&gt;&gt;</a>&nbsp;&nbsp;&nbsp;_btod_ediv
<LI><a href="#[ec]">&gt;&gt;</a>&nbsp;&nbsp;&nbsp;_btod_emul
<LI><a href="#[ea]">&gt;&gt;</a>&nbsp;&nbsp;&nbsp;_btod_d2e
<LI><a href="#[e9]">&gt;&gt;</a>&nbsp;&nbsp;&nbsp;_btod_etento
<LI><a href="#[ed]">&gt;&gt;</a>&nbsp;&nbsp;&nbsp;_ll_udiv10
</UL>
<BR>[Called By]<UL><LI><a href="#[2e]">&gt;&gt;</a>&nbsp;&nbsp;&nbsp;_printf_fp_dec_real
</UL>

<P><STRONG><a name="[2d]"></a>_printf_input_char</STRONG> (Thumb, 10 bytes, Stack size 0 bytes, _printf_char_common.o(.text))
<BR>[Address Reference Count : 1]<UL><LI> _printf_char_common.o(.text)
</UL>
<P><STRONG><a name="[f7]"></a>btod_internal_mul</STRONG> (Thumb, 492 bytes, Stack size 56 bytes, btod.o(.text))
<BR><BR>[Stack]<UL><LI>Max Depth = 80<LI>Call Chain = btod_internal_mul &rArr; __ARM_common_ll_muluu
</UL>
<BR>[Calls]<UL><LI><a href="#[f8]">&gt;&gt;</a>&nbsp;&nbsp;&nbsp;__ARM_common_ll_muluu
</UL>
<BR>[Called By]<UL><LI><a href="#[f9]">&gt;&gt;</a>&nbsp;&nbsp;&nbsp;_btod_emuld
<LI><a href="#[ec]">&gt;&gt;</a>&nbsp;&nbsp;&nbsp;_btod_emul
</UL>

<P><STRONG><a name="[fa]"></a>btod_internal_div</STRONG> (Thumb, 520 bytes, Stack size 64 bytes, btod.o(.text))
<BR><BR>[Stack]<UL><LI>Max Depth = 64<LI>Call Chain = btod_internal_div
</UL>
<BR>[Called By]<UL><LI><a href="#[fb]">&gt;&gt;</a>&nbsp;&nbsp;&nbsp;_btod_edivd
<LI><a href="#[eb]">&gt;&gt;</a>&nbsp;&nbsp;&nbsp;_btod_ediv
</UL>
<P>
<H3>
Undefined Global Symbols
</H3>
<P><STRONG><a name="[100]"></a>_call_atexit_fns</STRONG> (ARM, 0 bytes, Stack size 0 bytes, UNDEFINED)
<BR><BR>[Called By]<UL><LI><a href="#[c5]">&gt;&gt;</a>&nbsp;&nbsp;&nbsp;exit
</UL>

<P><STRONG><a name="[f2]"></a>_printf_post_padding</STRONG> (ARM, 0 bytes, Stack size 0 bytes, UNDEFINED)
<BR><BR>[Called By]<UL><LI><a href="#[ef]">&gt;&gt;</a>&nbsp;&nbsp;&nbsp;_printf_fp_infnan
<LI><a href="#[2e]">&gt;&gt;</a>&nbsp;&nbsp;&nbsp;_printf_fp_dec_real
</UL>

<P><STRONG><a name="[f1]"></a>_printf_pre_padding</STRONG> (ARM, 0 bytes, Stack size 0 bytes, UNDEFINED)
<BR><BR>[Called By]<UL><LI><a href="#[ef]">&gt;&gt;</a>&nbsp;&nbsp;&nbsp;_printf_fp_infnan
<LI><a href="#[2e]">&gt;&gt;</a>&nbsp;&nbsp;&nbsp;_printf_fp_dec_real
</UL>
<HR></body></html>
