Component: ARM Compiler 5.06 update 6 (build 750) Tool: armlink [4d35ed]

==============================================================================

Section Cross References

    delay.o(i.delay_Second) refers to ht32_cm0plus_misc.o(i.SYSTICK_IntConfig) for SYSTICK_IntConfig
    delay.o(i.delay_Second) refers to delay.o(.data) for DelaySeconds
    delay.o(i.delay_init) refers to ht32_cm0plus_misc.o(i.SYSTICK_ClockSourceConfig) for SYSTICK_ClockSourceConfig
    delay.o(i.delay_init) refers to ht32_cm0plus_misc.o(i.SYSTICK_IntConfig) for SYSTICK_IntConfig
    delay.o(i.delay_init) refers to ht32_cm0plus_misc.o(i.SYSTICK_CounterCmd) for SYSTICK_CounterCmd
    delay.o(i.delay_init) refers to delay.o(.data) for DelaySeconds
    ht32f5xxxx_01_it.o(i.ADC_IRQHandler) refers to ht32f5xxxx_adc.o(i.ADC_GetIntStatus) for ADC_GetIntStatus
    ht32f5xxxx_01_it.o(i.ADC_IRQHandler) refers to adc.o(i.ADC_EOC_interrupt_Callback) for ADC_EOC_interrupt_Callback
    ht32f5xxxx_01_it.o(i.EXTI4_15_IRQHandler) refers to key.o(i.SideKey_IntCallback) for SideKey_IntCallback
    ht32f5xxxx_01_it.o(i.GPTM0_IRQHandler) refers to ht32f5xxxx_tm.o(i.TM_GetFlagStatus) for TM_GetFlagStatus
    ht32f5xxxx_01_it.o(i.GPTM0_IRQHandler) refers to ht32f5xxxx_tm.o(i.TM_ClearFlag) for TM_ClearFlag
    ht32f5xxxx_01_it.o(i.GPTM0_IRQHandler) refers to main.o(.data) for SensorRefreshFlag
    ht32f5xxxx_01_it.o(i.PDMA_CH0_1_IRQHandler) refers to ht32f5xxxx_pdma.o(i.PDMA_GetFlagStatus) for PDMA_GetFlagStatus
    ht32f5xxxx_01_it.o(i.PDMA_CH0_1_IRQHandler) refers to ht32f5xxxx_pdma.o(i.PDMA_ClearFlag) for PDMA_ClearFlag
    ht32f5xxxx_01_it.o(i.PDMA_CH0_1_IRQHandler) refers to lcd_init.o(.data) for IsPDMATranferDone
    ht32f5xxxx_01_it.o(i.SysTick_Handler) refers to delay.o(.data) for DelaySeconds
    lineartabop.o(i.CheckLinearTable) refers to feqf.o(x$fpl$feqf) for __aeabi_cfcmpeq
    lineartabop.o(i.CheckLinearTable) refers to frlef.o(x$fpl$frleqf) for __aeabi_cfrcmple
    lineartabop.o(i.CheckLinearTable) refers to flef.o(x$fpl$fleqf) for __aeabi_cfcmple
    lineartabop.o(i.QueueLinearTable) refers to lineartabop.o(i.CheckLinearTable) for CheckLinearTable
    lineartabop.o(i.QueueLinearTable) refers to flef.o(x$fpl$fleqf) for __aeabi_cfcmple
    lineartabop.o(i.QueueLinearTable) refers to frlef.o(x$fpl$frleqf) for __aeabi_cfrcmple
    lineartabop.o(i.QueueLinearTable) refers to faddsub.o(x$fpl$fsub) for __aeabi_fsub
    lineartabop.o(i.QueueLinearTable) refers to fdiv.o(.text) for __aeabi_fdiv
    lineartabop.o(i.QueueLinearTable) refers to fmul.o(x$fpl$fmul) for __aeabi_fmul
    lineartabop.o(i.QueueLinearTable) refers to faddsub.o(x$fpl$fadd) for __aeabi_fadd
    lineartabop.o(i.iroundf) refers to ffixi.o(.text) for __aeabi_f2iz
    lineartabop.o(i.iroundf) refers to fflti.o(.text) for __aeabi_i2f
    lineartabop.o(i.iroundf) refers to faddsub.o(x$fpl$frsb) for __aeabi_frsub
    lineartabop.o(i.iroundf) refers to fmul.o(x$fpl$fmul) for __aeabi_fmul
    main.o(i.main) refers to ht32f5xxxx_ckcu.o(i.CKCU_PeripClockConfig) for CKCU_PeripClockConfig
    main.o(i.main) refers to flashprot.o(i.SetDebugPortState) for SetDebugPortState
    main.o(i.main) refers to delay.o(i.delay_init) for delay_init
    main.o(i.main) refers to pmsetup.o(i.PowerMgmtSetup) for PowerMgmtSetup
    main.o(i.main) refers to lcd_init.o(i.LCD_HardwareInit) for LCD_HardwareInit
    main.o(i.main) refers to lcd_init.o(i.LCD_Init) for LCD_Init
    main.o(i.main) refers to key.o(i.SideKey_Init) for SideKey_Init
    main.o(i.main) refers to postscreen.o(i.PostScreenInit) for PostScreenInit
    main.o(i.main) refers to ht32f5xxxx_gpio.o(i.GPIO_ClearOutBits) for GPIO_ClearOutBits
    main.o(i.main) refers to mcubeattimer.o(i.EnableHBTimer) for EnableHBTimer
    main.o(i.main) refers to adc.o(i.InternalADC_Init) for InternalADC_Init
    main.o(i.main) refers to pmsetup.o(i.KickIP2366ToWakeUp) for KickIP2366ToWakeUp
    main.o(i.main) refers to i2cdrv.o(i.SMBUS_Init) for SMBUS_Init
    main.o(i.main) refers to ip2366_init.o(i.IP2366_PreInit) for IP2366_PreInit
    main.o(i.main) refers to config.o(i.LoadConfig) for LoadConfig
    main.o(i.main) refers to mcubeattimer.o(i.CheckIfHBTIMStart) for CheckIfHBTIMStart
    main.o(i.main) refers to flashprot.o(i.CheckForFlashLock) for CheckForFlashLock
    main.o(i.main) refers to captestmgmt.o(i.POR_ReadCapData) for POR_ReadCapData
    main.o(i.main) refers to balancemgmt.o(i.BalanceMgmt_Init) for BalanceMgmt_Init
    main.o(i.main) refers to logsystem.o(i.RunLogModule_POR) for RunLogModule_POR
    main.o(i.main) refers to screendirset.o(i.ApplyScreenDirection) for ApplyScreenDirection
    main.o(i.main) refers to ip2366_init.o(i.IP2366_PostInit) for IP2366_PostInit
    main.o(i.main) refers to hptypecgauge.o(i.HPPowerGuage_Start) for HPPowerGuage_Start
    main.o(i.main) refers to instantcaptest.o(i.PushDefaultResultToVBat) for PushDefaultResultToVBat
    main.o(i.main) refers to postscreen.o(i.ShowPostInfo) for ShowPostInfo
[...]
    0x0000021a   0x0000021a   0x00000000   Code   RO         7219    .ARM.Collect$$libinit$$00000025  c_p.l(libinit2.o)
    0x0000021a   0x0000021a   0x00000000   Code   RO         7223    .ARM.Collect$$libinit$$0000002C  c_p.l(libinit2.o)
    0x0000021a   0x0000021a   0x00000000   Code   RO         7225    .ARM.Collect$$libinit$$0000002E  c_p.l(libinit2.o)
    0x0000021a   0x0000021a   0x00000000   Code   RO         7227    .ARM.Collect$$libinit$$00000030  c_p.l(libinit2.o)
    0x0000021a   0x0000021a   0x00000000   Code   RO         7229    .ARM.Collect$$libinit$$00000032  c_p.l(libinit2.o)
    0x0000021a   0x0000021a   0x00000002   Code   RO         7230    .ARM.Collect$$libinit$$00000033  c_p.l(libinit2.o)
    0x0000021c   0x0000021c   0x00000002   Code   RO         7282    .ARM.Collect$$libshutdown$$00000000  c_p.l(libshutdown.o)
    0x0000021e   0x0000021e   0x00000000   Code   RO         7300    .ARM.Collect$$libshutdown$$00000002  c_p.l(libshutdown2.o)
    0x0000021e   0x0000021e   0x00000000   Code   RO         7302    .ARM.Collect$$libshutdown$$00000004  c_p.l(libshutdown2.o)
    0x0000021e   0x0000021e   0x00000000   Code   RO         7305    .ARM.Collect$$libshutdown$$00000007  c_p.l(libshutdown2.o)
    0x0000021e   0x0000021e   0x00000000   Code   RO         7308    .ARM.Collect$$libshutdown$$0000000A  c_p.l(libshutdown2.o)
    0x0000021e   0x0000021e   0x00000000   Code   RO         7310    .ARM.Collect$$libshutdown$$0000000C  c_p.l(libshutdown2.o)
    0x0000021e   0x0000021e   0x00000000   Code   RO         7313    .ARM.Collect$$libshutdown$$0000000F  c_p.l(libshutdown2.o)
    0x0000021e   0x0000021e   0x00000002   Code   RO         7314    .ARM.Collect$$libshutdown$$00000010  c_p.l(libshutdown2.o)
    0x00000220   0x00000220   0x00000000   Code   RO         7057    .ARM.Collect$$rtentry$$00000000  c_p.l(__rtentry.o)
    0x00000220   0x00000220   0x00000000   Code   RO         7110    .ARM.Collect$$rtentry$$00000002  c_p.l(__rtentry2.o)
    0x00000220   0x00000220   0x00000006   Code   RO         7122    .ARM.Collect$$rtentry$$00000004  c_p.l(__rtentry4.o)
    0x00000226   0x00000226   0x00000000   Code   RO         7112    .ARM.Collect$$rtentry$$00000009  c_p.l(__rtentry2.o)
    0x00000226   0x00000226   0x00000004   Code   RO         7113    .ARM.Collect$$rtentry$$0000000A  c_p.l(__rtentry2.o)
    0x0000022a   0x0000022a   0x00000000   Code   RO         7115    .ARM.Collect$$rtentry$$0000000C  c_p.l(__rtentry2.o)
    0x0000022a   0x0000022a   0x00000008   Code   RO         7116    .ARM.Collect$$rtentry$$0000000D  c_p.l(__rtentry2.o)
    0x00000232   0x00000232   0x00000002   Code   RO         7236    .ARM.Collect$$rtexit$$00000000  c_p.l(rtexit.o)
    0x00000234   0x00000234   0x00000000   Code   RO         7251    .ARM.Collect$$rtexit$$00000002  c_p.l(rtexit2.o)
    0x00000234   0x00000234   0x00000004   Code   RO         7252    .ARM.Collect$$rtexit$$00000003  c_p.l(rtexit2.o)
    0x00000238   0x00000238   0x00000006   Code   RO         7253    .ARM.Collect$$rtexit$$00000004  c_p.l(rtexit2.o)
    0x0000023e   0x0000023e   0x00000002   PAD
    0x00000240   0x00000240   0x00000038   Code   RO         6957    .text               c_p.l(noretval__2snprintf.o)
    0x00000278   0x00000278   0x0000010e   Code   RO         6969    .text               c_p.l(__printf_wp.o)
    0x00000386   0x00000386   0x00000002   PAD
    0x00000388   0x00000388   0x000000a0   Code   RO         6983    .text               c_p.l(strncmp.o)
    0x00000428   0x00000428   0x00000040   Code   RO         6985    .text               c_p.l(rt_memclr.o)
    0x00000468   0x00000468   0x0000006c   Code   RO         6987    .text               c_p.l(strncpy.o)
    0x000004d4   0x000004d4   0x000001e8   Code   RO         6989    .text               c_p.l(aeabi_sdivfast.o)
    0x000006bc   0x000006bc   0x00000006   Code   RO         6993    .text               c_p.l(heapauxi.o)
    0x000006c2   0x000006c2   0x00000002   PAD
    0x000006c4   0x000006c4   0x0000007c   Code   RO         6997    .text               fz_ps.l(d2f.o)
    0x00000740   0x00000740   0x00000358   Code   RO         6999    .text               fz_ps.l(daddsub.o)
    0x00000a98   0x00000a98   0x00000448   Code   RO         7001    .text               fz_ps.l(ddiv.o)
    0x00000ee0   0x00000ee0   0x00000048   Code   RO         7004    .text               fz_ps.l(dfixui.o)
    0x00000f28   0x00000f28   0x00000058   Code   RO         7006    .text               fz_ps.l(dflti.o)
    0x00000f80   0x00000f80   0x00000248   Code   RO         7008    .text               fz_ps.l(dmul.o)
    0x000011c8   0x000011c8   0x00000054   Code   RO         7010    .text               fz_ps.l(f2d.o)
    0x0000121c   0x0000121c   0x00000160   Code   RO         7018    .text               fz_ps.l(fdiv.o)
    0x0000137c   0x0000137c   0x0000004c   Code   RO         7023    .text               fz_ps.l(ffixi.o)
    0x000013c8   0x000013c8   0x0000005e   Code   RO         7025    .text               fz_ps.l(fflti.o)
    0x00001426   0x00001426   0x00000002   PAD
    0x00001428   0x00001428   0x00000044   Code   RO         7033    .text               fz_ps.l(fscalbn.o)
    0x0000146c   0x0000146c   0x00000016   Code   RO         7062    .text               c_p.l(_rserrno.o)
    0x00001482   0x00001482   0x00000002   PAD
    0x00001484   0x00001484   0x00000418   Code   RO         7064    .text               c_p.l(_printf_fp_dec.o)
    0x0000189c   0x0000189c   0x00000030   Code   RO         7066    .text               c_p.l(_printf_char_common.o)
    0x000018cc   0x000018cc   0x0000000a   Code   RO         7068    .text               c_p.l(_sputc.o)
    0x000018d6   0x000018d6   0x00000010   Code   RO         7070    .text               c_p.l(_snputc.o)
    0x000018e6   0x000018e6   0x00000002   PAD
    0x000018e8   0x000018e8   0x00000060   Code   RO         7077    .text               fz_ps.l(dscalbn.o)
    0x00001948   0x00001948   0x00000064   Code   RO         7079    .text               fz_ps.l(fcmpin.o)
    0x000019ac   0x000019ac   0x00000008   Code   RO         7129    .text               c_p.l(rt_locale_intlibspace.o)
    0x000019b4   0x000019b4   0x00000008   Code   RO         7134    .text               c_p.l(rt_errno_addr_intlibspace.o)
    0x000019bc   0x000019bc   0x0000007a   Code   RO         7136    .text               c_p.l(lludiv10.o)
    0x00001a36   0x00001a36   0x00000002   PAD
    0x00001a38   0x00001a38   0x00000088   Code   RO         7138    .text               c_p.l(_printf_fp_infnan.o)
    0x00001ac0   0x00001ac0   0x000000d8   Code   RO         7142    .text               c_p.l(bigflt0.o)
    0x00001b98   0x00001b98   0x00000580   Code   RO         7145    .text               c_p.l(btod.o)
    0x00002118   0x00002118   0x00000028   Code   RO         7152    .text               c_p.l(rtudiv10.o)
    0x00002140   0x00002140   0x0000002e   Code   RO         7154    .text               fz_ps.l(cmpret.o)
    0x0000216e   0x0000216e   0x00000002   PAD
    0x00002170   0x00002170   0x00000090   Code   RO         7156    .text               fz_ps.l(dcmpin.o)
    0x00002200   0x00002200   0x00000100   Code   RO         7160    .text               fz_ps.l(dsqrt.o)
    0x00002300   0x00002300   0x00000010   Code   RO         7162    .text               fz_ps.l(fnan2.o)
    0x00002310   0x00002310   0x00000008   Code   RO         7166    .text               c_p.l(libspace.o)
    0x00002318   0x00002318   0x0000003e   Code   RO         7169    .text               c_p.l(sys_stackheap_outer.o)
    0x00002356   0x00002356   0x00000010   Code   RO         7172    .text               c_p.l(exit.o)
    0x00002366   0x00002366   0x00000002   PAD
    0x00002368   0x00002368   0x000000a0   Code   RO         7178    .text               c_p.l(strcmpv6m.o)
    0x00002408   0x00002408   0x00000014   Code   RO         7231    .text               fz_ps.l(dnan2.o)
    0x0000241c   0x0000241c   0x0000005e   Code   RO         7233    .text               fz_ps.l(retnan.o)
    0x0000247a   0x0000247a   0x00000002   PAD
    0x0000247c   0x0000247c   0x0000000c   Code   RO         7248    .text               c_p.l(sys_exit.o)
    0x00002488   0x00002488   0x00000002   Code   RO         7269    .text               c_p.l(use_no_semi.o)
    0x0000248a   0x0000248a   0x00000000   Code   RO         7271    .text               c_p.l(indicate_semi.o)
    0x0000248a   0x0000248a   0x00000006   Code   RO          528    i.ADC_ClearIntPendingBit  ht32f5xxxx_adc.o
    0x00002490   0x00002490   0x00000012   Code   RO          529    i.ADC_Cmd           ht32f5xxxx_adc.o
    0x000024a2   0x000024a2   0x00000002   PAD
    0x000024a4   0x000024a4   0x0000001c   Code   RO         3897    i.ADC_EOC_interrupt_Callback  adc.o
    0x000024c0   0x000024c0   0x0000000c   Code   RO          533    i.ADC_GetIntStatus  ht32f5xxxx_adc.o
    0x000024cc   0x000024cc   0x00000254   Code   RO         3898    i.ADC_GetResult     adc.o
    0x00002720   0x00002720   0x00000018   Code   RO          184    i.ADC_IRQHandler    ht32f5xxxx_01_it.o
    0x00002738   0x00002738   0x00000012   Code   RO          534    i.ADC_IntConfig     ht32f5xxxx_adc.o
    0x0000274a   0x0000274a   0x0000001e   Code   RO          536    i.ADC_RegularChannelConfig  ht32f5xxxx_adc.o
    0x00002768   0x00002768   0x0000001a   Code   RO          537    i.ADC_RegularGroupConfig  ht32f5xxxx_adc.o
    0x00002782   0x00002782   0x0000000e   Code   RO          538    i.ADC_RegularTrigConfig  ht32f5xxxx_adc.o
    0x00002790   0x00002790   0x00000004   Code   RO          540    i.ADC_SamplingTimeConfig  ht32f5xxxx_adc.o
    0x00002794   0x00002794   0x00000014   Code   RO          541    i.ADC_SoftwareStartConvCmd  ht32f5xxxx_adc.o
    0x000027a8   0x000027a8   0x0000002c   Code   RO         1234    i.AFIO_EXTISourceConfig  ht32f5xxxx_gpio.o
    0x000027d4   0x000027d4   0x000000e4   Code   RO         1235    i.AFIO_GPxConfig    ht32f5xxxx_gpio.o
    0x000028b8   0x000028b8   0x000000b4   Code   RO         5761    i.AboutEasterEgg    aboutmenu.o
    0x0000296c   0x0000296c   0x00000058   Code   RO         5762    i.AboutMenuKeyProc  aboutmenu.o
    0x000029c4   0x000029c4   0x000001b0   Code   RO         5763    i.AboutMenuRender   aboutmenu.o
    0x00002b74   0x00002b74   0x00000010   Code   RO         5031    i.ActOneShotTest    setttingmainmenu.o
    0x00002b84   0x00002b84   0x00000010   Code   RO         5835    i.AdapterEmuEnter   adapteremulationmenu.o
    0x00002b94   0x00002b94   0x000003ac   Code   RO         5836    i.AdapterEmuRender  adapteremulationmenu.o
    0x00002f40   0x00002f40   0x000004b0   Code   RO         5837    i.AdapterEmuRunningHandler  adapteremulationmenu.o
    0x000033f0   0x000033f0   0x00000060   Code   RO         5838    i.AdapterMenuKeyProc  adapteremulationmenu.o
    0x00003450   0x00003450   0x00000068   Code   RO         4739    i.ApplyScreenDirection  screendirset.o
    0x000034b8   0x000034b8   0x00000030   Code   RO         4615    i.AttackDetectInit  enterpasswordmenu.o
    0x000034e8   0x000034e8   0x00000040   Code   RO         4616    i.AttackTimeCounter  enterpasswordmenu.o
    0x00003528   0x00003528   0x000001d4   Code   RO         6275    i.AutoBalFSMHandler  autoextendbalancemenu.o
    0x000036fc   0x000036fc   0x000004ec   Code   RO         6276    i.AutoBalMenuRenderHandler  autoextendbalancemenu.o
    0x00003be8   0x00003be8   0x00000014   Code   RO         6277    i.AutoBalTIMHandler  autoextendbalancemenu.o
    0x00003bfc   0x00003bfc   0x00000028   Code   RO         5632    i.BackFromEsetupToMainMenu  easysetupmenu.o
    0x00003c24   0x00003c24   0x00000024   Code   RO         6189    i.BackFromGUIPref   guiprefmenu.o
    0x00003c48   0x00003c48   0x00000010   Code   RO         5805    i.BackFromTset      otptempset.o
    0x00003c58   0x00003c58   0x00000010   Code   RO         5685    i.BackToEasySetup   enteradvancedmodemenu.o
    0x00003c68   0x00003c68   0x0000003c   Code   RO         5370    i.BackToResetMenu   resetconfigmenu.o
    0x00003ca4   0x00003ca4   0x00000128   Code   RO         6239    i.BalMenuFSMProcess  manustartbalancemenu.o
    0x00003dcc   0x00003dcc   0x0000031c   Code   RO         6240    i.BalMenuGUIHandler  manustartbalancemenu.o
    0x000040e8   0x000040e8   0x00000098   Code   RO         4829    i.BalanceMgmt_Init  balancemgmt.o
    0x00004180   0x00004180   0x0000000c   Code   RO         4830    i.Balance_ForceDiasble  balancemgmt.o
    0x0000418c   0x0000418c   0x00000140   Code   RO         4831    i.Balance_IOMgmt    balancemgmt.o
    0x000042cc   0x000042cc   0x00000010   Code   RO         6724    i.BattICALMenuDummy  batterycalsetmenu.o
    0x000042dc   0x000042dc   0x00000010   Code   RO         6725    i.BattVCALMenuDummy  batterycalsetmenu.o
    0x000042ec   0x000042ec   0x00000014   Code   RO          650    i.CKCU_GetClockReadyStatus  ht32f5xxxx_ckcu.o
    0x00004300   0x00004300   0x00000018   Code   RO          660    i.CKCU_HSICmd       ht32f5xxxx_ckcu.o
    0x00004318   0x00004318   0x00000028   Code   RO          669    i.CKCU_PeripClockConfig  ht32f5xxxx_ckcu.o
    0x00004340   0x00004340   0x0000001c   Code   RO          670    i.CKCU_SetADCnPrescaler  ht32f5xxxx_ckcu.o
    0x0000435c   0x0000435c   0x00000010   Code   RO          938    i.CRC_DeInit        ht32f5xxxx_crc.o
    0x0000436c   0x0000436c   0x00000014   Code   RO          940    i.CRC_Process       ht32f5xxxx_crc.o
    0x00004380   0x00004380   0x00000158   Code   RO         5276    i.CTestAverageACC   captestmenu.o
    0x000044d8   0x000044d8   0x000001ac   Code   RO         5277    i.CTestFSMHandler   captestmenu.o
    0x00004684   0x00004684   0x00000c60   Code   RO         5278    i.CTestGUIHandler   captestmenu.o
    0x000052e4   0x000052e4   0x00000090   Code   RO         5279    i.CTestKeyHandler   captestmenu.o
    0x00005374   0x00005374   0x000000b0   Code   RO         6820    i.CalcCapDataCRC32  captestmgmt.o
    0x00005424   0x00005424   0x00000034   Code   RO         5322    i.CalcIfNeedToReset  restorefactorysetmenu.o
    0x00005458   0x00005458   0x000000b4   Code   RO         6875    i.CalcLogContentCRC32  logsystem.o
    0x0000550c   0x0000550c   0x000000b0   Code   RO         6756    i.CalcROMCRC32      config.o
    0x000055bc   0x000055bc   0x0000005c   Code   RO         6876    i.CalcRunLogCRC32   logsystem.o
    0x00005618   0x00005618   0x00000058   Code   RO         5419    i.CapHisKeyHandler  displaylastctestmenu.o
    0x00005670   0x00005670   0x000002a0   Code   RO         4185    i.CheckForFlashLock  flashprot.o
    0x00005910   0x00005910   0x00000030   Code   RO         5464    i.CheckILimitIsOK   setchargecurrentmenu.o
    0x00005940   0x00005940   0x000000c4   Code   RO         5839    i.CheckIfBattTooLow  adapteremulationmenu.o
    0x00005a04   0x00005a04   0x00000030   Code   RO         6757    i.CheckIfConfigIsSame  config.o
    0x00005a34   0x00005a34   0x00000098   Code   RO          371    i.CheckIfHBTIMStart  mcubeattimer.o
    0x00005acc   0x00005acc   0x000000a0   Code   RO         6500    i.CheckIfPPS1And2CanAdjust  pdoutputconfig.o
    0x00005b6c   0x00005b6c   0x00000030   Code   RO         6457    i.CheckPPSIsetIsOK  ppsoutputcurrentsetmenu.o
    0x00005b9c   0x00005b9c   0x00000024   Code   RO         6821    i.ClearHistoryData  captestmgmt.o
    0x00005bc0   0x00005bc0   0x0000000c   Code   RO         4536    i.ClearMenuIndex    menusystem.o
    0x00005bcc   0x00005bcc   0x00000060   Code   RO         5555    i.ColHisKeyHandler  columgaugeviewmenu.o
    0x00005c2c   0x00005c2c   0x000000d8   Code   RO         5764    i.ColorTextGen      aboutmenu.o
    0x00005d04   0x00005d04   0x00000058   Code   RO         4661    i.DetectIfIP2366Reset  ip2366_init.o
    0x00005d5c   0x00005d5c   0x00000138   Code   RO         5556    i.DisplayAh         columgaugeviewmenu.o
    0x00005e94   0x00005e94   0x000000c4   Code   RO         6063    i.DisplayAlertMsg   safetyalertmenu.o
    0x00005f58   0x00005f58   0x000000f4   Code   RO         5557    i.DisplayCapacity   columgaugeviewmenu.o
    0x0000604c   0x0000604c   0x00000184   Code   RO         5371    i.DisplayResetOK    resetconfigmenu.o
    0x000061d0   0x000061d0   0x000000f0   Code   RO         5967    i.DisplaySuccEnteredCapStart  enableinstcaptmenu.o
    0x000062c0   0x000062c0   0x00000008   Code   RO          185    i.EXTI4_15_IRQHandler  ht32f5xxxx_01_it.o
    0x000062c8   0x000062c8   0x00000010   Code   RO         1037    i.EXTI_ClearEdgeFlag  ht32f5xxxx_exti.o
    0x000062d8   0x000062d8   0x00000018   Code   RO         1040    i.EXTI_GetEdgeFlag  ht32f5xxxx_exti.o
    0x000062f0   0x000062f0   0x00000020   Code   RO         1044    i.EXTI_Init         ht32f5xxxx_exti.o
    0x00006310   0x00006310   0x0000001c   Code   RO         1045    i.EXTI_IntConfig    ht32f5xxxx_exti.o
    0x0000632c   0x0000632c   0x00000028   Code   RO         6278    i.EnableAutoBal     autoextendbalancemenu.o
    0x00006354   0x00006354   0x00000084   Code   RO          373    i.EnableHBTimer     mcubeattimer.o
    0x000063d8   0x000063d8   0x00000024   Code   RO         5968    i.EnableICTestMode  enableinstcaptmenu.o
    0x000063fc   0x000063fc   0x00000010   Code   RO         5032    i.EnterAbout        setttingmainmenu.o
    0x0000640c   0x0000640c   0x00000010   Code   RO         5033    i.EnterAdapterEmu   setttingmainmenu.o
    0x0000641c   0x0000641c   0x00000010   Code   RO         5633    i.EnterAdvMode      easysetupmenu.o
    0x0000642c   0x0000642c   0x00000018   Code   RO         5686    i.EnterAdvModeProc  enteradvancedmodemenu.o
    0x00006444   0x00006444   0x00000010   Code   RO         5034    i.EnterAutoExtBalMenu  setttingmainmenu.o
    0x00006454   0x00006454   0x00000010   Code   RO         5035    i.EnterBalCfg       setttingmainmenu.o
    0x00006464   0x00006464   0x00000010   Code   RO         6346    i.EnterBattICAL     typecgaugeconfigmenu.o
    0x00006474   0x00006474   0x00000010   Code   RO         6347    i.EnterBattVCAL     typecgaugeconfigmenu.o
    0x00006484   0x00006484   0x00000010   Code   RO         5036    i.EnterCTHistory    setttingmainmenu.o
    0x00006494   0x00006494   0x00000010   Code   RO         5037    i.EnterChargeTest   setttingmainmenu.o
    0x000064a4   0x000064a4   0x00000010   Code   RO         5038    i.EnterChgMgmt      setttingmainmenu.o
    0x000064b4   0x000064b4   0x00000010   Code   RO         5216    i.EnterChgVsetMenu  chargingsystemmenu.o
    0x000064c4   0x000064c4   0x00000024   Code   RO         5039    i.EnterDisMgmt      setttingmainmenu.o
    0x000064e8   0x000064e8   0x00000010   Code   RO         6348    i.EnterDsourceSel   typecgaugeconfigmenu.o
    0x000064f8   0x000064f8   0x00000010   Code   RO         6501    i.EnterFPDO12VSet   pdoutputconfig.o
    0x00006508   0x00006508   0x00000010   Code   RO         6502    i.EnterFPDO15VSet   pdoutputconfig.o
    0x00006518   0x00006518   0x00000010   Code   RO         6503    i.EnterFPDO20VSet   pdoutputconfig.o
    0x00006528   0x00006528   0x00000010   Code   RO         6504    i.EnterFPDO9VSet    pdoutputconfig.o
    0x00006538   0x00006538   0x00000010   Code   RO         6505    i.EnterFixPDOICCMODEN  pdoutputconfig.o
    0x00006548   0x00006548   0x00000010   Code   RO         5040    i.EnterGUIPref      setttingmainmenu.o
    0x00006558   0x00006558   0x00000010   Code   RO         5217    i.EnterIChargeSet   chargingsystemmenu.o
    0x00006568   0x00006568   0x00000024   Code   RO         5218    i.EnterIstopMenu    chargingsystemmenu.o
    0x0000658c   0x0000658c   0x00000010   Code   RO         5041    i.EnterLVSet        setttingmainmenu.o
    0x0000659c   0x0000659c   0x00000010   Code   RO         5042    i.EnterManuBal      setttingmainmenu.o
    0x000065ac   0x000065ac   0x00000010   Code   RO         5219    i.EnterMaxVPDMenu   chargingsystemmenu.o
    0x000065bc   0x000065bc   0x00000010   Code   RO         6506    i.EnterPDOSet       pdoutputconfig.o
    0x000065cc   0x000065cc   0x00000010   Code   RO         5043    i.EnterPDOutCfg     setttingmainmenu.o
    0x000065dc   0x000065dc   0x00000010   Code   RO         6507    i.EnterPPS1Set      pdoutputconfig.o
    0x000065ec   0x000065ec   0x00000010   Code   RO         6508    i.EnterPPS2Set      pdoutputconfig.o
    0x000065fc   0x000065fc   0x00000024   Code   RO         5044    i.EnterPSet         setttingmainmenu.o
    0x00006620   0x00006620   0x00000010   Code   RO         5220    i.EnterPreChargeIset  chargingsystemmenu.o
    0x00006630   0x00006630   0x00000038   Code   RO         6678    i.EnterQuickMenu    quickaccessmenu.o
    0x00006668   0x00006668   0x00000010   Code   RO         5221    i.EnterRechargeSetMenu  chargingsystemmenu.o
    0x00006678   0x00006678   0x00000010   Code   RO         5045    i.EnterResetFactory  setttingmainmenu.o
    0x00006688   0x00006688   0x0000000c   Code   RO         6064    i.EnterSafeAlmMode  safetyalertmenu.o
    0x00006694   0x00006694   0x00000010   Code   RO         5046    i.EnterSecuCfg      setttingmainmenu.o
    0x000066a4   0x000066a4   0x00000010   Code   RO         5734    i.EnterSecuProc     entersecusettingmenu.o
    0x000066b4   0x000066b4   0x00000010   Code   RO         5047    i.EnterStorageModePref  setttingmainmenu.o
    0x000066c4   0x000066c4   0x00000010   Code   RO         6349    i.EnterTCICAL       typecgaugeconfigmenu.o
    0x000066d4   0x000066d4   0x00000014   Code   RO         5899    i.EnterTCResetMenu  typecconnreset.o
    0x000066e8   0x000066e8   0x00000010   Code   RO         6350    i.EnterTCVCAL       typecgaugeconfigmenu.o
    0x000066f8   0x000066f8   0x00000010   Code   RO         5048    i.EnterTset         setttingmainmenu.o
    0x00006708   0x00006708   0x00000010   Code   RO         5049    i.EnterTypeCGaugeConfig  setttingmainmenu.o
    0x00006718   0x00006718   0x0000005c   Code   RO         4767    i.EnteredInstantCapTest  instantcaptest.o
    0x00006774   0x00006774   0x00000068   Code   RO         5841    i.ExitAdapterEmulation  adapteremulationmenu.o
    0x000067dc   0x000067dc   0x0000001c   Code   RO         1135    i.FLASH_EraseOptionByte  ht32f5xxxx_flash.o
    0x000067f8   0x000067f8   0x00000014   Code   RO         1136    i.FLASH_ErasePage   ht32f5xxxx_flash.o
    0x0000680c   0x0000680c   0x00000034   Code   RO         1138    i.FLASH_GetOptionByteStatus  ht32f5xxxx_flash.o
    0x00006840   0x00006840   0x0000006c   Code   RO         1142    i.FLASH_ProgramOptionByte  ht32f5xxxx_flash.o
    0x000068ac   0x000068ac   0x00000018   Code   RO         1143    i.FLASH_ProgramWordData  ht32f5xxxx_flash.o
    0x000068c4   0x000068c4   0x00000058   Code   RO         1146    i.FLASH_WaitForOperationEnd  ht32f5xxxx_flash.o
    0x0000691c   0x0000691c   0x00000010   Code   RO         6589    i.FPDO12VIsetDummy  fixedpdoiccedit.o
    0x0000692c   0x0000692c   0x00000010   Code   RO         6590    i.FPDO15VIsetDummy  fixedpdoiccedit.o
    0x0000693c   0x0000693c   0x00000044   Code   RO         6591    i.FPDO20VEnterCheck  fixedpdoiccedit.o
    0x00006980   0x00006980   0x00000058   Code   RO         6592    i.FPDO20VExitCheck  fixedpdoiccedit.o
    0x000069d8   0x000069d8   0x00000024   Code   RO         6593    i.FPDO20VIsetDummy  fixedpdoiccedit.o
    0x000069fc   0x000069fc   0x00000010   Code   RO         6594    i.FPDO9VIsetDummy   fixedpdoiccedit.o
    0x00006a0c   0x00006a0c   0x00000018   Code   RO         6211    i.FedBalEnumValue   balsysmenu.o
    0x00006a24   0x00006a24   0x00000030   Code   RO         5939    i.FedDisplayEnumValue  displaydirmenu.o
    0x00006a54   0x00006a54   0x00000030   Code   RO         6034    i.FedIStopEnumValue  istopmenu.o
    0x00006a84   0x00006a84   0x00000018   Code   RO         4968    i.FedLVEnumValue    lvsetmenu.o
    0x00006a9c   0x00006a9c   0x0000007c   Code   RO         6096    i.FedMaxVPDEnumValue  maxvpdconfigmenu.o
    0x00006b18   0x00006b18   0x00000040   Code   RO         4940    i.FedPWREnumValue   chargepowermenu.o
    0x00006b58   0x00006b58   0x00000018   Code   RO         6000    i.FedRechargeEnumValue  vrechargemenu.o
    0x00006b70   0x00006b70   0x00000034   Code   RO         6648    i.FedStorageModeEnumValue  storagemodemenu.o
    0x00006ba4   0x00006ba4   0x0000001c   Code   RO         6393    i.FedTCSourceEnumValue  typeccalibrationsource.o
    0x00006bc0   0x00006bc0   0x00000062   Code   RO         6877    i.FindLatestEntryViaIncCode  logsystem.o
    0x00006c22   0x00006c22   0x00000002   PAD
    0x00006c24   0x00006c24   0x000000a8   Code   RO         6878    i.ForceWriteRuntimelog  logsystem.o
    0x00006ccc   0x00006ccc   0x00000004   Code   RO         1236    i.GPIO_ClearOutBits  ht32f5xxxx_gpio.o
    0x00006cd0   0x00006cd0   0x00000010   Code   RO         1238    i.GPIO_DirectionConfig  ht32f5xxxx_gpio.o
    0x00006ce0   0x00006ce0   0x00000038   Code   RO         1240    i.GPIO_DriveConfig  ht32f5xxxx_gpio.o
    0x00006d18   0x00006d18   0x00000010   Code   RO         1242    i.GPIO_InputConfig  ht32f5xxxx_gpio.o
    0x00006d28   0x00006d28   0x00000022   Code   RO         1247    i.GPIO_PullResistorConfig  ht32f5xxxx_gpio.o
    0x00006d4a   0x00006d4a   0x0000000a   Code   RO         1248    i.GPIO_ReadInBit    ht32f5xxxx_gpio.o
    0x00006d54   0x00006d54   0x0000000a   Code   RO         1250    i.GPIO_ReadOutBit   ht32f5xxxx_gpio.o
    0x00006d5e   0x00006d5e   0x00000004   Code   RO         1252    i.GPIO_SetOutBits   ht32f5xxxx_gpio.o
    0x00006d62   0x00006d62   0x00000002   PAD
    0x00006d64   0x00006d64   0x0000002c   Code   RO          186    i.GPTM0_IRQHandler  ht32f5xxxx_01_it.o
    0x00006d90   0x00006d90   0x00000014   Code   RO         4537    i.GUIDelayHandler   menusystem.o
    0x00006da4   0x00006da4   0x00000184   Code   RO         4873    i.HPPowerGuage_Start  hptypecgauge.o
    0x00006f28   0x00006f28   0x0000001c   Code   RO          187    i.HardFault_Handler  ht32f5xxxx_01_it.o
    0x00006f44   0x00006f44   0x00000010   Code   RO         6421    i.ICALMenuDummy     typeccalibrationset.o
    0x00006f54   0x00006f54   0x000000fc   Code   RO         3523    i.IIC_Read_Byte     i2cdrv.o
    0x00007050   0x00007050   0x00000078   Code   RO         3524    i.IIC_Send_Byte     i2cdrv.o
    0x000070c8   0x000070c8   0x00000054   Code   RO         3525    i.IIC_Start         i2cdrv.o
    0x0000711c   0x0000711c   0x00000058   Code   RO         3526    i.IIC_Stop          i2cdrv.o
    0x00007174   0x00007174   0x000000c0   Code   RO         3527    i.IIC_Wait_Ack      i2cdrv.o
    0x00007234   0x00007234   0x00000100   Code   RO         4278    i.INA226_GetBusInformation  ina226.o
    0x00007334   0x00007334   0x000001f4   Code   RO         4279    i.INA226_INIT       ina226.o
    0x00007528   0x00007528   0x0000002a   Code   RO         4280    i.INA226_QueueIfGaugeCanReady  ina226.o
    0x00007552   0x00007552   0x00000022   Code   RO         4281    i.INA226_SetAlertRegister  ina226.o
    0x00007574   0x00007574   0x000000a0   Code   RO         3585    i.IP2366StallRestore  pmsetup.o
    0x00007614   0x00007614   0x0000000c   Code   RO         3946    i.IP2366_ClearOCFlag  ip2366_reg.o
    0x00007620   0x00007620   0x00000028   Code   RO         3947    i.IP2366_DetectIfChipReset  ip2366_reg.o
    0x00007648   0x00007648   0x0000001a   Code   RO         3948    i.IP2366_DetectIfPresent  ip2366_reg.o
    0x00007662   0x00007662   0x0000007a   Code   RO         3949    i.IP2366_EnableDCDC  ip2366_reg.o
    0x000076dc   0x000076dc   0x0000010c   Code   RO         3950    i.IP2366_GetChargerState  ip2366_reg.o
    0x000077e8   0x000077e8   0x00000022   Code   RO         3951    i.IP2366_GetCurrentPeakCurrent  ip2366_reg.o
    0x0000780a   0x0000780a   0x00000070   Code   RO         3952    i.IP2366_GetFirmwareTimeStamp  ip2366_reg.o
    0x0000787a   0x0000787a   0x0000001c   Code   RO         3953    i.IP2366_GetIfInputConnected  ip2366_reg.o
    0x00007896   0x00007896   0x00000046   Code   RO         3954    i.IP2366_GetPPSCurrent  ip2366_reg.o
    0x000078dc   0x000078dc   0x0000006c   Code   RO         3955    i.IP2366_GetRecvPDO  ip2366_reg.o
    0x00007948   0x00007948   0x000002ac   Code   RO         3956    i.IP2366_GetVBUSState  ip2366_reg.o
    0x00007bf4   0x00007bf4   0x000000a8   Code   RO         3957    i.IP2366_GetVRecharge  ip2366_reg.o
    0x00007c9c   0x00007c9c   0x00000068   Code   RO         4662    i.IP2366_IsEnableDischarge  ip2366_init.o
    0x00007d04   0x00007d04   0x00000880   Code   RO         4663    i.IP2366_PostInit   ip2366_init.o
    0x00008584   0x00008584   0x00000150   Code   RO         4664    i.IP2366_PreInit    ip2366_init.o
    0x000086d4   0x000086d4   0x00000018   Code   RO         3958    i.IP2366_QueryCurrentStateIsACC  ip2366_reg.o
    0x000086ec   0x000086ec   0x00000078   Code   RO         4665    i.IP2366_ReConfigOutWhenTypeCOFF  ip2366_init.o
    0x00008764   0x00008764   0x0000013c   Code   RO         4666    i.IP2366_ReInitBasedOnConfig  ip2366_init.o
    0x000088a0   0x000088a0   0x00000054   Code   RO         3959    i.IP2366_ReadChipState  ip2366_reg.o
    0x000088f4   0x000088f4   0x0000005e   Code   RO         3960    i.IP2366_ReadReg    ip2366_reg.o
    0x00008952   0x00008952   0x00000002   PAD
    0x00008954   0x00008954   0x00000200   Code   RO         3961    i.IP2366_SetFixedPDO  ip2366_reg.o
    0x00008b54   0x00008b54   0x00000024   Code   RO         4667    i.IP2366_SetIBatLIMBaseOnSysCfg  ip2366_init.o
    0x00008b78   0x00008b78   0x00000040   Code   RO         3962    i.IP2366_SetICCMax  ip2366_reg.o
    0x00008bb8   0x00008bb8   0x000000e8   Code   RO         3963    i.IP2366_SetInputState  ip2366_reg.o
    0x00008ca0   0x00008ca0   0x00000028   Code   RO         3964    i.IP2366_SetOTPSign  ip2366_reg.o
    0x00008cc8   0x00008cc8   0x000000a8   Code   RO         3965    i.IP2366_SetOutputState  ip2366_reg.o
    0x00008d70   0x00008d70   0x000000c0   Code   RO         3966    i.IP2366_SetPDOBroadCast  ip2366_reg.o
    0x00008e30   0x00008e30   0x000000b8   Code   RO         3967    i.IP2366_SetPPSCurrent  ip2366_reg.o
    0x00008ee8   0x00008ee8   0x00000038   Code   RO         3968    i.IP2366_SetReChargeParam  ip2366_reg.o
    0x00008f20   0x00008f20   0x00000030   Code   RO         3969    i.IP2366_SetTypeCRole  ip2366_reg.o
    0x00008f50   0x00008f50   0x00000030   Code   RO         3970    i.IP2366_SetVLowVolt  ip2366_reg.o
    0x00008f80   0x00008f80   0x000001d4   Code   RO         4900    i.IP2366_Telem      mainmenu.o
    0x00009154   0x00009154   0x00000030   Code   RO         3971    i.IP2366_UpdataChargePower  ip2366_reg.o
    0x00009184   0x00009184   0x0000003c   Code   RO         3972    i.IP2366_UpdateFullVoltage  ip2366_reg.o
    0x000091c0   0x000091c0   0x0000004c   Code   RO         3973    i.IP2366_WriteReg   ip2366_reg.o
    0x0000920c   0x0000920c   0x0000006c   Code   RO         3974    i.IP2366_getCurrentChargeParam  ip2366_reg.o
    0x00009278   0x00009278   0x00000030   Code   RO         5465    i.ISetMenuDummy     setchargecurrentmenu.o
    0x000092a8   0x000092a8   0x000004d0   Code   RO         4589    i.IntEditHandler    inteditmenu.o
    0x00009778   0x00009778   0x00000014   Code   RO         4590    i.IntEditInitHandler  inteditmenu.o
    0x0000978c   0x0000978c   0x00000030   Code   RO         4591    i.IntEditMenuKeyEffHandler  inteditmenu.o
    0x000097bc   0x000097bc   0x0000004c   Code   RO         4519    i.IntIncDec         incdec.o
    0x00009808   0x00009808   0x00000198   Code   RO         3899    i.InternalADC_Init  adc.o
    0x000099a0   0x000099a0   0x00000010   Code   RO         3900    i.InternalADC_LoadCalibration  adc.o
    0x000099b0   0x000099b0   0x000000ec   Code   RO         3586    i.KickIP2366ToWakeUp  pmsetup.o
    0x00009a9c   0x00009a9c   0x000000e0   Code   RO         3637    i.LCD_Address_Set   lcd_init.o
    0x00009b7c   0x00009b7c   0x0000001c   Code   RO         3638    i.LCD_DeInit        lcd_init.o
    0x00009b98   0x00009b98   0x0000009c   Code   RO         3708    i.LCD_DrawHoriLine  lcd.o
    0x00009c34   0x00009c34   0x000000dc   Code   RO         3709    i.LCD_DrawLine      lcd.o
    0x00009d10   0x00009d10   0x00000014   Code   RO         3710    i.LCD_DrawPoint     lcd.o
    0x00009d24   0x00009d24   0x00000040   Code   RO         3711    i.LCD_DrawRectangle  lcd.o
    0x00009d64   0x00009d64   0x00000098   Code   RO         3712    i.LCD_DrawVertLine  lcd.o
    0x00009dfc   0x00009dfc   0x000000a8   Code   RO         3713    i.LCD_Fill          lcd.o
    0x00009ea4   0x00009ea4   0x0000010c   Code   RO         3639    i.LCD_HardwareInit  lcd_init.o
    0x00009fb0   0x00009fb0   0x0000046e   Code   RO         3640    i.LCD_Init          lcd_init.o
    0x0000a41e   0x0000a41e   0x00000002   PAD
    0x0000a420   0x0000a420   0x00000140   Code   RO         3714    i.LCD_ShowChar      lcd.o
    0x0000a560   0x0000a560   0x00000036   Code   RO         3715    i.LCD_ShowChinese   lcd.o
    0x0000a596   0x0000a596   0x00000002   PAD
    0x0000a598   0x0000a598   0x00000140   Code   RO         3716    i.LCD_ShowChinese12x12  lcd.o
    0x0000a6d8   0x0000a6d8   0x000001c8   Code   RO         3717    i.LCD_ShowFloatNum1  lcd.o
    0x0000a8a0   0x0000a8a0   0x00000088   Code   RO         3718    i.LCD_ShowHybridString  lcd.o
    0x0000a928   0x0000a928   0x000000b2   Code   RO         3719    i.LCD_ShowIntNum    lcd.o
    0x0000a9da   0x0000a9da   0x00000002   PAD
    0x0000a9dc   0x0000a9dc   0x00000058   Code   RO         3720    i.LCD_ShowPicture   lcd.o
    0x0000aa34   0x0000aa34   0x0000003c   Code   RO         3721    i.LCD_ShowString    lcd.o
    0x0000aa70   0x0000aa70   0x0000002c   Code   RO         3641    i.LCD_WR_DATA       lcd_init.o
    0x0000aa9c   0x0000aa9c   0x000000a8   Code   RO         6141    i.LargeMainMenuKeyProcess  largemainmenu.o
    0x0000ab44   0x0000ab44   0x00000034   Code   RO         6142    i.LargeMenuRenderProc  largemainmenu.o
    0x0000ab78   0x0000ab78   0x00000154   Code   RO         6143    i.LargeMenu_DisplayAh  largemainmenu.o
    0x0000accc   0x0000accc   0x000000e8   Code   RO         6144    i.LargeMenu_DisplayWh  largemainmenu.o
    0x0000adb4   0x0000adb4   0x00000010   Code   RO         4996    i.LeaveDisMgmtMenu  dischargemgmtmenu.o
    0x0000adc4   0x0000adc4   0x00000034   Code   RO         5969    i.LeaveICTMenu      enableinstcaptmenu.o
    0x0000adf8   0x0000adf8   0x0000002c   Code   RO         6065    i.LeaveSafeAlmMenu  safetyalertmenu.o
    0x0000ae24   0x0000ae24   0x00000224   Code   RO         6758    i.LoadConfig        config.o
    0x0000b048   0x0000b048   0x000000dc   Code   RO         6759    i.LoadDefaultConfig  config.o
    0x0000b124   0x0000b124   0x00000040   Code   RO         6879    i.LogDataSectionInit  logsystem.o
    0x0000b164   0x0000b164   0x000000cc   Code   RO         3451    i.M24C512_PageRead  24cxx.o
    0x0000b230   0x0000b230   0x000000e0   Code   RO         3452    i.M24C512_PageWrite  24cxx.o
    0x0000b310   0x0000b310   0x00000084   Code   RO         3454    i.M24C512_ReadSecuSct  24cxx.o
    0x0000b394   0x0000b394   0x00000076   Code   RO         3455    i.M24C512_ReadUID   24cxx.o
    0x0000b40a   0x0000b40a   0x00000098   Code   RO         3456    i.M24C512_WriteSecuSct  24cxx.o
    0x0000b4a2   0x0000b4a2   0x00000002   PAD
    0x0000b4a4   0x0000b4a4   0x00000060   Code   RO         4901    i.MainMenuKeyProcess  mainmenu.o
    0x0000b504   0x0000b504   0x00000954   Code   RO         4902    i.MainMenuRenderProcess  mainmenu.o
    0x0000be58   0x0000be58   0x000000f0   Code   RO         4186    i.MainProgramRegionCRC  flashprot.o
    0x0000bf48   0x0000bf48   0x00000028   Code   RO         5050    i.ManuallyShutSystemOFF  setttingmainmenu.o
    0x0000bf70   0x0000bf70   0x00000620   Code   RO         4538    i.MenuRenderProcess  menusystem.o
    0x0000c590   0x0000c590   0x00000002   Code   RO          188    i.NMI_Handler       ht32f5xxxx_01_it.o
    0x0000c592   0x0000c592   0x00000002   PAD
    0x0000c594   0x0000c594   0x000000fc   Code   RO         4811    i.OverChargeDetectModule  overchargedetect.o
    0x0000c690   0x0000c690   0x00000088   Code   RO         4244    i.PCA9536_SetIODirection  pca9536.o
    0x0000c718   0x0000c718   0x00000088   Code   RO         4245    i.PCA9536_SetIOPolarity  pca9536.o
    0x0000c7a0   0x0000c7a0   0x00000086   Code   RO         4246    i.PCA9536_SetIOState  pca9536.o
    0x0000c826   0x0000c826   0x00000002   PAD
    0x0000c828   0x0000c828   0x00000024   Code   RO          189    i.PDMA_CH0_1_IRQHandler  ht32f5xxxx_01_it.o
    0x0000c84c   0x0000c84c   0x00000018   Code   RO         1724    i.PDMA_ClearFlag    ht32f5xxxx_pdma.o
    0x0000c864   0x0000c864   0x0000002c   Code   RO         1725    i.PDMA_Config       ht32f5xxxx_pdma.o
    0x0000c890   0x0000c890   0x00000020   Code   RO         1728    i.PDMA_EnaCmd       ht32f5xxxx_pdma.o
    0x0000c8b0   0x0000c8b0   0x0000001c   Code   RO         1729    i.PDMA_GetFlagStatus  ht32f5xxxx_pdma.o
    0x0000c8cc   0x0000c8cc   0x0000003c   Code   RO         1731    i.PDMA_IntConfig    ht32f5xxxx_pdma.o
    0x0000c908   0x0000c908   0x00000016   Code   RO         4393    i.PMBUS_2NPowCalc   pmbus.o
    0x0000c91e   0x0000c91e   0x000000ac   Code   RO         4399    i.PMBUS_WordReadWrite  pmbus.o
    0x0000c9ca   0x0000c9ca   0x00000002   PAD
    0x0000c9cc   0x0000c9cc   0x0000014c   Code   RO         6822    i.POR_ReadCapData   captestmgmt.o
    0x0000cb18   0x0000cb18   0x00000010   Code   RO         6458    i.PPS1IsetDummy     ppsoutputcurrentsetmenu.o
    0x0000cb28   0x0000cb28   0x00000010   Code   RO         6459    i.PPS2IsetDummy     ppsoutputcurrentsetmenu.o
    0x0000cb38   0x0000cb38   0x00000358   Code   RO         4617    i.PassWordMenuRender  enterpasswordmenu.o
    0x0000ce90   0x0000ce90   0x00000034   Code   RO         4618    i.PasswordEnterInit  enterpasswordmenu.o
    0x0000cec4   0x0000cec4   0x00000002   Code   RO          190    i.PendSV_Handler    ht32f5xxxx_01_it.o
    0x0000cec6   0x0000cec6   0x00000002   PAD
    0x0000cec8   0x0000cec8   0x00000078   Code   RO         4456    i.PostScreenInit    postscreen.o
    0x0000cf40   0x0000cf40   0x000000a4   Code   RO         3587    i.PowerMgmtSetup    pmsetup.o
    0x0000cfe4   0x0000cfe4   0x00000084   Code   RO         3588    i.PowermanagementSleepControl  pmsetup.o
    0x0000d068   0x0000d068   0x00000010   Code   RO         5499    i.PreISetMenuDummy  prechargecurrentsetmenu.o
    0x0000d078   0x0000d078   0x00000018   Code   RO         5765    i.PrepareAboutRender  aboutmenu.o
    0x0000d090   0x0000d090   0x00000050   Code   RO         5662    i.PreparePDO20VStr  pdosetmenu.o
    0x0000d0e0   0x0000d0e0   0x0000001c   Code   RO         4768    i.PushDefaultResultToVBat  instantcaptest.o
    0x0000d0fc   0x0000d0fc   0x00000050   Code   RO         6679    i.QuickAccesSelProc  quickaccessmenu.o
    0x0000d14c   0x0000d14c   0x00000018   Code   RO         1978    i.RSTCU_GetResetFlagStatus  ht32f5xxxx_rstcu.o
    0x0000d164   0x0000d164   0x00000028   Code   RO         1979    i.RSTCU_PeripReset  ht32f5xxxx_rstcu.o
    0x0000d18c   0x0000d18c   0x0000003c   Code   RO         2030    i.RTC_LSILoadTrimData  ht32f5xxxx_rtc.o
    0x0000d1c8   0x0000d1c8   0x0000000c   Code   RO         6212    i.ReadBalEnumValue  balsysmenu.o
    0x0000d1d4   0x0000d1d4   0x0000000c   Code   RO         5940    i.ReadDisplayEnumValue  displaydirmenu.o
    0x0000d1e0   0x0000d1e0   0x0000000c   Code   RO         6035    i.ReadIStopEnumValue  istopmenu.o
    0x0000d1ec   0x0000d1ec   0x0000000c   Code   RO         4969    i.ReadLVEnumValue   lvsetmenu.o
    0x0000d1f8   0x0000d1f8   0x0000000c   Code   RO         6097    i.ReadMaxVPDEnumValue  maxvpdconfigmenu.o
    0x0000d204   0x0000d204   0x00000020   Code   RO         4941    i.ReadPWREnumValue  chargepowermenu.o
    0x0000d224   0x0000d224   0x000000d8   Code   RO         6001    i.ReadRechargeEnumValue  vrechargemenu.o
    0x0000d2fc   0x0000d2fc   0x0000000c   Code   RO         6649    i.ReadStorageModeEnumValue  storagemodemenu.o
    0x0000d308   0x0000d308   0x00000010   Code   RO         6394    i.ReadTCSourceEnumValue  typeccalibrationsource.o
    0x0000d318   0x0000d318   0x00000774   Code   RO         6145    i.RenderBattState   largemainmenu.o
    0x0000da8c   0x0000da8c   0x000000d8   Code   RO         4539    i.RenderMenuBG      menusystem.o
    0x0000db64   0x0000db64   0x000004fc   Code   RO         6146    i.RenderTypeCState  largemainmenu.o
    0x0000e060   0x0000e060   0x00000010   Code   RO         5323    i.ResetCTest        restorefactorysetmenu.o
    0x0000e070   0x0000e070   0x00000038   Code   RO         5280    i.ResetCapTestSystem  captestmenu.o
    0x0000e0a8   0x0000e0a8   0x00000020   Code   RO         6279    i.ResetChargerSystemToNormal  autoextendbalancemenu.o
    0x0000e0c8   0x0000e0c8   0x00000010   Code   RO         5598    i.ResetChipMenuState  viewchipstatemenu.o
    0x0000e0d8   0x0000e0d8   0x00000010   Code   RO         5558    i.ResetColHisMenuToUpper  columgaugeviewmenu.o
    0x0000e0e8   0x0000e0e8   0x00000014   Code   RO         5372    i.ResetColumData    resetconfigmenu.o
    0x0000e0fc   0x0000e0fc   0x00000010   Code   RO         5324    i.ResetColumGauge   restorefactorysetmenu.o
    0x0000e10c   0x0000e10c   0x00000010   Code   RO         5420    i.ResetHisMenuToUpper  displaylastctestmenu.o
    0x0000e11c   0x0000e11c   0x0000001c   Code   RO         6241    i.ResetManuBalModule  manustartbalancemenu.o
    0x0000e138   0x0000e138   0x00000088   Code   RO         6880    i.ResetRunTimeLogArea  logsystem.o
    0x0000e1c0   0x0000e1c0   0x00000010   Code   RO         5325    i.ResetSysCfg       restorefactorysetmenu.o
    0x0000e1d0   0x0000e1d0   0x00000010   Code   RO         6761    i.RestoreDefaultConfig  config.o
    0x0000e1e0   0x0000e1e0   0x00000010   Code   RO         5466    i.ReturnFromIset    setchargecurrentmenu.o
    0x0000e1f0   0x0000e1f0   0x00000010   Code   RO         6460    i.ReturnFromPPSIset  ppsoutputcurrentsetmenu.o
    0x0000e200   0x0000e200   0x00000010   Code   RO         5500    i.ReturnFromPreIset  prechargecurrentsetmenu.o
    0x0000e210   0x0000e210   0x000000dc   Code   RO         6680    i.ReturnFromQuickAccMenu  quickaccessmenu.o
    0x0000e2ec   0x0000e2ec   0x00000010   Code   RO         5326    i.ReturnFromRSTMenu  restorefactorysetmenu.o
    0x0000e2fc   0x0000e2fc   0x00000010   Code   RO         5527    i.ReturnFromVset    chargevoltset.o
    0x0000e30c   0x0000e30c   0x00000040   Code   RO         5051    i.ReturnToMainMenu  setttingmainmenu.o
    0x0000e34c   0x0000e34c   0x00000010   Code   RO         5222    i.ReturnToMainSetMenu  chargingsystemmenu.o
    0x0000e35c   0x0000e35c   0x00000010   Code   RO         6422    i.ReturnToTCCalMenu  typeccalibrationset.o
    0x0000e36c   0x0000e36c   0x00000344   Code   RO         6881    i.RunLogModule_POR  logsystem.o
    0x0000e6b0   0x0000e6b0   0x00000270   Code   RO         3528    i.SMBUS_Init        i2cdrv.o
    0x0000e920   0x0000e920   0x00000014   Code   RO         2265    i.SPI_Cmd           ht32f5xxxx_spi.o
    0x0000e934   0x0000e934   0x0000004a   Code   RO         2274    i.SPI_Init          ht32f5xxxx_spi.o
    0x0000e97e   0x0000e97e   0x00000010   Code   RO         2276    i.SPI_PDMACmd       ht32f5xxxx_spi.o
    0x0000e98e   0x0000e98e   0x00000012   Code   RO         2280    i.SPI_SELOutputCmd  ht32f5xxxx_spi.o
    0x0000e9a0   0x0000e9a0   0x00000004   Code   RO         2281    i.SPI_SendData      ht32f5xxxx_spi.o
    0x0000e9a4   0x0000e9a4   0x00000008   Code   RO         2282    i.SPI_SetClockPrescaler  ht32f5xxxx_spi.o
    0x0000e9ac   0x0000e9ac   0x00000010   Code   RO         2283    i.SPI_SetDataLength  ht32f5xxxx_spi.o
    0x0000e9bc   0x0000e9bc   0x00000002   Code   RO          191    i.SVC_Handler       ht32f5xxxx_01_it.o
    0x0000e9be   0x0000e9be   0x00000002   PAD
    0x0000e9c0   0x0000e9c0   0x00000018   Code   RO         3283    i.SYSTICK_ClockSourceConfig  ht32_cm0plus_misc.o
    0x0000e9d8   0x0000e9d8   0x00000024   Code   RO         3284    i.SYSTICK_CounterCmd  ht32_cm0plus_misc.o
    0x0000e9fc   0x0000e9fc   0x00000018   Code   RO         3285    i.SYSTICK_IntConfig  ht32_cm0plus_misc.o
    0x0000ea14   0x0000ea14   0x00000024   Code   RO         5373    i.SelectResetCTest  resetconfigmenu.o
    0x0000ea38   0x0000ea38   0x00000020   Code   RO         5374    i.SelectResetConfig  resetconfigmenu.o
    0x0000ea58   0x0000ea58   0x000000b0   Code   RO         4788    i.SelfTestErrorHandler  selftesterrorhandle.o
    0x0000eb08   0x0000eb08   0x00000010   Code   RO         5052    i.SendTCResetCommand  setttingmainmenu.o
    0x0000eb18   0x0000eb18   0x0000007c   Code   RO         4187    i.SetDebugPortState  flashprot.o
    0x0000eb94   0x0000eb94   0x00000010   Code   RO         5053    i.SetDisplayDir     setttingmainmenu.o
    0x0000eba4   0x0000eba4   0x00000044   Code   RO         4740    i.SetScreenDirection  screendirset.o
    0x0000ebe8   0x0000ebe8   0x000000e4   Code   RO         4668    i.SetSystemDischargeState  ip2366_init.o
    0x0000eccc   0x0000eccc   0x00000028   Code   RO         5421    i.ShowCapHisGUI     displaylastctestmenu.o
    0x0000ecf4   0x0000ecf4   0x0000066c   Code   RO         5599    i.ShowChipInfo      viewchipstatemenu.o
    0x0000f360   0x0000f360   0x00000068   Code   RO         5600    i.ShowChipKeyHandler  viewchipstatemenu.o
    0x0000f3c8   0x0000f3c8   0x00000304   Code   RO         5559    i.ShowColHisGUI     columgaugeviewmenu.o
    0x0000f6cc   0x0000f6cc   0x000002ac   Code   RO         5422    i.ShowLowerPart     displaylastctestmenu.o
    0x0000f978   0x0000f978   0x000001b0   Code   RO         4457    i.ShowPostInfo      postscreen.o
    0x0000fb28   0x0000fb28   0x00000208   Code   RO         4540    i.ShowTimeCode      menusystem.o
    0x0000fd30   0x0000fd30   0x000001cc   Code   RO         5423    i.ShowUpperPart     displaylastctestmenu.o
    0x0000fefc   0x0000fefc   0x00000058   Code   RO         3589    i.ShutSysOFF        pmsetup.o
    0x0000ff54   0x0000ff54   0x000000d4   Code   RO         4136    i.SideKey_Init      key.o
    0x00010028   0x00010028   0x0000004c   Code   RO         4137    i.SideKey_IntCallback  key.o
    0x00010074   0x00010074   0x0000011c   Code   RO         4138    i.SideKey_LogicHandler  key.o
    0x00010190   0x00010190   0x00000048   Code   RO         4139    i.SideKey_TIMCallback  key.o
    0x000101d8   0x000101d8   0x0000008c   Code   RO         4541    i.SwitchingMenu     menusystem.o
    0x00010264   0x00010264   0x00000020   Code   RO         4997    i.SyncDCDCOutConfig  dischargemgmtmenu.o
    0x00010284   0x00010284   0x00000090   Code   RO         4669    i.SysOverHeatProt   ip2366_init.o
    0x00010314   0x00010314   0x00000014   Code   RO          192    i.SysTick_Handler   ht32f5xxxx_01_it.o
    0x00010328   0x00010328   0x00000104   Code   RO          415    i.SystemInit        system_ht32f5xxxx_01.o
    0x0001042c   0x0001042c   0x00000084   Code   RO         5900    i.TCResetFSM        typecconnreset.o
    0x000104b0   0x000104b0   0x0000000a   Code   RO         2430    i.TM_ClearFlag      ht32f5xxxx_tm.o
    0x000104ba   0x000104ba   0x00000014   Code   RO         2433    i.TM_Cmd            ht32f5xxxx_tm.o
    0x000104ce   0x000104ce   0x0000000a   Code   RO         2441    i.TM_GetFlagStatus  ht32f5xxxx_tm.o
    0x000104d8   0x000104d8   0x00000010   Code   RO         2446    i.TM_IntConfig      ht32f5xxxx_tm.o
    0x000104e8   0x000104e8   0x00000040   Code   RO         2464    i.TM_TimeBaseInit   ht32f5xxxx_tm.o
    0x00010528   0x00010528   0x00000010   Code   RO         5806    i.TSetMenuDummy     otptempset.o
    0x00010538   0x00010538   0x00000044   Code   RO         5901    i.TypeCResetKeyHandler  typecconnreset.o
    0x0001057c   0x0001057c   0x0000018c   Code   RO         5902    i.TypeCResetRender  typecconnreset.o
    0x00010708   0x00010708   0x00000198   Code   RO         6882    i.UpdataRunTimeLog  logsystem.o
    0x000108a0   0x000108a0   0x000000d4   Code   RO         5054    i.UpdateIfSysCanOFF  setttingmainmenu.o
    0x00010974   0x00010974   0x00000010   Code   RO         6423    i.VCALMenuDummy     typeccalibrationset.o
    0x00010984   0x00010984   0x00000010   Code   RO         5528    i.VSetMenuDummy     chargevoltset.o
    0x00010994   0x00010994   0x00000010   Code   RO         5687    i.VerifyPassWhenAdvMode  enteradvancedmodemenu.o
    0x000109a4   0x000109a4   0x00000010   Code   RO         5735    i.VerifyPassWhenSecuEnter  entersecusettingmenu.o
    0x000109b4   0x000109b4   0x00000010   Code   RO         5055    i.ViewChipState     setttingmainmenu.o
    0x000109c4   0x000109c4   0x00000010   Code   RO         5056    i.ViewColData       setttingmainmenu.o
    0x000109d4   0x000109d4   0x0000001c   Code   RO         3169    i.WDT_Cmd           ht32f5xxxx_wdt.o
    0x000109f0   0x000109f0   0x00000010   Code   RO         3170    i.WDT_DeInit        ht32f5xxxx_wdt.o
    0x00010a00   0x00010a00   0x0000001c   Code   RO         3177    i.WDT_ProtectCmd    ht32f5xxxx_wdt.o
    0x00010a1c   0x00010a1c   0x0000001c   Code   RO         3178    i.WDT_ResetCmd      ht32f5xxxx_wdt.o
    0x00010a38   0x00010a38   0x00000010   Code   RO         3179    i.WDT_Restart       ht32f5xxxx_wdt.o
    0x00010a48   0x00010a48   0x00000014   Code   RO         3180    i.WDT_SetDeltaValue  ht32f5xxxx_wdt.o
    0x00010a5c   0x00010a5c   0x00000014   Code   RO         3181    i.WDT_SetPrescaler  ht32f5xxxx_wdt.o
    0x00010a70   0x00010a70   0x00000014   Code   RO         3182    i.WDT_SetReloadValue  ht32f5xxxx_wdt.o
    0x00010a84   0x00010a84   0x00000010   Code   RO         3183    i.WDT_SourceConfig  ht32f5xxxx_wdt.o
    0x00010a94   0x00010a94   0x00000044   Code   RO         4221    i.WatchDog_Init     watchdog.o
    0x00010ad8   0x00010ad8   0x00000050   Code   RO         6824    i.WriteCapData      captestmgmt.o
    0x00010b28   0x00010b28   0x0000004c   Code   RO         6762    i.WriteConfiguration  config.o
    0x00010b74   0x00010b74   0x0000001c   Code   RO         6883    i.WriteRuntimeLogToROM  logsystem.o
    0x00010b90   0x00010b90   0x00000030   Code   RO         7147    i.__ARM_common_ll_muluu  c_p.l(btod.o)
    0x00010bc0   0x00010bc0   0x00000014   Code   RO         4646    i.__ARM_common_memset1_8  enterpasswordmenu.o
    0x00010bd4   0x00010bd4   0x0000002c   Code   RO         7096    i.__ARM_fpclassify  m_ps.l(fpclassify.o)
    0x00010c00   0x00010c00   0x000000ac   Code   RO         7098    i.__kernel_poly     m_ps.l(poly.o)
    0x00010cac   0x00010cac   0x00000014   Code   RO         7082    i.__mathlib_dbl_divzero  m_ps.l(dunder.o)
    0x00010cc0   0x00010cc0   0x0000000a   Code   RO         7083    i.__mathlib_dbl_infnan  m_ps.l(dunder.o)
    0x00010cca   0x00010cca   0x00000008   Code   RO         7084    i.__mathlib_dbl_infnan2  m_ps.l(dunder.o)
    0x00010cd2   0x00010cd2   0x00000010   Code   RO         7085    i.__mathlib_dbl_invalid  m_ps.l(dunder.o)
    0x00010ce2   0x00010ce2   0x00000002   PAD
    0x00010ce4   0x00010ce4   0x00000014   Code   RO         7086    i.__mathlib_dbl_overflow  m_ps.l(dunder.o)
    0x00010cf8   0x00010cf8   0x00000014   Code   RO         7088    i.__mathlib_dbl_underflow  m_ps.l(dunder.o)
    0x00010d0c   0x00010d0c   0x0000000e   Code   RO         6971    i._is_digit         c_p.l(__printf_wp.o)
    0x00010d1a   0x00010d1a   0x00000002   PAD
    0x00010d1c   0x00010d1c   0x00000050   Code   RO            3    i.delay_Second      delay.o
    0x00010d6c   0x00010d6c   0x0000002c   Code   RO            4    i.delay_init        delay.o
    0x00010d98   0x00010d98   0x0000004c   Code   RO            5    i.delay_ms          delay.o
    0x00010de4   0x00010de4   0x0000004c   Code   RO            6    i.delay_us          delay.o
    0x00010e30   0x00010e30   0x00000030   Code   RO          271    i.iroundf           lineartabop.o
    0x00010e60   0x00010e60   0x00000354   Code   RO         7038    i.log               m_ps.l(log.o)
    0x000111b4   0x000111b4   0x00000144   Code   RO          302    i.main              main.o
    0x000112f8   0x000112f8   0x000009fc   Code   RO         7048    i.pow               m_ps.l(pow.o)
    0x00011cf4   0x00011cf4   0x00000048   Code   RO         7102    i.sqrt              m_ps.l(sqrt.o)
    0x00011d3c   0x00011d3c   0x0000002c   Code   RO         7150    locale$$code        c_p.l(lc_numeric_c.o)
    0x00011d68   0x00011d68   0x00000064   Code   RO         7073    x$fpl$deqf          fz_ps.l(deqf.o)
    0x00011dcc   0x00011dcc   0x00000068   Code   RO         7075    x$fpl$drleqf        fz_ps.l(drlef.o)
    0x00011e34   0x00011e34   0x0000008c   Code   RO         7012    x$fpl$fadd          fz_ps.l(faddsub.o)
    0x00011ec0   0x00011ec0   0x00000054   Code   RO         7027    x$fpl$fleqf         fz_ps.l(flef.o)
    0x00011f14   0x00011f14   0x000000b0   Code   RO         7029    x$fpl$fmul          fz_ps.l(fmul.o)
    0x00011fc4   0x00011fc4   0x00000058   Code   RO         7031    x$fpl$frleqf        fz_ps.l(frlef.o)
    0x0001201c   0x0001201c   0x00000018   Code   RO         7013    x$fpl$frsb          fz_ps.l(faddsub.o)
    0x00012034   0x00012034   0x000000d0   Code   RO         7014    x$fpl$fsub          fz_ps.l(faddsub.o)
    0x00012104   0x00012104   0x00000010   Code   RO         7035    x$fpl$printf1       fz_ps.l(printf1.o)
    0x00012114   0x00012114   0x00000000   Code   RO         7081    x$fpl$usenofp       fz_ps.l(usenofp.o)
    0x00012114   0x00012114   0x00000004   Data   RO         3529    .constdata          i2cdrv.o
    0x00012118   0x00012118   0x00000026   Data   RO         3644    .constdata          lcd_init.o
    0x0001213e   0x0001213e   0x000042cc   Data   RO         3723    .constdata          lcd.o
    0x0001640a   0x0001640a   0x00000320   Data   RO         4542    .constdata          menusystem.o
    0x0001672a   0x0001672a   0x0000000f   Data   RO         4670    .constdata          ip2366_init.o
    0x00016739   0x00016739   0x000007d2   Data   RO         4904    .constdata          mainmenu.o
    0x00016f0b   0x00016f0b   0x00000c4e   Data   RO         4905    .constdata          mainmenu.o
    0x00017b59   0x00017b59   0x0000085e   Data   RO         4906    .constdata          mainmenu.o
    0x000183b7   0x000183b7   0x00000001   PAD
    0x000183b8   0x000183b8   0x00000034   Data   RO         4907    .constdata          mainmenu.o
    0x000183ec   0x000183ec   0x00000070   Data   RO         4942    .constdata          chargepowermenu.o
    0x0001845c   0x0001845c   0x00000034   Data   RO         4943    .constdata          chargepowermenu.o
    0x00018490   0x00018490   0x00000090   Data   RO         4970    .constdata          lvsetmenu.o
    0x00018520   0x00018520   0x00000034   Data   RO         4971    .constdata          lvsetmenu.o
    0x00018554   0x00018554   0x00000060   Data   RO         4998    .constdata          dischargemgmtmenu.o
    0x000185b4   0x000185b4   0x00000050   Data   RO         4999    .constdata          dischargemgmtmenu.o
    0x00018604   0x00018604   0x00000034   Data   RO         5000    .constdata          dischargemgmtmenu.o
    0x00018638   0x00018638   0x00000034   Data   RO         5001    .constdata          dischargemgmtmenu.o
    0x0001866c   0x0001866c   0x00000190   Data   RO         5057    .constdata          setttingmainmenu.o
    0x000187fc   0x000187fc   0x00000034   Data   RO         5058    .constdata          setttingmainmenu.o
    0x00018830   0x00018830   0x00000070   Data   RO         5223    .constdata          chargingsystemmenu.o
    0x000188a0   0x000188a0   0x00000034   Data   RO         5224    .constdata          chargingsystemmenu.o
    0x000188d4   0x000188d4   0x00000034   Data   RO         5281    .constdata          captestmenu.o
    0x00018908   0x00018908   0x00000040   Data   RO         5327    .constdata          restorefactorysetmenu.o
    0x00018948   0x00018948   0x00000034   Data   RO         5328    .constdata          restorefactorysetmenu.o
    0x0001897c   0x0001897c   0x00000034   Data   RO         5375    .constdata          resetconfigmenu.o
    0x000189b0   0x000189b0   0x00000034   Data   RO         5376    .constdata          resetconfigmenu.o
    0x000189e4   0x000189e4   0x00000034   Data   RO         5377    .constdata          resetconfigmenu.o
    0x00018a18   0x00018a18   0x00000034   Data   RO         5424    .constdata          displaylastctestmenu.o
    0x00018a4c   0x00018a4c   0x00000040   Data   RO         5467    .constdata          setchargecurrentmenu.o
    0x00018a8c   0x00018a8c   0x00000034   Data   RO         5468    .constdata          setchargecurrentmenu.o
    0x00018ac0   0x00018ac0   0x00000020   Data   RO         5501    .constdata          prechargecurrentsetmenu.o
    0x00018ae0   0x00018ae0   0x00000034   Data   RO         5502    .constdata          prechargecurrentsetmenu.o
    0x00018b14   0x00018b14   0x00000020   Data   RO         5529    .constdata          chargevoltset.o
    0x00018b34   0x00018b34   0x00000034   Data   RO         5530    .constdata          chargevoltset.o
    0x00018b68   0x00018b68   0x00000034   Data   RO         5560    .constdata          columgaugeviewmenu.o
    0x00018b9c   0x00018b9c   0x00000034   Data   RO         5601    .constdata          viewchipstatemenu.o
    0x00018bd0   0x00018bd0   0x00000140   Data   RO         5634    .constdata          easysetupmenu.o
    0x00018d10   0x00018d10   0x00000034   Data   RO         5635    .constdata          easysetupmenu.o
    0x00018d44   0x00018d44   0x00000070   Data   RO         5664    .constdata          pdosetmenu.o
    0x00018db4   0x00018db4   0x00000034   Data   RO         5665    .constdata          pdosetmenu.o
    0x00018de8   0x00018de8   0x00000034   Data   RO         5688    .constdata          enteradvancedmodemenu.o
    0x00018e1c   0x00018e1c   0x000000a0   Data   RO         5718    .constdata          systemsecumenu.o
    0x00018ebc   0x00018ebc   0x00000034   Data   RO         5719    .constdata          systemsecumenu.o
    0x00018ef0   0x00018ef0   0x00000034   Data   RO         5736    .constdata          entersecusettingmenu.o
    0x00018f24   0x00018f24   0x00000034   Data   RO         5766    .constdata          aboutmenu.o
    0x00018f58   0x00018f58   0x00000020   Data   RO         5807    .constdata          otptempset.o
    0x00018f78   0x00018f78   0x00000034   Data   RO         5808    .constdata          otptempset.o
    0x00018fac   0x00018fac   0x00000034   Data   RO         5842    .constdata          adapteremulationmenu.o
    0x00018fe0   0x00018fe0   0x00000034   Data   RO         5903    .constdata          typecconnreset.o
    0x00019014   0x00019014   0x00000030   Data   RO         5941    .constdata          displaydirmenu.o
    0x00019044   0x00019044   0x00000034   Data   RO         5942    .constdata          displaydirmenu.o
    0x00019078   0x00019078   0x00000034   Data   RO         5970    .constdata          enableinstcaptmenu.o
    0x000190ac   0x000190ac   0x00000012   Data   RO         6003    .constdata          vrechargemenu.o
    0x000190be   0x000190be   0x00000002   PAD
    0x000190c0   0x000190c0   0x00000050   Data   RO         6004    .constdata          vrechargemenu.o
    0x00019110   0x00019110   0x00000034   Data   RO         6005    .constdata          vrechargemenu.o
    0x00019144   0x00019144   0x00000080   Data   RO         6036    .constdata          istopmenu.o
    0x000191c4   0x000191c4   0x00000034   Data   RO         6037    .constdata          istopmenu.o
    0x000191f8   0x000191f8   0x00000034   Data   RO         6066    .constdata          safetyalertmenu.o
    0x0001922c   0x0001922c   0x00000030   Data   RO         6098    .constdata          maxvpdconfigmenu.o
    0x0001925c   0x0001925c   0x00000034   Data   RO         6099    .constdata          maxvpdconfigmenu.o
    0x00019290   0x00019290   0x00000050   Data   RO         6125    .constdata          chgpowerwithoutepr.o
    0x000192e0   0x000192e0   0x00000034   Data   RO         6126    .constdata          chgpowerwithoutepr.o
    0x00019314   0x00019314   0x00000034   Data   RO         6147    .constdata          largemainmenu.o
    0x00019348   0x00019348   0x00000030   Data   RO         6190    .constdata          guiprefmenu.o
    0x00019378   0x00019378   0x00000034   Data   RO         6191    .constdata          guiprefmenu.o
    0x000193ac   0x000193ac   0x00000050   Data   RO         6213    .constdata          balsysmenu.o
    0x000193fc   0x000193fc   0x00000034   Data   RO         6214    .constdata          balsysmenu.o
    0x00019430   0x00019430   0x00000034   Data   RO         6242    .constdata          manustartbalancemenu.o
    0x00019464   0x00019464   0x00000034   Data   RO         6280    .constdata          autoextendbalancemenu.o
    0x00019498   0x00019498   0x000000b0   Data   RO         6330    .constdata          istopstdmenu.o
    0x00019548   0x00019548   0x00000034   Data   RO         6331    .constdata          istopstdmenu.o
    0x0001957c   0x0001957c   0x00000060   Data   RO         6351    .constdata          typecgaugeconfigmenu.o
    0x000195dc   0x000195dc   0x00000034   Data   RO         6352    .constdata          typecgaugeconfigmenu.o
    0x00019610   0x00019610   0x00000030   Data   RO         6395    .constdata          typeccalibrationsource.o
    0x00019640   0x00019640   0x00000034   Data   RO         6396    .constdata          typeccalibrationsource.o
    0x00019674   0x00019674   0x00000040   Data   RO         6424    .constdata          typeccalibrationset.o
    0x000196b4   0x000196b4   0x00000034   Data   RO         6425    .constdata          typeccalibrationset.o
    0x000196e8   0x000196e8   0x00000034   Data   RO         6426    .constdata          typeccalibrationset.o
    0x0001971c   0x0001971c   0x00000040   Data   RO         6461    .constdata          ppsoutputcurrentsetmenu.o
    0x0001975c   0x0001975c   0x00000034   Data   RO         6462    .constdata          ppsoutputcurrentsetmenu.o
    0x00019790   0x00019790   0x00000034   Data   RO         6463    .constdata          ppsoutputcurrentsetmenu.o
    0x000197c4   0x000197c4   0x00000090   Data   RO         6509    .constdata          pdoutputconfig.o
    0x00019854   0x00019854   0x00000034   Data   RO         6510    .constdata          pdoutputconfig.o
    0x00019888   0x00019888   0x00000070   Data   RO         6573    .constdata          fixedpdorevisedenmenu.o
    0x000198f8   0x000198f8   0x00000034   Data   RO         6574    .constdata          fixedpdorevisedenmenu.o
    0x0001992c   0x0001992c   0x000000a0   Data   RO         6595    .constdata          fixedpdoiccedit.o
    0x000199cc   0x000199cc   0x00000034   Data   RO         6596    .constdata          fixedpdoiccedit.o
    0x00019a00   0x00019a00   0x00000034   Data   RO         6597    .constdata          fixedpdoiccedit.o
    0x00019a34   0x00019a34   0x00000034   Data   RO         6598    .constdata          fixedpdoiccedit.o
    0x00019a68   0x00019a68   0x00000034   Data   RO         6599    .constdata          fixedpdoiccedit.o
    0x00019a9c   0x00019a9c   0x00000050   Data   RO         6650    .constdata          storagemodemenu.o
    0x00019aec   0x00019aec   0x00000034   Data   RO         6651    .constdata          storagemodemenu.o
    0x00019b20   0x00019b20   0x00000050   Data   RO         6681    .constdata          quickaccessmenu.o
    0x00019b70   0x00019b70   0x00000034   Data   RO         6682    .constdata          quickaccessmenu.o
    0x00019ba4   0x00019ba4   0x00000040   Data   RO         6726    .constdata          batterycalsetmenu.o
    0x00019be4   0x00019be4   0x00000034   Data   RO         6727    .constdata          batterycalsetmenu.o
    0x00019c18   0x00019c18   0x00000034   Data   RO         6728    .constdata          batterycalsetmenu.o
    0x00019c4c   0x00019c4c   0x00000080   Data   RO         7002    .constdata          fz_ps.l(ddiv.o)
    0x00019ccc   0x00019ccc   0x00000040   Data   RO         7019    .constdata          fz_ps.l(fdiv.o)
    0x00019d0c   0x00019d0c   0x00000004   PAD
    0x00019d10   0x00019d10   0x00000038   Data   RO         7039    .constdata          m_ps.l(log.o)
    0x00019d48   0x00019d48   0x00000088   Data   RO         7049    .constdata          m_ps.l(pow.o)
    0x00019dd0   0x00019dd0   0x00000008   Data   RO         7100    .constdata          m_ps.l(qnan.o)
    0x00019dd8   0x00019dd8   0x00000094   Data   RO         7143    .constdata          c_p.l(bigflt0.o)
    0x00019e6c   0x00019e6c   0x0000005e   Data   RO         4874    .conststring        hptypecgauge.o
    0x00019eca   0x00019eca   0x00000002   PAD
    0x00019ecc   0x00019ecc   0x00000059   Data   RO         4944    .conststring        chargepowermenu.o
    0x00019f25   0x00019f25   0x00000003   PAD
    0x00019f28   0x00019f28   0x0000000f   Data   RO         4945    .conststring        chargepowermenu.o
    0x00019f37   0x00019f37   0x00000001   PAD
    0x00019f38   0x00019f38   0x0000007d   Data   RO         4972    .conststring        lvsetmenu.o
    0x00019fb5   0x00019fb5   0x00000003   PAD
    0x00019fb8   0x00019fb8   0x00000011   Data   RO         4973    .conststring        lvsetmenu.o
    0x00019fc9   0x00019fc9   0x00000003   PAD
    0x00019fcc   0x00019fcc   0x00000047   Data   RO         5002    .conststring        dischargemgmtmenu.o
    0x0001a013   0x0001a013   0x00000001   PAD
    0x0001a014   0x0001a014   0x0000012d   Data   RO         5059    .conststring        setttingmainmenu.o
    0x0001a141   0x0001a141   0x00000003   PAD
    0x0001a144   0x0001a144   0x00000013   Data   RO         5060    .conststring        setttingmainmenu.o
    0x0001a157   0x0001a157   0x00000001   PAD
    0x0001a158   0x0001a158   0x0000006b   Data   RO         5225    .conststring        chargingsystemmenu.o
    0x0001a1c3   0x0001a1c3   0x00000001   PAD
    0x0001a1c4   0x0001a1c4   0x00000033   Data   RO         5329    .conststring        restorefactorysetmenu.o
    0x0001a1f7   0x0001a1f7   0x00000001   PAD
    0x0001a1f8   0x0001a1f8   0x00000011   Data   RO         5469    .conststring        setchargecurrentmenu.o
    0x0001a209   0x0001a209   0x00000003   PAD
    0x0001a20c   0x0001a20c   0x0000000d   Data   RO         5503    .conststring        prechargecurrentsetmenu.o
    0x0001a219   0x0001a219   0x00000003   PAD
    0x0001a21c   0x0001a21c   0x00000009   Data   RO         5531    .conststring        chargevoltset.o
    0x0001a225   0x0001a225   0x00000003   PAD
    0x0001a228   0x0001a228   0x0000000d   Data   RO         5636    .conststring        easysetupmenu.o
    0x0001a235   0x0001a235   0x00000003   PAD
    0x0001a238   0x0001a238   0x00000031   Data   RO         5666    .conststring        pdosetmenu.o
    0x0001a269   0x0001a269   0x00000003   PAD
    0x0001a26c   0x0001a26c   0x0000000c   Data   RO         5667    .conststring        pdosetmenu.o
    0x0001a278   0x0001a278   0x000000b1   Data   RO         5720    .conststring        systemsecumenu.o
    0x0001a329   0x0001a329   0x00000003   PAD
    0x0001a32c   0x0001a32c   0x0000000f   Data   RO         5737    .conststring        entersecusettingmenu.o
    0x0001a33b   0x0001a33b   0x00000001   PAD
    0x0001a33c   0x0001a33c   0x00000003   Data   RO         5809    .conststring        otptempset.o
    0x0001a33f   0x0001a33f   0x00000001   PAD
    0x0001a340   0x0001a340   0x0000001d   Data   RO         5943    .conststring        displaydirmenu.o
    0x0001a35d   0x0001a35d   0x00000003   PAD
    0x0001a360   0x0001a360   0x0000000d   Data   RO         5944    .conststring        displaydirmenu.o
    0x0001a36d   0x0001a36d   0x00000003   PAD
    0x0001a370   0x0001a370   0x0000000f   Data   RO         6006    .conststring        vrechargemenu.o
    0x0001a37f   0x0001a37f   0x00000001   PAD
    0x0001a380   0x0001a380   0x0000003e   Data   RO         6038    .conststring        istopmenu.o
    0x0001a3be   0x0001a3be   0x00000002   PAD
    0x0001a3c0   0x0001a3c0   0x00000009   Data   RO         6067    .conststring        safetyalertmenu.o
    0x0001a3c9   0x0001a3c9   0x00000003   PAD
    0x0001a3cc   0x0001a3cc   0x0000001b   Data   RO         6100    .conststring        maxvpdconfigmenu.o
    0x0001a3e7   0x0001a3e7   0x00000001   PAD
    0x0001a3e8   0x0001a3e8   0x00000019   Data   RO         6192    .conststring        guiprefmenu.o
    0x0001a401   0x0001a401   0x00000003   PAD
    0x0001a404   0x0001a404   0x0000003d   Data   RO         6215    .conststring        balsysmenu.o
    0x0001a441   0x0001a441   0x00000003   PAD
    0x0001a444   0x0001a444   0x0000001e   Data   RO         6332    .conststring        istopstdmenu.o
    0x0001a462   0x0001a462   0x00000002   PAD
    0x0001a464   0x0001a464   0x0000004d   Data   RO         6353    .conststring        typecgaugeconfigmenu.o
    0x0001a4b1   0x0001a4b1   0x00000003   PAD
    0x0001a4b4   0x0001a4b4   0x0000001f   Data   RO         6397    .conststring        typeccalibrationsource.o
    0x0001a4d3   0x0001a4d3   0x00000001   PAD
    0x0001a4d4   0x0001a4d4   0x00000011   Data   RO         6427    .conststring        typeccalibrationset.o
    0x0001a4e5   0x0001a4e5   0x00000003   PAD
    0x0001a4e8   0x0001a4e8   0x0000000d   Data   RO         6465    .conststring        ppsoutputcurrentsetmenu.o
    0x0001a4f5   0x0001a4f5   0x00000003   PAD
    0x0001a4f8   0x0001a4f8   0x0000000d   Data   RO         6466    .conststring        ppsoutputcurrentsetmenu.o
    0x0001a505   0x0001a505   0x00000003   PAD
    0x0001a508   0x0001a508   0x0000005b   Data   RO         6511    .conststring        pdoutputconfig.o
    0x0001a563   0x0001a563   0x00000001   PAD
    0x0001a564   0x0001a564   0x00000076   Data   RO         6575    .conststring        fixedpdorevisedenmenu.o
    0x0001a5da   0x0001a5da   0x00000002   PAD
    0x0001a5dc   0x0001a5dc   0x0000003d   Data   RO         6652    .conststring        storagemodemenu.o
    0x0001a619   0x0001a619   0x00000003   PAD
    0x0001a61c   0x0001a61c   0x00000027   Data   RO         6683    .conststring        quickaccessmenu.o
    0x0001a643   0x0001a643   0x00000001   PAD
    0x0001a644   0x0001a644   0x00000009   Data   RO         6684    .conststring        quickaccessmenu.o
    0x0001a64d   0x0001a64d   0x00000003   PAD
    0x0001a650   0x0001a650   0x00000002   Data   RO         5061    .conststrlit        setttingmainmenu.o
    0x0001a652   0x0001a652   0x00000002   PAD
    0x0001a654   0x0001a654   0x00000002   Data   RO         5227    .conststrlit        chargingsystemmenu.o
    0x0001a656   0x0001a656   0x00000002   PAD
    0x0001a658   0x0001a658   0x0000000e   Data   RO         5282    .conststrlit        captestmenu.o
    0x0001a666   0x0001a666   0x00000002   PAD
    0x0001a668   0x0001a668   0x00000002   Data   RO         5331    .conststrlit        restorefactorysetmenu.o
    0x0001a66a   0x0001a66a   0x00000002   PAD
    0x0001a66c   0x0001a66c   0x00000010   Data   RO         5378    .conststrlit        resetconfigmenu.o
    0x0001a67c   0x0001a67c   0x00000012   Data   RO         5379    .conststrlit        resetconfigmenu.o
    0x0001a68e   0x0001a68e   0x00000002   PAD
    0x0001a690   0x0001a690   0x0000000e   Data   RO         5380    .conststrlit        resetconfigmenu.o
    0x0001a69e   0x0001a69e   0x00000002   PAD
    0x0001a6a0   0x0001a6a0   0x00000002   Data   RO         5638    .conststrlit        easysetupmenu.o
    0x0001a6a2   0x0001a6a2   0x00000002   PAD
    0x0001a6a4   0x0001a6a4   0x0000000e   Data   RO         6243    .conststrlit        manustartbalancemenu.o
    0x0001a6b2   0x0001a6b2   0x00000002   PAD
    0x0001a6b4   0x0001a6b4   0x0000000e   Data   RO         6281    .conststrlit        autoextendbalancemenu.o
    0x0001a6c2   0x0001a6c2   0x00000002   PAD
    0x0001a6c4   0x0001a6c4   0x00000002   Data   RO         6355    .conststrlit        typecgaugeconfigmenu.o
    0x0001a6c6   0x0001a6c6   0x00000002   PAD
    0x0001a6c8   0x0001a6c8   0x00000002   Data   RO         6513    .conststrlit        pdoutputconfig.o
    0x0001a6ca   0x0001a6ca   0x00000002   PAD
    0x0001a6cc   0x0001a6cc   0x00000020   Data   RO         7315    Region$$Table       anon$$obj.o
    0x0001a6ec   0x0001a6ec   0x0000001c   Data   RO         7149    locale$$data        c_p.l(lc_numeric_c.o)


    Execution Region RW_IRAM1 (Exec base: 0x20000000, Load base: 0x0001a708, Size: 0x00000f10, Max: 0x00004000, ABSOLUTE)

    Exec Addr    Load Addr    Size         Type   Attr      Idx    E Section Name        Object

    0x20000000   0x0001a708   0x00000001   Data   RW            7    .data               delay.o
    0x20000001   0x0001a709   0x00000001   Data   RW          303    .data               main.o
    0x20000002   0x0001a70a   0x00000004   Data   RW         3590    .data               pmsetup.o
    0x20000006   0x0001a70e   0x00000001   Data   RW         3645    .data               lcd_init.o
    0x20000007   0x0001a70f   0x00000001   Data   RW         3646    .data               lcd_init.o
    0x20000008   0x0001a710   0x0000000c   Data   RW         3902    .data               adc.o
    0x20000014   0x0001a71c   0x0000000c   Data   RW         4140    .data               key.o
    0x20000020   0x0001a728   0x00000008   Data   RW         4458    .data               postscreen.o
    0x20000028   0x0001a730   0x0000000c   Data   RW         4543    .data               menusystem.o
    0x20000034   0x0001a73c   0x00000004   Data   RW         4592    .data               inteditmenu.o
    0x20000038   0x0001a740   0x00000001   Data   RW         4620    .data               enterpasswordmenu.o
    0x20000039   0x0001a741   0x00000003   PAD
    0x2000003c   0x0001a744   0x0000000c   Data   RW         4621    .data               enterpasswordmenu.o
    0x20000048   0x0001a750   0x00000009   Data   RW         4674    .data               ip2366_init.o
    0x20000051   0x0001a759   0x00000003   PAD
    0x20000054   0x0001a75c   0x00000008   Data   RW         4812    .data               overchargedetect.o
    0x2000005c   0x0001a764   0x00000010   Data   RW         4832    .data               balancemgmt.o
    0x2000006c   0x0001a774   0x0000001c   Data   RW         4875    .data               hptypecgauge.o
    0x20000088   0x0001a790   0x00000020   Data   RW         4908    .data               mainmenu.o
    0x200000a8   0x0001a7b0   0x00000007   Data   RW         5062    .data               setttingmainmenu.o
    0x200000af   0x0001a7b7   0x00000001   PAD
    0x200000b0   0x0001a7b8   0x00000010   Data   RW         5283    .data               captestmenu.o
    0x200000c0   0x0001a7c8   0x00000001   Data   RW         5332    .data               restorefactorysetmenu.o
    0x200000c1   0x0001a7c9   0x00000004   Data   RW         5381    .data               resetconfigmenu.o
    0x200000c5   0x0001a7cd   0x00000002   Data   RW         5426    .data               displaylastctestmenu.o
    0x200000c7   0x0001a7cf   0x00000002   Data   RW         5562    .data               columgaugeviewmenu.o
    0x200000c9   0x0001a7d1   0x00000002   Data   RW         5603    .data               viewchipstatemenu.o
    0x200000cb   0x0001a7d3   0x00000001   PAD
    0x200000cc   0x0001a7d4   0x0000000c   Data   RW         5690    .data               enteradvancedmodemenu.o
    0x200000d8   0x0001a7e0   0x0000000c   Data   RW         5738    .data               entersecusettingmenu.o
    0x200000e4   0x0001a7ec   0x00000006   Data   RW         5768    .data               aboutmenu.o
    0x200000ea   0x0001a7f2   0x00000003   Data   RW         5844    .data               adapteremulationmenu.o
    0x200000ed   0x0001a7f5   0x00000003   Data   RW         5905    .data               typecconnreset.o
    0x200000f0   0x0001a7f8   0x00000001   Data   RW         5972    .data               enableinstcaptmenu.o
    0x200000f1   0x0001a7f9   0x00000001   Data   RW         6068    .data               safetyalertmenu.o
    0x200000f2   0x0001a7fa   0x00000001   Data   RW         6148    .data               largemainmenu.o
    0x200000f3   0x0001a7fb   0x00000001   PAD
    0x200000f4   0x0001a7fc   0x00000008   Data   RW         6244    .data               manustartbalancemenu.o
    0x200000fc   0x0001a804   0x00000003   Data   RW         6282    .data               autoextendbalancemenu.o
    0x200000ff   0x0001a807   0x00000006   Data   RW         6514    .data               pdoutputconfig.o
    0x20000105   0x0001a80d   0x00000005   Data   RW         6685    .data               quickaccessmenu.o
    0x2000010a   0x0001a812   0x00000002   Data   RW         6764    .data               config.o
    0x2000010c   0x0001a814   0x0000000c   Data   RW         6885    .data               logsystem.o
    0x20000118        -       0x00000014   Zero   RW         3901    .bss                adc.o
    0x2000012c        -       0x00000009   Zero   RW         4619    .bss                enterpasswordmenu.o
    0x20000135   0x0001a820   0x00000003   PAD
    0x20000138        -       0x0000001c   Zero   RW         4903    .bss                mainmenu.o
    0x20000154        -       0x00000014   Zero   RW         5663    .bss                pdosetmenu.o
    0x20000168        -       0x0000003f   Zero   RW         6002    .bss                vrechargemenu.o
    0x200001a7   0x0001a820   0x00000001   PAD
    0x200001a8        -       0x00000070   Zero   RW         6763    .bss                config.o
    0x20000218        -       0x0000004c   Zero   RW         6825    .bss                captestmgmt.o
    0x20000264        -       0x0000004c   Zero   RW         6884    .bss                logsystem.o
    0x200002b0        -       0x00000060   Zero   RW         7167    .bss                c_p.l(libspace.o)
    0x20000310        -       0x00000000   Zero   RW          518    HEAP                startup_ht32f5xxxx_01.o
    0x20000310        -       0x00000c00   Zero   RW          517    STACK               startup_ht32f5xxxx_01.o


==============================================================================

Image component sizes


      Code (inc. data)   RO Data    RW Data    ZI Data      Debug   Object Name

       830         12          0          0          0       4666   24cxx.o
       940        260         52          6          0       7840   aboutmenu.o
      2552        618         52          3          0      10502   adapteremulationmenu.o
      1048        216          0         12         20       3997   adc.o
      1820        394         66          3          0       8699   autoextendbalancemenu.o
       484        108          0         16          0       3261   balancemgmt.o
        36         16        193          0          0       5601   balsysmenu.o
        32         12        168          0          0       5639   batterycalsetmenu.o
      4140        896         66         16          0       9853   captestmenu.o
       624        132          0          0         76       4725   captestmgmt.o
        96         28        268          0          0       5703   chargepowermenu.o
        32         12         93          0          0       5532   chargevoltset.o
       132         50        273          0          0       8043   chargingsystemmenu.o
         0          0        132          0          0       4687   chgpowerwithoutepr.o
      1440        282         52          2          0       8222   columgaugeviewmenu.o
      1084        228          0          2        112       7632   config.o
       276         30          0          1          0      66415   delay.o
        48         18        351          0          0       5741   dischargemgmtmenu.o
        60         24        142          0          0       5661   displaydirmenu.o
      1288        238         52          2          0       7186   displaylastctestmenu.o
        56         14        387          0          0       5819   easysetupmenu.o
       328        138         52          1          0       5736   enableinstcaptmenu.o
        56         20         52         12          0       5639   enteradvancedmodemenu.o
      1040        174          0         13          9       7893   enterpasswordmenu.o
        32         12         67         12          0       5157   entersecusettingmenu.o
       240         58        368          0          0       7974   fixedpdoiccedit.o
         0          0        282          0          0       4687   fixedpdorevisedenmenu.o
      1036        176          0          0          0       3423   flashprot.o
        36         14        125          0          0       5116   guiprefmenu.o
       388        126         94         28          0       1734   hptypecgauge.o
        84         12          0          0          0       1649   ht32_cm0plus_misc.o
       166         34          0          0          0      13579   ht32f5xxxx_01_it.o
       148          0          0          0          0       5834   ht32f5xxxx_adc.o
       112         20          0          0          0       4887   ht32f5xxxx_ckcu.o
        36          0          0          0          0       1635   ht32f5xxxx_crc.o
       100         20          0          0          0       5185   ht32f5xxxx_exti.o
       320         50          0          0          0       5420   ht32f5xxxx_flash.o
       422         12          0          0          0       7317   ht32f5xxxx_gpio.o
       188         24          0          0          0       3503   ht32f5xxxx_pdma.o
        64          8          0          0          0       1254   ht32f5xxxx_rstcu.o
        60          8          0          0          0        610   ht32f5xxxx_rtc.o
       156          0          0          0          0       4745   ht32f5xxxx_spi.o
       120          4          0          0          0       4270   ht32f5xxxx_tm.o
       192         50          0          0          0       4440   ht32f5xxxx_wdt.o
      1360        108          4          0          0       5549   i2cdrv.o
       832         64          0          0          0      33173   ina226.o
        76          6          0          0          0        780   incdec.o
       120         42          0          0          0        950   instantcaptest.o
      1300         66          0          4          0       3625   inteditmenu.o
      3548       1066         15          9          0       8905   ip2366_init.o
      3710        202          0          0          0      20966   ip2366_reg.o
        60         18        242          0          0       5701   istopmenu.o
         0          0        258          0          0       4661   istopstdmenu.o
       644         60          0         12          0       4515   key.o
      3976        756         52          1          0      11691   largemainmenu.o
      2392         74      17100          0          0      21378   lcd.o
      1698         66         38          2          0      16212   lcd_init.o
        48          8          0          0          0        598   lineartabop.o
      2010        308          0         12         76      10049   logsystem.o
        36         16        338          0          0       5586   lvsetmenu.o
       324         46          0          1          0       7735   main.o
      2952        516       7346         32         28       9710   mainmenu.o
      1120        204         66          8          0       6987   manustartbalancemenu.o
       136         26        127          0          0       5832   maxvpdconfigmenu.o
       284         98          0          0          0       9156   mcubeattimer.o
      2476        146        800         12          0      10337   menusystem.o
        32         12         87          0          0       5510   otptempset.o
       252         48          0          8          0       1770   overchargedetect.o
       406          0          0          0          0       2786   pca9536.o
        80         38        225          0         20       5217   pdosetmenu.o
       288         64        289          6          0       9195   pdoutputconfig.o
       194          0          0          0          0       2273   pmbus.o
       780        134          0          4          0       3191   pmsetup.o
       552         38          0          8          0       6603   postscreen.o
        96         32        194          0          0       6682   ppsoutputcurrentsetmenu.o
        32         12         97          0          0       5633   prechargecurrentsetmenu.o
       356         56        180          5          0       6933   quickaccessmenu.o
       536        196        204          4          0       7488   resetconfigmenu.o
       116         34        169          1          0       7252   restorefactorysetmenu.o
       252        118         61          1          0       5653   safetyalertmenu.o
       172         52          0          0          0       1512   screendirset.o
       176         62          0          0          0        535   selftesterrorhandle.o
       112         42        133          0          0       6227   setchargecurrentmenu.o
       724        208        774          7          0      17302   setttingmainmenu.o
       380        252          0          0       3072        728   startup_ht32f5xxxx_01.o
        64         28        193          0          0       5689   storagemodemenu.o
       260         24          0          0          0        661   system_ht32f5xxxx_01.o
         0          0        389          0          0       4651   systemsecumenu.o
        48         18        185          0          0       6083   typeccalibrationset.o
        44         12        131          0          0       5739   typeccalibrationsource.o
       616        148         52          3          0       7199   typecconnreset.o
        80         30        227          0          0       6984   typecgaugeconfigmenu.o
      1764        382         52          2          0       7464   viewchipstatemenu.o
       240         58        165          0         63       5968   vrechargemenu.o
        68          6          0          0          0        492   watchdog.o

    ----------------------------------------------------------------------
     60190      10548      33720        280       3480     664627   Object Totals
         0          0         32          0          0          0   (incl. Generated)
        26          0        108          9          4          0   (incl. Padding)

    ----------------------------------------------------------------------

      Code (inc. data)   RO Data    RW Data    ZI Data      Debug   Library Member Name

         8          0          0          0          0         68   __main.o
       284          0          0          0          0        136   __printf_wp.o
         0          0          0          0          0          0   __rtentry.o
        12          0          0          0          0          0   __rtentry2.o
         6          0          0          0          0          0   __rtentry4.o
        60          8          0          0          0          0   __scatter.o
        26          0          0          0          0          0   __scatter_copy.o
        28          0          0          0          0          0   __scatter_zi.o
        48          6          0          0          0         88   _printf_char_common.o
        10          0          0          0          0          0   _printf_f.o
      1048         14          0          0          0        176   _printf_fp_dec.o
       136         16          0          0          0         76   _printf_fp_infnan.o
         2          0          0          0          0          0   _printf_percent.o
         4          0          0          0          0          0   _printf_percent_end.o
        22          0          0          0          0         92   _rserrno.o
        16          0          0          0          0         60   _snputc.o
        10          0          0          0          0         60   _sputc.o
       488          0          0          0          0         92   aeabi_sdivfast.o
       216          6        148          0          0         80   bigflt0.o
      1456         30          0          0          0        336   btod.o
        16          0          0          0          0         68   exit.o
         6          0          0          0          0        136   heapauxi.o
         0          0          0          0          0          0   indicate_semi.o
        44         10         28          0          0         76   lc_numeric_c.o
         2          0          0          0          0          0   libinit.o
        18          0          0          0          0          0   libinit2.o
         2          0          0          0          0          0   libshutdown.o
         2          0          0          0          0          0   libshutdown2.o
         8          4          0          0         96         68   libspace.o
       122          0          0          0          0         72   lludiv10.o
        56          6          0          0          0         84   noretval__2snprintf.o
         8          4          0          0          0         68   rt_errno_addr_intlibspace.o
         8          4          0          0          0         68   rt_locale_intlibspace.o
        64          0          0          0          0        108   rt_memclr.o
         2          0          0          0          0          0   rtexit.o
        10          0          0          0          0          0   rtexit2.o
        40          0          0          0          0         60   rtudiv10.o
       160          4          0          0          0         80   strcmpv6m.o
       160          6          0          0          0         76   strncmp.o
       108          4          0          0          0         76   strncpy.o
        12          4          0          0          0         60   sys_exit.o
        62          0          0          0          0         80   sys_stackheap_outer.o
         2          0          0          0          0         68   use_no_semi.o
        46          0          0          0          0         60   cmpret.o
       124          4          0          0          0         72   d2f.o
       856         20          0          0          0        208   daddsub.o
       144          4          0          0          0         76   dcmpin.o
      1096         26        128          0          0        112   ddiv.o
       100          4          0          0          0         92   deqf.o
        72          4          0          0          0         68   dfixui.o
        88          0          0          0          0         92   dflti.o
       584         26          0          0          0         84   dmul.o
        20          6          0          0          0         68   dnan2.o
       104          4          0          0          0        104   drlef.o
        96         12          0          0          0         72   dscalbn.o
       256          8          0          0          0         76   dsqrt.o
        84          4          0          0          0         60   f2d.o
       372          8          0          0          0        240   faddsub.o
       100          4          0          0          0         68   fcmpin.o
       352         10         64          0          0         92   fdiv.o
        76          0          0          0          0         68   ffixi.o
        94          0          0          0          0         92   fflti.o
        84          4          0          0          0         76   flef.o
       176          4          0          0          0         80   fmul.o
        16          6          0          0          0         68   fnan2.o
        88          4          0          0          0         76   frlef.o
        68          4          0          0          0         68   fscalbn.o
        16          4          0          0          0         76   printf1.o
        94          0          0          0          0         68   retnan.o
         0          0          0          0          0          0   usenofp.o
        94         14          0          0          0        408   dunder.o
        44          4          0          0          0         60   fpclassify.o
       852         62         56          0          0        136   log.o
       172          0          0          0          0         76   poly.o
      2556        196        136          0          0        240   pow.o
         0          0          8          0          0          0   qnan.o
        72          6          0          0          0         76   sqrt.o

    ----------------------------------------------------------------------
     13814        578        572          0         96       5824   Library Totals
        26          0          4          0          0          0   (incl. Padding)

    ----------------------------------------------------------------------

      Code (inc. data)   RO Data    RW Data    ZI Data      Debug   Library Name

      4792        126        176          0         96       2512   c_p.l
      5206        170        192          0          0       2316   fz_ps.l
      3790        282        200          0          0        996   m_ps.l

    ----------------------------------------------------------------------
     13814        578        572          0         96       5824   Library Totals

    ----------------------------------------------------------------------

==============================================================================


      Code (inc. data)   RO Data    RW Data    ZI Data      Debug   

     74004      11126      34292        280       3576     650359   Grand Totals
     74004      11126      34292        280       3576     650359   ELF Image Totals
     74004      11126      34292        280          0          0   ROM Totals

==============================================================================

    Total RO  Size (Code + RO Data)               108296 ( 105.76kB)
    Total RW  Size (RW Data + ZI Data)              3856 (   3.77kB)
    Total ROM Size (Code + RO Data + RW Data)     108576 ( 106.03kB)

==============================================================================

