Component: ARM Compiler 5.06 update 6 (build 750) Tool: armlink [4d35ed]

==============================================================================

Section Cross References

    delay.o(i.delay_Second) refers to ht32_cm0plus_misc.o(i.SYSTICK_IntConfig) for SYSTICK_IntConfig
    delay.o(i.delay_Second) refers to delay.o(.data) for DelaySeconds
    delay.o(i.delay_init) refers to ht32_cm0plus_misc.o(i.SYSTICK_ClockSourceConfig) for SYSTICK_ClockSourceConfig
    delay.o(i.delay_init) refers to ht32_cm0plus_misc.o(i.SYSTICK_IntConfig) for SYSTICK_IntConfig
    delay.o(i.delay_init) refers to ht32_cm0plus_misc.o(i.SYSTICK_CounterCmd) for SYSTICK_CounterCmd
    delay.o(i.delay_init) refers to delay.o(.data) for DelaySeconds
    ht32f5xxxx_01_it.o(i.ADC_IRQHandler) refers to ht32f5xxxx_adc.o(i.ADC_GetIntStatus) for ADC_GetIntStatus
    ht32f5xxxx_01_it.o(i.ADC_IRQHandler) refers to adc.o(i.ADC_EOC_interrupt_Callback) for ADC_EOC_interrupt_Callback
    ht32f5xxxx_01_it.o(i.EXTI4_15_IRQHandler) refers to key.o(i.SideKey_IntCallback) for SideKey_IntCallback
    ht32f5xxxx_01_it.o(i.GPTM0_IRQHandler) refers to ht32f5xxxx_tm.o(i.TM_GetFlagStatus) for TM_GetFlagStatus
    ht32f5xxxx_01_it.o(i.GPTM0_IRQHandler) refers to ht32f5xxxx_tm.o(i.TM_ClearFlag) for TM_ClearFlag
    ht32f5xxxx_01_it.o(i.GPTM0_IRQHandler) refers to main.o(.data) for SensorRefreshFlag
    ht32f5xxxx_01_it.o(i.PDMA_CH0_1_IRQHandler) refers to ht32f5xxxx_pdma.o(i.PDMA_GetFlagStatus) for PDMA_GetFlagStatus
    ht32f5xxxx_01_it.o(i.PDMA_CH0_1_IRQHandler) refers to ht32f5xxxx_pdma.o(i.PDMA_ClearFlag) for PDMA_ClearFlag
    ht32f5xxxx_01_it.o(i.PDMA_CH0_1_IRQHandler) refers to lcd_init.o(.data) for IsPDMATranferDone
    ht32f5xxxx_01_it.o(i.SysTick_Handler) refers to delay.o(.data) for DelaySeconds
    lineartabop.o(i.CheckLinearTable) refers to feqf.o(x$fpl$feqf) for __aeabi_cfcmpeq
    lineartabop.o(i.CheckLinearTable) refers to frlef.o(x$fpl$frleqf) for __aeabi_cfrcmple
    lineartabop.o(i.CheckLinearTable) refers to flef.o(x$fpl$fleqf) for __aeabi_cfcmple
    lineartabop.o(i.QueueLinearTable) refers to lineartabop.o(i.CheckLinearTable) for CheckLinearTable
    lineartabop.o(i.QueueLinearTable) refers to flef.o(x$fpl$fleqf) for __aeabi_cfcmple
    lineartabop.o(i.QueueLinearTable) refers to frlef.o(x$fpl$frleqf) for __aeabi_cfrcmple
    lineartabop.o(i.QueueLinearTable) refers to faddsub.o(x$fpl$fsub) for __aeabi_fsub
    lineartabop.o(i.QueueLinearTable) refers to fdiv.o(.text) for __aeabi_fdiv
    lineartabop.o(i.QueueLinearTable) refers to fmul.o(x$fpl$fmul) for __aeabi_fmul
    lineartabop.o(i.QueueLinearTable) refers to faddsub.o(x$fpl$fadd) for __aeabi_fadd
    lineartabop.o(i.iroundf) refers to ffixi.o(.text) for __aeabi_f2iz
    lineartabop.o(i.iroundf) refers to fflti.o(.text) for __aeabi_i2f
    lineartabop.o(i.iroundf) refers to faddsub.o(x$fpl$frsb) for __aeabi_frsub
    lineartabop.o(i.iroundf) refers to fmul.o(x$fpl$fmul) for __aeabi_fmul
    main.o(i.main) refers to ht32f5xxxx_ckcu.o(i.CKCU_PeripClockConfig) for CKCU_PeripClockConfig
    main.o(i.main) refers to flashprot.o(i.SetDebugPortState) for SetDebugPortState
    main.o(i.main) refers to delay.o(i.delay_init) for delay_init
    main.o(i.main) refers to pmsetup.o(i.PowerMgmtSetup) for PowerMgmtSetup
    main.o(i.main) refers to lcd_init.o(i.LCD_HardwareInit) for LCD_HardwareInit
    main.o(i.main) refers to lcd_init.o(i.LCD_Init) for LCD_Init
    main.o(i.main) refers to key.o(i.SideKey_Init) for SideKey_Init
    main.o(i.main) refers to postscreen.o(i.PostScreenInit) for PostScreenInit
    main.o(i.main) refers to ht32f5xxxx_gpio.o(i.GPIO_ClearOutBits) for GPIO_ClearOutBits
    main.o(i.main) refers to mcubeattimer.o(i.EnableHBTimer) for EnableHBTimer
    main.o(i.main) refers to adc.o(i.InternalADC_Init) for InternalADC_Init
    main.o(i.main) refers to pmsetup.o(i.KickIP2366ToWakeUp) for KickIP2366ToWakeUp
    main.o(i.main) refers to i2cdrv.o(i.SMBUS_Init) for SMBUS_Init
    main.o(i.main) refers to ip2366_init.o(i.IP2366_PreInit) for IP2366_PreInit
    main.o(i.main) refers to config.o(i.LoadConfig) for LoadConfig
    main.o(i.main) refers to mcubeattimer.o(i.CheckIfHBTIMStart) for CheckIfHBTIMStart
    main.o(i.main) refers to flashprot.o(i.CheckForFlashLock) for CheckForFlashLock
    main.o(i.main) refers to captestmgmt.o(i.POR_ReadCapData) for POR_ReadCapData
    main.o(i.main) refers to balancemgmt.o(i.BalanceMgmt_Init) for BalanceMgmt_Init
    main.o(i.main) refers to logsystem.o(i.RunLogModule_POR) for RunLogModule_POR
    main.o(i.main) refers to screendirset.o(i.ApplyScreenDirection) for ApplyScreenDirection
    main.o(i.main) refers to ip2366_init.o(i.IP2366_PostInit) for IP2366_PostInit
    main.o(i.main) refers to hptypecgauge.o(i.HPPowerGuage_Start) for HPPowerGuage_Start
    main.o(i.main) refers to instantcaptest.o(i.PushDefaultResultToVBat) for PushDefaultResultToVBat
    main.o(i.main) refers to postscreen.o(i.ShowPostInfo) for ShowPostInfo
[...]
    AlwaysFalse                              0x20000021   Data           1  menusystem.o(.data)
    IsEnableAdvancedMode                     0x20000030   Data           1  enterpasswordmenu.o(.data)
    IsEnable17AMode                          0x20000040   Data           1  ip2366_init.o(.data)
    IsEnableHSCPMode                         0x20000041   Data           1  ip2366_init.o(.data)
    IsSystemOverheating                      0x20000042   Data           1  ip2366_init.o(.data)
    IsBootFromVBUS                           0x20000044   Data           1  ip2366_init.o(.data)
    OCState                                  0x20000048   Data           1  overchargedetect.o(.data)
    BalanceState                             0x20000050   Data           1  balancemgmt.o(.data)
    BalanceForceEnableTIM                    0x20000054   Data           4  balancemgmt.o(.data)
    BalanceDisableTIM                        0x20000058   Data           4  balancemgmt.o(.data)
    ChargeFullTIM                            0x2000005c   Data           4  balancemgmt.o(.data)
    IsEnableHPGauge                          0x20000060   Data           1  hptypecgauge.o(.data)
    A226ErrorStr                             0x20000064   Data          24  hptypecgauge.o(.data)
    IsTelemOK                                0x2000007c   Data           1  mainmenu.o(.data)
    QCState                                  0x2000007d   Data           1  mainmenu.o(.data)
    Is2368Telem                              0x2000007e   Data           1  mainmenu.o(.data)
    IsResultUpdated                          0x20000080   Data           1  mainmenu.o(.data)
    PDO                                      0x20000081   Data           1  mainmenu.o(.data)
    IsDispChargingINFO                       0x20000083   Data           1  mainmenu.o(.data)
    BATT                                     0x20000085   Data           1  mainmenu.o(.data)
    CState                                   0x20000087   Data           2  mainmenu.o(.data)
    VTypec                                   0x2000008c   Data           4  mainmenu.o(.data)
    ITypeC                                   0x20000090   Data           4  mainmenu.o(.data)
    VBat                                     0x20000094   Data           4  mainmenu.o(.data)
    IBat                                     0x20000098   Data           4  mainmenu.o(.data)
    IsEnablePowerOFF                         0x2000009c   Data           1  setttingmainmenu.o(.data)
    IsEnableAdapEmu                          0x2000009d   Data           1  setttingmainmenu.o(.data)
    IsPDOCanConfig                           0x2000009e   Data           1  setttingmainmenu.o(.data)
    IsEnableLVConfig                         0x2000009f   Data           1  setttingmainmenu.o(.data)
    EnableOneShotAct                         0x200000a0   Data           1  setttingmainmenu.o(.data)
    EnableManuBal                            0x200000a1   Data           1  setttingmainmenu.o(.data)
    IsEnableFactoryReset                     0x200000b4   Data           1  restorefactorysetmenu.o(.data)
    IsResetRendered                          0x200000b5   Data           1  resetconfigmenu.o(.data)
    RSTType                                  0x200000b8   Data           1  resetconfigmenu.o(.data)
    IsUpdateCDUI                             0x200000bc   Data           1  columgaugeviewmenu.o(.data)
    EntAdvModeVerify                         0x200000c0   Data          12  enteradvancedmodemenu.o(.data)
    EntSecuVerify                            0x200000cc   Data          12  entersecusettingmenu.o(.data)
    RGBState                                 0x200000dd   Data           1  aboutmenu.o(.data)
    IsEnableAdapterEmu                       0x200000de   Data           1  adapteremulationmenu.o(.data)
    IsStopEmulationDueToLV                   0x200000df   Data           1  adapteremulationmenu.o(.data)
    IsStopDueToFault                         0x200000e0   Data           1  adapteremulationmenu.o(.data)
    TCFSMState                               0x200000e3   Data           1  typecconnreset.o(.data)
    IsUpdateBalUI                            0x200000ed   Data           1  manustartbalancemenu.o(.data)
    IsTimeMet                                0x200000ee   Data           1  manustartbalancemenu.o(.data)
    ADCO                                     0x20000100   Data          20  adc.o(.bss)
    VBUS                                     0x20000130   Data          12  mainmenu.o(.bss)
    CfgUnion                                 0x2000018c   Data          68  config.o(.bss)
    CTestData                                0x200001d0   Data          40  captestmgmt.o(.bss)
    CurrentTestResult                        0x200001f8   Data          36  captestmgmt.o(.bss)
    RunLogEntry                              0x2000021c   Data          76  logsystem.o(.bss)
    __libspace_start                         0x20000268   Data          96  libspace.o(.bss)
    __temporary_stack_top$libspace           0x200002c8   Data           0  libspace.o(.bss)



==============================================================================

Memory Map of the image

  Image Entry point : 0x0000017d

  Load Region LR_IROM1 (Base: 0x00000000, Size: 0x000187c0, Max: 0x0001fe00, ABSOLUTE)

    Execution Region ER_IROM1 (Exec base: 0x00000000, Load base: 0x00000000, Size: 0x000186c0, Max: 0x0001fe00, ABSOLUTE)

    Exec Addr    Load Addr    Size         Type   Attr      Idx    E Section Name        Object

    0x00000000   0x00000000   0x0000017c   Code   RO          519    RESET               startup_ht32f5xxxx_01.o
    0x0000017c   0x0000017c   0x00000008   Code   RO         6583  * !!!main             c_p.l(__main.o)
    0x00000184   0x00000184   0x0000003c   Code   RO         6905    !!!scatter          c_p.l(__scatter.o)
    0x000001c0   0x000001c0   0x0000001a   Code   RO         6907    !!handler_copy      c_p.l(__scatter_copy.o)
    0x000001da   0x000001da   0x00000002   PAD
    0x000001dc   0x000001dc   0x0000001c   Code   RO         6909    !!handler_zi        c_p.l(__scatter_zi.o)
    0x000001f8   0x000001f8   0x00000002   Code   RO         6570    .ARM.Collect$$_printf_percent$$00000000  c_p.l(_printf_percent.o)
    0x000001fa   0x000001fa   0x0000000a   Code   RO         6569    .ARM.Collect$$_printf_percent$$00000003  c_p.l(_printf_f.o)
    0x00000204   0x00000204   0x00000004   Code   RO         6660    .ARM.Collect$$_printf_percent$$00000017  c_p.l(_printf_percent_end.o)
    0x00000208   0x00000208   0x00000002   Code   RO         6773    .ARM.Collect$$libinit$$00000000  c_p.l(libinit.o)
    0x0000020a   0x0000020a   0x00000000   Code   RO         6775    .ARM.Collect$$libinit$$00000002  c_p.l(libinit2.o)
    0x0000020a   0x0000020a   0x00000000   Code   RO         6777    .ARM.Collect$$libinit$$00000004  c_p.l(libinit2.o)
    0x0000020a   0x0000020a   0x00000000   Code   RO         6780    .ARM.Collect$$libinit$$0000000A  c_p.l(libinit2.o)
    0x0000020a   0x0000020a   0x00000000   Code   RO         6782    .ARM.Collect$$libinit$$0000000C  c_p.l(libinit2.o)
    0x0000020a   0x0000020a   0x00000000   Code   RO         6784    .ARM.Collect$$libinit$$0000000E  c_p.l(libinit2.o)
    0x0000020a   0x0000020a   0x00000006   Code   RO         6785    .ARM.Collect$$libinit$$0000000F  c_p.l(libinit2.o)
    0x00000210   0x00000210   0x00000000   Code   RO         6787    .ARM.Collect$$libinit$$00000011  c_p.l(libinit2.o)
    0x00000210   0x00000210   0x00000000   Code   RO         6789    .ARM.Collect$$libinit$$00000013  c_p.l(libinit2.o)
    0x00000210   0x00000210   0x00000000   Code   RO         6791    .ARM.Collect$$libinit$$00000015  c_p.l(libinit2.o)
    0x00000210   0x00000210   0x0000000a   Code   RO         6792    .ARM.Collect$$libinit$$00000016  c_p.l(libinit2.o)
    0x0000021a   0x0000021a   0x00000000   Code   RO         6793    .ARM.Collect$$libinit$$00000017  c_p.l(libinit2.o)
    0x0000021a   0x0000021a   0x00000000   Code   RO         6795    .ARM.Collect$$libinit$$00000019  c_p.l(libinit2.o)
    0x0000021a   0x0000021a   0x00000000   Code   RO         6797    .ARM.Collect$$libinit$$0000001B  c_p.l(libinit2.o)
    0x0000021a   0x0000021a   0x00000000   Code   RO         6799    .ARM.Collect$$libinit$$0000001D  c_p.l(libinit2.o)
    0x0000021a   0x0000021a   0x00000000   Code   RO         6801    .ARM.Collect$$libinit$$0000001F  c_p.l(libinit2.o)
    0x0000021a   0x0000021a   0x00000000   Code   RO         6803    .ARM.Collect$$libinit$$00000021  c_p.l(libinit2.o)
    0x0000021a   0x0000021a   0x00000000   Code   RO         6805    .ARM.Collect$$libinit$$00000023  c_p.l(libinit2.o)
    0x0000021a   0x0000021a   0x00000000   Code   RO         6807    .ARM.Collect$$libinit$$00000025  c_p.l(libinit2.o)
    0x0000021a   0x0000021a   0x00000000   Code   RO         6811    .ARM.Collect$$libinit$$0000002C  c_p.l(libinit2.o)
    0x0000021a   0x0000021a   0x00000000   Code   RO         6813    .ARM.Collect$$libinit$$0000002E  c_p.l(libinit2.o)
    0x0000021a   0x0000021a   0x00000000   Code   RO         6815    .ARM.Collect$$libinit$$00000030  c_p.l(libinit2.o)
    0x0000021a   0x0000021a   0x00000000   Code   RO         6817    .ARM.Collect$$libinit$$00000032  c_p.l(libinit2.o)
    0x0000021a   0x0000021a   0x00000002   Code   RO         6818    .ARM.Collect$$libinit$$00000033  c_p.l(libinit2.o)
    0x0000021c   0x0000021c   0x00000002   Code   RO         6870    .ARM.Collect$$libshutdown$$00000000  c_p.l(libshutdown.o)
    0x0000021e   0x0000021e   0x00000000   Code   RO         6888    .ARM.Collect$$libshutdown$$00000002  c_p.l(libshutdown2.o)
    0x0000021e   0x0000021e   0x00000000   Code   RO         6890    .ARM.Collect$$libshutdown$$00000004  c_p.l(libshutdown2.o)
    0x0000021e   0x0000021e   0x00000000   Code   RO         6893    .ARM.Collect$$libshutdown$$00000007  c_p.l(libshutdown2.o)
    0x0000021e   0x0000021e   0x00000000   Code   RO         6896    .ARM.Collect$$libshutdown$$0000000A  c_p.l(libshutdown2.o)
    0x0000021e   0x0000021e   0x00000000   Code   RO         6898    .ARM.Collect$$libshutdown$$0000000C  c_p.l(libshutdown2.o)
    0x0000021e   0x0000021e   0x00000000   Code   RO         6901    .ARM.Collect$$libshutdown$$0000000F  c_p.l(libshutdown2.o)
    0x0000021e   0x0000021e   0x00000002   Code   RO         6902    .ARM.Collect$$libshutdown$$00000010  c_p.l(libshutdown2.o)
    0x00000220   0x00000220   0x00000000   Code   RO         6645    .ARM.Collect$$rtentry$$00000000  c_p.l(__rtentry.o)
    0x00000220   0x00000220   0x00000000   Code   RO         6698    .ARM.Collect$$rtentry$$00000002  c_p.l(__rtentry2.o)
    0x00000220   0x00000220   0x00000006   Code   RO         6710    .ARM.Collect$$rtentry$$00000004  c_p.l(__rtentry4.o)
    0x00000226   0x00000226   0x00000000   Code   RO         6700    .ARM.Collect$$rtentry$$00000009  c_p.l(__rtentry2.o)
    0x00000226   0x00000226   0x00000004   Code   RO         6701    .ARM.Collect$$rtentry$$0000000A  c_p.l(__rtentry2.o)
    0x0000022a   0x0000022a   0x00000000   Code   RO         6703    .ARM.Collect$$rtentry$$0000000C  c_p.l(__rtentry2.o)
    0x0000022a   0x0000022a   0x00000008   Code   RO         6704    .ARM.Collect$$rtentry$$0000000D  c_p.l(__rtentry2.o)
    0x00000232   0x00000232   0x00000002   Code   RO         6824    .ARM.Collect$$rtexit$$00000000  c_p.l(rtexit.o)
    0x00000234   0x00000234   0x00000000   Code   RO         6839    .ARM.Collect$$rtexit$$00000002  c_p.l(rtexit2.o)
    0x00000234   0x00000234   0x00000004   Code   RO         6840    .ARM.Collect$$rtexit$$00000003  c_p.l(rtexit2.o)
    0x00000238   0x00000238   0x00000006   Code   RO         6841    .ARM.Collect$$rtexit$$00000004  c_p.l(rtexit2.o)
    0x0000023e   0x0000023e   0x00000002   PAD
    0x00000240   0x00000240   0x00000038   Code   RO         6545    .text               c_p.l(noretval__2snprintf.o)
    0x00000278   0x00000278   0x0000010e   Code   RO         6557    .text               c_p.l(__printf_wp.o)
    0x00000386   0x00000386   0x00000002   PAD
    0x00000388   0x00000388   0x000000a0   Code   RO         6571    .text               c_p.l(strncmp.o)
    0x00000428   0x00000428   0x00000040   Code   RO         6573    .text               c_p.l(rt_memclr.o)
    0x00000468   0x00000468   0x0000006c   Code   RO         6575    .text               c_p.l(strncpy.o)
    0x000004d4   0x000004d4   0x000001e8   Code   RO         6577    .text               c_p.l(aeabi_sdivfast.o)
    0x000006bc   0x000006bc   0x00000006   Code   RO         6581    .text               c_p.l(heapauxi.o)
    0x000006c2   0x000006c2   0x00000002   PAD
    0x000006c4   0x000006c4   0x0000007c   Code   RO         6585    .text               fz_ps.l(d2f.o)
    0x00000740   0x00000740   0x00000358   Code   RO         6587    .text               fz_ps.l(daddsub.o)
    0x00000a98   0x00000a98   0x00000448   Code   RO         6589    .text               fz_ps.l(ddiv.o)
    0x00000ee0   0x00000ee0   0x00000048   Code   RO         6592    .text               fz_ps.l(dfixui.o)
    0x00000f28   0x00000f28   0x00000058   Code   RO         6594    .text               fz_ps.l(dflti.o)
    0x00000f80   0x00000f80   0x00000248   Code   RO         6596    .text               fz_ps.l(dmul.o)
    0x000011c8   0x000011c8   0x00000054   Code   RO         6598    .text               fz_ps.l(f2d.o)
    0x0000121c   0x0000121c   0x00000160   Code   RO         6606    .text               fz_ps.l(fdiv.o)
    0x0000137c   0x0000137c   0x0000004c   Code   RO         6611    .text               fz_ps.l(ffixi.o)
    0x000013c8   0x000013c8   0x0000005e   Code   RO         6613    .text               fz_ps.l(fflti.o)
    0x00001426   0x00001426   0x00000002   PAD
    0x00001428   0x00001428   0x00000044   Code   RO         6621    .text               fz_ps.l(fscalbn.o)
    0x0000146c   0x0000146c   0x00000016   Code   RO         6650    .text               c_p.l(_rserrno.o)
    0x00001482   0x00001482   0x00000002   PAD
    0x00001484   0x00001484   0x00000418   Code   RO         6652    .text               c_p.l(_printf_fp_dec.o)
    0x0000189c   0x0000189c   0x00000030   Code   RO         6654    .text               c_p.l(_printf_char_common.o)
    0x000018cc   0x000018cc   0x0000000a   Code   RO         6656    .text               c_p.l(_sputc.o)
    0x000018d6   0x000018d6   0x00000010   Code   RO         6658    .text               c_p.l(_snputc.o)
    0x000018e6   0x000018e6   0x00000002   PAD
    0x000018e8   0x000018e8   0x00000060   Code   RO         6665    .text               fz_ps.l(dscalbn.o)
    0x00001948   0x00001948   0x00000064   Code   RO         6667    .text               fz_ps.l(fcmpin.o)
    0x000019ac   0x000019ac   0x00000008   Code   RO         6717    .text               c_p.l(rt_locale_intlibspace.o)
    0x000019b4   0x000019b4   0x00000008   Code   RO         6722    .text               c_p.l(rt_errno_addr_intlibspace.o)
    0x000019bc   0x000019bc   0x0000007a   Code   RO         6724    .text               c_p.l(lludiv10.o)
    0x00001a36   0x00001a36   0x00000002   PAD
    0x00001a38   0x00001a38   0x00000088   Code   RO         6726    .text               c_p.l(_printf_fp_infnan.o)
    0x00001ac0   0x00001ac0   0x000000d8   Code   RO         6730    .text               c_p.l(bigflt0.o)
    0x00001b98   0x00001b98   0x00000580   Code   RO         6733    .text               c_p.l(btod.o)
    0x00002118   0x00002118   0x00000028   Code   RO         6740    .text               c_p.l(rtudiv10.o)
    0x00002140   0x00002140   0x0000002e   Code   RO         6742    .text               fz_ps.l(cmpret.o)
    0x0000216e   0x0000216e   0x00000002   PAD
    0x00002170   0x00002170   0x00000090   Code   RO         6744    .text               fz_ps.l(dcmpin.o)
    0x00002200   0x00002200   0x00000100   Code   RO         6748    .text               fz_ps.l(dsqrt.o)
    0x00002300   0x00002300   0x00000010   Code   RO         6750    .text               fz_ps.l(fnan2.o)
    0x00002310   0x00002310   0x00000008   Code   RO         6754    .text               c_p.l(libspace.o)
    0x00002318   0x00002318   0x0000003e   Code   RO         6757    .text               c_p.l(sys_stackheap_outer.o)
    0x00002356   0x00002356   0x00000010   Code   RO         6760    .text               c_p.l(exit.o)
    0x00002366   0x00002366   0x00000002   PAD
    0x00002368   0x00002368   0x000000a0   Code   RO         6766    .text               c_p.l(strcmpv6m.o)
    0x00002408   0x00002408   0x00000014   Code   RO         6819    .text               fz_ps.l(dnan2.o)
    0x0000241c   0x0000241c   0x0000005e   Code   RO         6821    .text               fz_ps.l(retnan.o)
    0x0000247a   0x0000247a   0x00000002   PAD
    0x0000247c   0x0000247c   0x0000000c   Code   RO         6836    .text               c_p.l(sys_exit.o)
    0x00002488   0x00002488   0x00000002   Code   RO         6857    .text               c_p.l(use_no_semi.o)
    0x0000248a   0x0000248a   0x00000000   Code   RO         6859    .text               c_p.l(indicate_semi.o)
    0x0000248a   0x0000248a   0x00000006   Code   RO          528    i.ADC_ClearIntPendingBit  ht32f5xxxx_adc.o
    0x00002490   0x00002490   0x00000012   Code   RO          529    i.ADC_Cmd           ht32f5xxxx_adc.o
    0x000024a2   0x000024a2   0x00000002   PAD
    0x000024a4   0x000024a4   0x0000001c   Code   RO         3897    i.ADC_EOC_interrupt_Callback  adc.o
    0x000024c0   0x000024c0   0x0000000c   Code   RO          533    i.ADC_GetIntStatus  ht32f5xxxx_adc.o
    0x000024cc   0x000024cc   0x00000234   Code   RO         3898    i.ADC_GetResult     adc.o
    0x00002700   0x00002700   0x00000018   Code   RO          184    i.ADC_IRQHandler    ht32f5xxxx_01_it.o
    0x00002718   0x00002718   0x00000012   Code   RO          534    i.ADC_IntConfig     ht32f5xxxx_adc.o
    0x0000272a   0x0000272a   0x0000001e   Code   RO          536    i.ADC_RegularChannelConfig  ht32f5xxxx_adc.o
    0x00002748   0x00002748   0x0000001a   Code   RO          537    i.ADC_RegularGroupConfig  ht32f5xxxx_adc.o
    0x00002762   0x00002762   0x0000000e   Code   RO          538    i.ADC_RegularTrigConfig  ht32f5xxxx_adc.o
    0x00002770   0x00002770   0x00000004   Code   RO          540    i.ADC_SamplingTimeConfig  ht32f5xxxx_adc.o
    0x00002774   0x00002774   0x00000014   Code   RO          541    i.ADC_SoftwareStartConvCmd  ht32f5xxxx_adc.o
    0x00002788   0x00002788   0x0000002c   Code   RO         1234    i.AFIO_EXTISourceConfig  ht32f5xxxx_gpio.o
    0x000027b4   0x000027b4   0x000000e4   Code   RO         1235    i.AFIO_GPxConfig    ht32f5xxxx_gpio.o
    0x00002898   0x00002898   0x00000078   Code   RO         5698    i.AboutEasterEgg    aboutmenu.o
    0x00002910   0x00002910   0x00000058   Code   RO         5699    i.AboutMenuKeyProc  aboutmenu.o
    0x00002968   0x00002968   0x00000184   Code   RO         5700    i.AboutMenuRender   aboutmenu.o
    0x00002aec   0x00002aec   0x00000010   Code   RO         4980    i.ActOneShotTest    setttingmainmenu.o
    0x00002afc   0x00002afc   0x00000798   Code   RO         5772    i.AdapterEmuRender  adapteremulationmenu.o
    0x00003294   0x00003294   0x00000034   Code   RO         5773    i.AdapterMenuKeyProc  adapteremulationmenu.o
    0x000032c8   0x000032c8   0x00000068   Code   RO         4696    i.ApplyScreenDirection  screendirset.o
    0x00003330   0x00003330   0x00000030   Code   RO         4586    i.AttackDetectInit  enterpasswordmenu.o
    0x00003360   0x00003360   0x00000040   Code   RO         4587    i.AttackTimeCounter  enterpasswordmenu.o
    0x000033a0   0x000033a0   0x00000064   Code   RO         6195    i.AutoBalMenuKeyHandler  autoextendbalancemenu.o
    0x00003404   0x00003404   0x000001dc   Code   RO         6196    i.AutoBalMenuRenderHandler  autoextendbalancemenu.o
    0x000035e0   0x000035e0   0x00000028   Code   RO         5569    i.BackFromEsetupToMainMenu  easysetupmenu.o
    0x00003608   0x00003608   0x00000024   Code   RO         6111    i.BackFromGUIPref   guiprefmenu.o
    0x0000362c   0x0000362c   0x00000010   Code   RO         5742    i.BackFromTset      otptempset.o
    0x0000363c   0x0000363c   0x00000010   Code   RO         5622    i.BackToEasySetup   enteradvancedmodemenu.o
    0x0000364c   0x0000364c   0x0000003c   Code   RO         5307    i.BackToResetMenu   resetconfigmenu.o
    0x00003688   0x00003688   0x00000128   Code   RO         6161    i.BalMenuFSMProcess  manustartbalancemenu.o
    0x000037b0   0x000037b0   0x0000031c   Code   RO         6162    i.BalMenuGUIHandler  manustartbalancemenu.o
    0x00003acc   0x00003acc   0x00000068   Code   RO         4785    i.BalanceMgmt_Init  balancemgmt.o
    0x00003b34   0x00003b34   0x0000000c   Code   RO         4786    i.Balance_ForceDiasble  balancemgmt.o
    0x00003b40   0x00003b40   0x00000140   Code   RO         4787    i.Balance_IOMgmt    balancemgmt.o
    0x00003c80   0x00003c80   0x00000014   Code   RO          650    i.CKCU_GetClockReadyStatus  ht32f5xxxx_ckcu.o
    0x00003c94   0x00003c94   0x00000018   Code   RO          660    i.CKCU_HSICmd       ht32f5xxxx_ckcu.o
    0x00003cac   0x00003cac   0x00000028   Code   RO          669    i.CKCU_PeripClockConfig  ht32f5xxxx_ckcu.o
    0x00003cd4   0x00003cd4   0x0000001c   Code   RO          670    i.CKCU_SetADCnPrescaler  ht32f5xxxx_ckcu.o
    0x00003cf0   0x00003cf0   0x00000010   Code   RO          938    i.CRC_DeInit        ht32f5xxxx_crc.o
    0x00003d00   0x00003d00   0x00000014   Code   RO          940    i.CRC_Process       ht32f5xxxx_crc.o
    0x00003d14   0x00003d14   0x00000158   Code   RO         5213    i.CTestAverageACC   captestmenu.o
    0x00003e6c   0x00003e6c   0x000001a0   Code   RO         5214    i.CTestFSMHandler   captestmenu.o
    0x0000400c   0x0000400c   0x00000be8   Code   RO         5215    i.CTestGUIHandler   captestmenu.o
    0x00004bf4   0x00004bf4   0x0000008c   Code   RO         5216    i.CTestKeyHandler   captestmenu.o
    0x00004c80   0x00004c80   0x000000b0   Code   RO         6408    i.CalcCapDataCRC32  captestmgmt.o
    0x00004d30   0x00004d30   0x00000034   Code   RO         5259    i.CalcIfNeedToReset  restorefactorysetmenu.o
    0x00004d64   0x00004d64   0x000000b4   Code   RO         6463    i.CalcLogContentCRC32  logsystem.o
    0x00004e18   0x00004e18   0x000000b0   Code   RO         6345    i.CalcROMCRC32      config.o
    0x00004ec8   0x00004ec8   0x0000005c   Code   RO         6464    i.CalcRunLogCRC32   logsystem.o
    0x00004f24   0x00004f24   0x00000058   Code   RO         5356    i.CapHisKeyHandler  displaylastctestmenu.o
    0x00004f7c   0x00004f7c   0x000002a0   Code   RO         4162    i.CheckForFlashLock  flashprot.o
    0x0000521c   0x0000521c   0x00000030   Code   RO         5401    i.CheckILimitIsOK   setchargecurrentmenu.o
    0x0000524c   0x0000524c   0x00000030   Code   RO         6346    i.CheckIfConfigIsSame  config.o
    0x0000527c   0x0000527c   0x00000098   Code   RO          371    i.CheckIfHBTIMStart  mcubeattimer.o
    0x00005314   0x00005314   0x00000024   Code   RO         6409    i.ClearHistoryData  captestmgmt.o
    0x00005338   0x00005338   0x00000060   Code   RO         5492    i.ColHisKeyHandler  columgaugeviewmenu.o
    0x00005398   0x00005398   0x000000d8   Code   RO         5701    i.ColorTextGen      aboutmenu.o
    0x00005470   0x00005470   0x00000054   Code   RO         4632    i.DetectIfIP2366Reset  ip2366_init.o
    0x000054c4   0x000054c4   0x00000138   Code   RO         5493    i.DisplayAh         columgaugeviewmenu.o
    0x000055fc   0x000055fc   0x000000c4   Code   RO         5985    i.DisplayAlertMsg   safetyalertmenu.o
    0x000056c0   0x000056c0   0x000000f4   Code   RO         5494    i.DisplayCapacity   columgaugeviewmenu.o
    0x000057b4   0x000057b4   0x00000184   Code   RO         5308    i.DisplayResetOK    resetconfigmenu.o
    0x00005938   0x00005938   0x000000f0   Code   RO         5889    i.DisplaySuccEnteredCapStart  enableinstcaptmenu.o
    0x00005a28   0x00005a28   0x00000008   Code   RO          185    i.EXTI4_15_IRQHandler  ht32f5xxxx_01_it.o
    0x00005a30   0x00005a30   0x00000010   Code   RO         1037    i.EXTI_ClearEdgeFlag  ht32f5xxxx_exti.o
    0x00005a40   0x00005a40   0x00000018   Code   RO         1040    i.EXTI_GetEdgeFlag  ht32f5xxxx_exti.o
    0x00005a58   0x00005a58   0x00000020   Code   RO         1044    i.EXTI_Init         ht32f5xxxx_exti.o
    0x00005a78   0x00005a78   0x0000001c   Code   RO         1045    i.EXTI_IntConfig    ht32f5xxxx_exti.o
    0x00005a94   0x00005a94   0x0000001c   Code   RO         6197    i.EnableAutoBal     autoextendbalancemenu.o
    0x00005ab0   0x00005ab0   0x00000084   Code   RO          373    i.EnableHBTimer     mcubeattimer.o
    0x00005b34   0x00005b34   0x00000024   Code   RO         5890    i.EnableICTestMode  enableinstcaptmenu.o
    0x00005b58   0x00005b58   0x00000010   Code   RO         4981    i.EnterAbout        setttingmainmenu.o
    0x00005b68   0x00005b68   0x00000010   Code   RO         4982    i.EnterAdapterEmu   setttingmainmenu.o
    0x00005b78   0x00005b78   0x00000100   Code   RO         5774    i.EnterAdapterEmulation  adapteremulationmenu.o
    0x00005c78   0x00005c78   0x00000010   Code   RO         5570    i.EnterAdvMode      easysetupmenu.o
    0x00005c88   0x00005c88   0x00000018   Code   RO         5623    i.EnterAdvModeProc  enteradvancedmodemenu.o
    0x00005ca0   0x00005ca0   0x00000010   Code   RO         4983    i.EnterBalCfg       setttingmainmenu.o
    0x00005cb0   0x00005cb0   0x00000010   Code   RO         4984    i.EnterCTHistory    setttingmainmenu.o
    0x00005cc0   0x00005cc0   0x00000010   Code   RO         4985    i.EnterChargeTest   setttingmainmenu.o
    0x00005cd0   0x00005cd0   0x00000010   Code   RO         4986    i.EnterChgMgmt      setttingmainmenu.o
    0x00005ce0   0x00005ce0   0x00000010   Code   RO         5153    i.EnterChgVsetMenu  chargingsystemmenu.o
    0x00005cf0   0x00005cf0   0x00000024   Code   RO         4987    i.EnterDisMgmt      setttingmainmenu.o
    0x00005d14   0x00005d14   0x00000010   Code   RO         6244    i.EnterDsourceSel   typecgaugeconfigmenu.o
    0x00005d24   0x00005d24   0x00000010   Code   RO         4988    i.EnterGUIPref      setttingmainmenu.o
    0x00005d34   0x00005d34   0x00000010   Code   RO         5154    i.EnterIChargeSet   chargingsystemmenu.o
    0x00005d44   0x00005d44   0x00000024   Code   RO         5155    i.EnterIstopMenu    chargingsystemmenu.o
    0x00005d68   0x00005d68   0x00000010   Code   RO         4989    i.EnterLVSet        setttingmainmenu.o
    0x00005d78   0x00005d78   0x00000010   Code   RO         4990    i.EnterManuBal      setttingmainmenu.o
    0x00005d88   0x00005d88   0x00000010   Code   RO         5156    i.EnterMaxVPDMenu   chargingsystemmenu.o
    0x00005d98   0x00005d98   0x00000010   Code   RO         4991    i.EnterPDOConfig    setttingmainmenu.o
    0x00005da8   0x00005da8   0x00000024   Code   RO         4992    i.EnterPSet         setttingmainmenu.o
    0x00005dcc   0x00005dcc   0x00000010   Code   RO         5157    i.EnterPreChargeIset  chargingsystemmenu.o
    0x00005ddc   0x00005ddc   0x00000010   Code   RO         5158    i.EnterRechargeSetMenu  chargingsystemmenu.o
    0x00005dec   0x00005dec   0x00000010   Code   RO         4993    i.EnterResetFactory  setttingmainmenu.o
    0x00005dfc   0x00005dfc   0x0000000c   Code   RO         5986    i.EnterSafeAlmMode  safetyalertmenu.o
    0x00005e08   0x00005e08   0x00000010   Code   RO         4994    i.EnterSecuCfg      setttingmainmenu.o
    0x00005e18   0x00005e18   0x00000010   Code   RO         5671    i.EnterSecuProc     entersecusettingmenu.o
    0x00005e28   0x00005e28   0x00000010   Code   RO         6245    i.EnterTCICAL       typecgaugeconfigmenu.o
    0x00005e38   0x00005e38   0x00000014   Code   RO         5821    i.EnterTCResetMenu  typecconnreset.o
    0x00005e4c   0x00005e4c   0x00000010   Code   RO         6246    i.EnterTCVCAL       typecgaugeconfigmenu.o
    0x00005e5c   0x00005e5c   0x00000010   Code   RO         4995    i.EnterTset         setttingmainmenu.o
    0x00005e6c   0x00005e6c   0x00000010   Code   RO         4996    i.EnterTypeCGaugeConfig  setttingmainmenu.o
    0x00005e7c   0x00005e7c   0x00000050   Code   RO         4724    i.EnteredInstantCapTest  instantcaptest.o
    0x00005ecc   0x00005ecc   0x00000040   Code   RO         5775    i.ExitAdapterEmulation  adapteremulationmenu.o
    0x00005f0c   0x00005f0c   0x0000001c   Code   RO         1135    i.FLASH_EraseOptionByte  ht32f5xxxx_flash.o
    0x00005f28   0x00005f28   0x00000014   Code   RO         1136    i.FLASH_ErasePage   ht32f5xxxx_flash.o
    0x00005f3c   0x00005f3c   0x00000034   Code   RO         1138    i.FLASH_GetOptionByteStatus  ht32f5xxxx_flash.o
    0x00005f70   0x00005f70   0x0000006c   Code   RO         1142    i.FLASH_ProgramOptionByte  ht32f5xxxx_flash.o
    0x00005fdc   0x00005fdc   0x00000018   Code   RO         1143    i.FLASH_ProgramWordData  ht32f5xxxx_flash.o
    0x00005ff4   0x00005ff4   0x00000058   Code   RO         1146    i.FLASH_WaitForOperationEnd  ht32f5xxxx_flash.o
    0x0000604c   0x0000604c   0x00000018   Code   RO         6133    i.FedBalEnumValue   balsysmenu.o
    0x00006064   0x00006064   0x00000030   Code   RO         5861    i.FedDisplayEnumValue  displaydirmenu.o
    0x00006094   0x00006094   0x00000030   Code   RO         5956    i.FedIStopEnumValue  istopmenu.o
    0x000060c4   0x000060c4   0x00000018   Code   RO         4924    i.FedLVEnumValue    lvsetmenu.o
    0x000060dc   0x000060dc   0x0000007c   Code   RO         6018    i.FedMaxVPDEnumValue  maxvpdconfigmenu.o
    0x00006158   0x00006158   0x00000040   Code   RO         4896    i.FedPWREnumValue   chargepowermenu.o
    0x00006198   0x00006198   0x00000018   Code   RO         5922    i.FedRechargeEnumValue  vrechargemenu.o
    0x000061b0   0x000061b0   0x0000001c   Code   RO         6279    i.FedTCSourceEnumValue  typeccalibrationsource.o
    0x000061cc   0x000061cc   0x00000062   Code   RO         6465    i.FindLatestEntryViaIncCode  logsystem.o
    0x0000622e   0x0000622e   0x00000002   PAD
    0x00006230   0x00006230   0x000000a8   Code   RO         6466    i.ForceWriteRuntimelog  logsystem.o
    0x000062d8   0x000062d8   0x00000004   Code   RO         1236    i.GPIO_ClearOutBits  ht32f5xxxx_gpio.o
    0x000062dc   0x000062dc   0x00000010   Code   RO         1238    i.GPIO_DirectionConfig  ht32f5xxxx_gpio.o
    0x000062ec   0x000062ec   0x00000038   Code   RO         1240    i.GPIO_DriveConfig  ht32f5xxxx_gpio.o
    0x00006324   0x00006324   0x00000010   Code   RO         1242    i.GPIO_InputConfig  ht32f5xxxx_gpio.o
    0x00006334   0x00006334   0x00000022   Code   RO         1247    i.GPIO_PullResistorConfig  ht32f5xxxx_gpio.o
    0x00006356   0x00006356   0x0000000a   Code   RO         1248    i.GPIO_ReadInBit    ht32f5xxxx_gpio.o
    0x00006360   0x00006360   0x0000000a   Code   RO         1250    i.GPIO_ReadOutBit   ht32f5xxxx_gpio.o
    0x0000636a   0x0000636a   0x00000004   Code   RO         1252    i.GPIO_SetOutBits   ht32f5xxxx_gpio.o
    0x0000636e   0x0000636e   0x00000002   PAD
    0x00006370   0x00006370   0x0000002c   Code   RO          186    i.GPTM0_IRQHandler  ht32f5xxxx_01_it.o
    0x0000639c   0x0000639c   0x00000014   Code   RO         4513    i.GUIDelayHandler   menusystem.o
    0x000063b0   0x000063b0   0x00000184   Code   RO         4829    i.HPPowerGuage_Start  hptypecgauge.o
    0x00006534   0x00006534   0x0000001c   Code   RO          187    i.HardFault_Handler  ht32f5xxxx_01_it.o
    0x00006550   0x00006550   0x00000010   Code   RO         6307    i.ICALMenuDummy     typeccalibrationset.o
    0x00006560   0x00006560   0x000000fc   Code   RO         3523    i.IIC_Read_Byte     i2cdrv.o
    0x0000665c   0x0000665c   0x00000078   Code   RO         3524    i.IIC_Send_Byte     i2cdrv.o
    0x000066d4   0x000066d4   0x00000054   Code   RO         3525    i.IIC_Start         i2cdrv.o
    0x00006728   0x00006728   0x00000058   Code   RO         3526    i.IIC_Stop          i2cdrv.o
    0x00006780   0x00006780   0x000000c0   Code   RO         3527    i.IIC_Wait_Ack      i2cdrv.o
    0x00006840   0x00006840   0x00000100   Code   RO         4255    i.INA226_GetBusInformation  ina226.o
    0x00006940   0x00006940   0x000001f4   Code   RO         4256    i.INA226_INIT       ina226.o
    0x00006b34   0x00006b34   0x0000002a   Code   RO         4257    i.INA226_QueueIfGaugeCanReady  ina226.o
    0x00006b5e   0x00006b5e   0x00000022   Code   RO         4258    i.INA226_SetAlertRegister  ina226.o
    0x00006b80   0x00006b80   0x000000a0   Code   RO         3585    i.IP2366StallRestore  pmsetup.o
    0x00006c20   0x00006c20   0x0000000c   Code   RO         3940    i.IP2366_ClearOCFlag  ip2366_reg.o
    0x00006c2c   0x00006c2c   0x00000024   Code   RO         3941    i.IP2366_DetectIfChipReset  ip2366_reg.o
    0x00006c50   0x00006c50   0x0000001a   Code   RO         3942    i.IP2366_DetectIfPresent  ip2366_reg.o
    0x00006c6a   0x00006c6a   0x0000007a   Code   RO         3943    i.IP2366_EnableDCDC  ip2366_reg.o
    0x00006ce4   0x00006ce4   0x00000030   Code   RO         3944    i.IP2366_GetChargerState  ip2366_reg.o
    0x00006d14   0x00006d14   0x00000022   Code   RO         3945    i.IP2366_GetCurrentPeakCurrent  ip2366_reg.o
    0x00006d36   0x00006d36   0x00000070   Code   RO         3946    i.IP2366_GetFirmwareTimeStamp  ip2366_reg.o
    0x00006da6   0x00006da6   0x0000001c   Code   RO         3947    i.IP2366_GetIfInputConnected  ip2366_reg.o
    0x00006dc2   0x00006dc2   0x0000006c   Code   RO         3948    i.IP2366_GetRecvPDO  ip2366_reg.o
    0x00006e2e   0x00006e2e   0x00000002   PAD
    0x00006e30   0x00006e30   0x000002ac   Code   RO         3949    i.IP2366_GetVBUSState  ip2366_reg.o
    0x000070dc   0x000070dc   0x000000a8   Code   RO         3950    i.IP2366_GetVRecharge  ip2366_reg.o
    0x00007184   0x00007184   0x000005b8   Code   RO         4633    i.IP2366_PostInit   ip2366_init.o
    0x0000773c   0x0000773c   0x000000c0   Code   RO         4634    i.IP2366_PreInit    ip2366_init.o
    0x000077fc   0x000077fc   0x00000018   Code   RO         3951    i.IP2366_QueryCurrentStateIsACC  ip2366_reg.o
    0x00007814   0x00007814   0x00000044   Code   RO         4635    i.IP2366_ReConfigOutWhenTypeCOFF  ip2366_init.o
    0x00007858   0x00007858   0x000000e8   Code   RO         4636    i.IP2366_ReInitBasedOnConfig  ip2366_init.o
    0x00007940   0x00007940   0x00000054   Code   RO         3952    i.IP2366_ReadChipState  ip2366_reg.o
    0x00007994   0x00007994   0x0000005e   Code   RO         3953    i.IP2366_ReadReg    ip2366_reg.o
    0x000079f2   0x000079f2   0x00000002   PAD
    0x000079f4   0x000079f4   0x00000024   Code   RO         4637    i.IP2366_SetIBatLIMBaseOnSysCfg  ip2366_init.o
    0x00007a18   0x00007a18   0x00000040   Code   RO         3954    i.IP2366_SetICCMax  ip2366_reg.o
    0x00007a58   0x00007a58   0x000000e8   Code   RO         3955    i.IP2366_SetInputState  ip2366_reg.o
    0x00007b40   0x00007b40   0x00000012   Code   RO         3956    i.IP2366_SetOTPSign  ip2366_reg.o
    0x00007b52   0x00007b52   0x00000002   PAD
    0x00007b54   0x00007b54   0x000000dc   Code   RO         3957    i.IP2366_SetOutputState  ip2366_reg.o
    0x00007c30   0x00007c30   0x000000c0   Code   RO         3958    i.IP2366_SetPDOBroadCast  ip2366_reg.o
    0x00007cf0   0x00007cf0   0x00000038   Code   RO         3959    i.IP2366_SetReChargeParam  ip2366_reg.o
    0x00007d28   0x00007d28   0x00000030   Code   RO         3960    i.IP2366_SetTypeCRole  ip2366_reg.o
    0x00007d58   0x00007d58   0x00000030   Code   RO         3961    i.IP2366_SetVLowVolt  ip2366_reg.o
    0x00007d88   0x00007d88   0x00000194   Code   RO         4856    i.IP2366_Telem      mainmenu.o
    0x00007f1c   0x00007f1c   0x00000030   Code   RO         3962    i.IP2366_UpdataChargePower  ip2366_reg.o
    0x00007f4c   0x00007f4c   0x0000003c   Code   RO         3963    i.IP2366_UpdateFullVoltage  ip2366_reg.o
    0x00007f88   0x00007f88   0x0000004c   Code   RO         3964    i.IP2366_WriteReg   ip2366_reg.o
    0x00007fd4   0x00007fd4   0x0000006c   Code   RO         3965    i.IP2366_getCurrentChargeParam  ip2366_reg.o
    0x00008040   0x00008040   0x00000030   Code   RO         5402    i.ISetMenuDummy     setchargecurrentmenu.o
    0x00008070   0x00008070   0x000004d0   Code   RO         4560    i.IntEditHandler    inteditmenu.o
    0x00008540   0x00008540   0x00000014   Code   RO         4561    i.IntEditInitHandler  inteditmenu.o
    0x00008554   0x00008554   0x00000030   Code   RO         4562    i.IntEditMenuKeyEffHandler  inteditmenu.o
    0x00008584   0x00008584   0x0000004c   Code   RO         4496    i.IntIncDec         incdec.o
    0x000085d0   0x000085d0   0x00000190   Code   RO         3899    i.InternalADC_Init  adc.o
    0x00008760   0x00008760   0x000000ec   Code   RO         3586    i.KickIP2366ToWakeUp  pmsetup.o
    0x0000884c   0x0000884c   0x000000e0   Code   RO         3637    i.LCD_Address_Set   lcd_init.o
    0x0000892c   0x0000892c   0x0000001c   Code   RO         3638    i.LCD_DeInit        lcd_init.o
    0x00008948   0x00008948   0x0000009c   Code   RO         3708    i.LCD_DrawHoriLine  lcd.o
    0x000089e4   0x000089e4   0x000000dc   Code   RO         3709    i.LCD_DrawLine      lcd.o
    0x00008ac0   0x00008ac0   0x00000014   Code   RO         3710    i.LCD_DrawPoint     lcd.o
    0x00008ad4   0x00008ad4   0x00000040   Code   RO         3711    i.LCD_DrawRectangle  lcd.o
    0x00008b14   0x00008b14   0x00000098   Code   RO         3712    i.LCD_DrawVertLine  lcd.o
    0x00008bac   0x00008bac   0x000000a8   Code   RO         3713    i.LCD_Fill          lcd.o
    0x00008c54   0x00008c54   0x0000010c   Code   RO         3639    i.LCD_HardwareInit  lcd_init.o
    0x00008d60   0x00008d60   0x0000046e   Code   RO         3640    i.LCD_Init          lcd_init.o
    0x000091ce   0x000091ce   0x00000002   PAD
    0x000091d0   0x000091d0   0x00000140   Code   RO         3714    i.LCD_ShowChar      lcd.o
    0x00009310   0x00009310   0x00000036   Code   RO         3715    i.LCD_ShowChinese   lcd.o
    0x00009346   0x00009346   0x00000002   PAD
    0x00009348   0x00009348   0x00000140   Code   RO         3716    i.LCD_ShowChinese12x12  lcd.o
    0x00009488   0x00009488   0x000001c8   Code   RO         3717    i.LCD_ShowFloatNum1  lcd.o
    0x00009650   0x00009650   0x00000088   Code   RO         3718    i.LCD_ShowHybridString  lcd.o
    0x000096d8   0x000096d8   0x000000b2   Code   RO         3719    i.LCD_ShowIntNum    lcd.o
    0x0000978a   0x0000978a   0x00000002   PAD
    0x0000978c   0x0000978c   0x00000058   Code   RO         3720    i.LCD_ShowPicture   lcd.o
    0x000097e4   0x000097e4   0x0000003c   Code   RO         3721    i.LCD_ShowString    lcd.o
    0x00009820   0x00009820   0x0000002c   Code   RO         3641    i.LCD_WR_DATA       lcd_init.o
    0x0000984c   0x0000984c   0x00000080   Code   RO         6063    i.LargeMainMenuKeyProcess  largemainmenu.o
    0x000098cc   0x000098cc   0x00000034   Code   RO         6064    i.LargeMenuRenderProc  largemainmenu.o
    0x00009900   0x00009900   0x00000154   Code   RO         6065    i.LargeMenu_DisplayAh  largemainmenu.o
    0x00009a54   0x00009a54   0x000000e8   Code   RO         6066    i.LargeMenu_DisplayWh  largemainmenu.o
    0x00009b3c   0x00009b3c   0x00000010   Code   RO         4952    i.LeaveDisMgmtMenu  dischargemgmtmenu.o
    0x00009b4c   0x00009b4c   0x00000034   Code   RO         5891    i.LeaveICTMenu      enableinstcaptmenu.o
    0x00009b80   0x00009b80   0x0000002c   Code   RO         5987    i.LeaveSafeAlmMenu  safetyalertmenu.o
    0x00009bac   0x00009bac   0x00000210   Code   RO         6347    i.LoadConfig        config.o
    0x00009dbc   0x00009dbc   0x0000008c   Code   RO         6348    i.LoadDefaultConfig  config.o
    0x00009e48   0x00009e48   0x00000040   Code   RO         6467    i.LogDataSectionInit  logsystem.o
    0x00009e88   0x00009e88   0x000000cc   Code   RO         3451    i.M24C512_PageRead  24cxx.o
    0x00009f54   0x00009f54   0x000000e0   Code   RO         3452    i.M24C512_PageWrite  24cxx.o
    0x0000a034   0x0000a034   0x00000084   Code   RO         3454    i.M24C512_ReadSecuSct  24cxx.o
    0x0000a0b8   0x0000a0b8   0x00000076   Code   RO         3455    i.M24C512_ReadUID   24cxx.o
    0x0000a12e   0x0000a12e   0x00000098   Code   RO         3456    i.M24C512_WriteSecuSct  24cxx.o
    0x0000a1c6   0x0000a1c6   0x00000002   PAD
    0x0000a1c8   0x0000a1c8   0x00000050   Code   RO         4857    i.MainMenuKeyProcess  mainmenu.o
    0x0000a218   0x0000a218   0x000008b8   Code   RO         4858    i.MainMenuRenderProcess  mainmenu.o
    0x0000aad0   0x0000aad0   0x000000f0   Code   RO         4163    i.MainProgramRegionCRC  flashprot.o
    0x0000abc0   0x0000abc0   0x00000028   Code   RO         4997    i.ManuallyShutSystemOFF  setttingmainmenu.o
    0x0000abe8   0x0000abe8   0x00000614   Code   RO         4514    i.MenuRenderProcess  menusystem.o
    0x0000b1fc   0x0000b1fc   0x00000002   Code   RO          188    i.NMI_Handler       ht32f5xxxx_01_it.o
    0x0000b1fe   0x0000b1fe   0x00000002   PAD
    0x0000b200   0x0000b200   0x000000f0   Code   RO         4768    i.OverChargeDetectModule  overchargedetect.o
    0x0000b2f0   0x0000b2f0   0x00000088   Code   RO         4221    i.PCA9536_SetIODirection  pca9536.o
    0x0000b378   0x0000b378   0x00000088   Code   RO         4222    i.PCA9536_SetIOPolarity  pca9536.o
    0x0000b400   0x0000b400   0x00000086   Code   RO         4223    i.PCA9536_SetIOState  pca9536.o
    0x0000b486   0x0000b486   0x00000002   PAD
    0x0000b488   0x0000b488   0x00000024   Code   RO          189    i.PDMA_CH0_1_IRQHandler  ht32f5xxxx_01_it.o
    0x0000b4ac   0x0000b4ac   0x00000018   Code   RO         1724    i.PDMA_ClearFlag    ht32f5xxxx_pdma.o
    0x0000b4c4   0x0000b4c4   0x0000002c   Code   RO         1725    i.PDMA_Config       ht32f5xxxx_pdma.o
    0x0000b4f0   0x0000b4f0   0x00000020   Code   RO         1728    i.PDMA_EnaCmd       ht32f5xxxx_pdma.o
    0x0000b510   0x0000b510   0x0000001c   Code   RO         1729    i.PDMA_GetFlagStatus  ht32f5xxxx_pdma.o
    0x0000b52c   0x0000b52c   0x0000003c   Code   RO         1731    i.PDMA_IntConfig    ht32f5xxxx_pdma.o
    0x0000b568   0x0000b568   0x00000016   Code   RO         4370    i.PMBUS_2NPowCalc   pmbus.o
    0x0000b57e   0x0000b57e   0x000000ac   Code   RO         4376    i.PMBUS_WordReadWrite  pmbus.o
    0x0000b62a   0x0000b62a   0x00000002   PAD
    0x0000b62c   0x0000b62c   0x0000014c   Code   RO         6410    i.POR_ReadCapData   captestmgmt.o
    0x0000b778   0x0000b778   0x00000358   Code   RO         4588    i.PassWordMenuRender  enterpasswordmenu.o
    0x0000bad0   0x0000bad0   0x00000034   Code   RO         4589    i.PasswordEnterInit  enterpasswordmenu.o
    0x0000bb04   0x0000bb04   0x00000002   Code   RO          190    i.PendSV_Handler    ht32f5xxxx_01_it.o
    0x0000bb06   0x0000bb06   0x00000002   PAD
    0x0000bb08   0x0000bb08   0x00000078   Code   RO         4433    i.PostScreenInit    postscreen.o
    0x0000bb80   0x0000bb80   0x000000a4   Code   RO         3587    i.PowerMgmtSetup    pmsetup.o
    0x0000bc24   0x0000bc24   0x00000084   Code   RO         3588    i.PowermanagementSleepControl  pmsetup.o
    0x0000bca8   0x0000bca8   0x00000010   Code   RO         5436    i.PreISetMenuDummy  prechargecurrentsetmenu.o
    0x0000bcb8   0x0000bcb8   0x00000018   Code   RO         5702    i.PrepareAboutRender  aboutmenu.o
    0x0000bcd0   0x0000bcd0   0x00000048   Code   RO         5599    i.PreparePDO20VStr  pdosetmenu.o
    0x0000bd18   0x0000bd18   0x0000001c   Code   RO         4725    i.PushDefaultResultToVBat  instantcaptest.o
    0x0000bd34   0x0000bd34   0x00000018   Code   RO         1978    i.RSTCU_GetResetFlagStatus  ht32f5xxxx_rstcu.o
    0x0000bd4c   0x0000bd4c   0x00000028   Code   RO         1979    i.RSTCU_PeripReset  ht32f5xxxx_rstcu.o
    0x0000bd74   0x0000bd74   0x0000003c   Code   RO         2030    i.RTC_LSILoadTrimData  ht32f5xxxx_rtc.o
    0x0000bdb0   0x0000bdb0   0x0000000c   Code   RO         6134    i.ReadBalEnumValue  balsysmenu.o
    0x0000bdbc   0x0000bdbc   0x0000000c   Code   RO         5862    i.ReadDisplayEnumValue  displaydirmenu.o
    0x0000bdc8   0x0000bdc8   0x0000000c   Code   RO         5957    i.ReadIStopEnumValue  istopmenu.o
    0x0000bdd4   0x0000bdd4   0x0000000c   Code   RO         4925    i.ReadLVEnumValue   lvsetmenu.o
    0x0000bde0   0x0000bde0   0x0000000c   Code   RO         6019    i.ReadMaxVPDEnumValue  maxvpdconfigmenu.o
    0x0000bdec   0x0000bdec   0x00000020   Code   RO         4897    i.ReadPWREnumValue  chargepowermenu.o
    0x0000be0c   0x0000be0c   0x000000d8   Code   RO         5923    i.ReadRechargeEnumValue  vrechargemenu.o
    0x0000bee4   0x0000bee4   0x00000010   Code   RO         6280    i.ReadTCSourceEnumValue  typeccalibrationsource.o
    0x0000bef4   0x0000bef4   0x00000698   Code   RO         6067    i.RenderBattState   largemainmenu.o
    0x0000c58c   0x0000c58c   0x000000d8   Code   RO         4515    i.RenderMenuBG      menusystem.o
    0x0000c664   0x0000c664   0x000004c4   Code   RO         6068    i.RenderTypeCState  largemainmenu.o
    0x0000cb28   0x0000cb28   0x00000010   Code   RO         5260    i.ResetCTest        restorefactorysetmenu.o
    0x0000cb38   0x0000cb38   0x00000038   Code   RO         5217    i.ResetCapTestSystem  captestmenu.o
    0x0000cb70   0x0000cb70   0x00000010   Code   RO         5535    i.ResetChipMenuState  viewchipstatemenu.o
    0x0000cb80   0x0000cb80   0x00000010   Code   RO         5495    i.ResetColHisMenuToUpper  columgaugeviewmenu.o
    0x0000cb90   0x0000cb90   0x00000014   Code   RO         5309    i.ResetColumData    resetconfigmenu.o
    0x0000cba4   0x0000cba4   0x00000010   Code   RO         5261    i.ResetColumGauge   restorefactorysetmenu.o
    0x0000cbb4   0x0000cbb4   0x00000010   Code   RO         5357    i.ResetHisMenuToUpper  displaylastctestmenu.o
    0x0000cbc4   0x0000cbc4   0x0000001c   Code   RO         6163    i.ResetManuBalModule  manustartbalancemenu.o
    0x0000cbe0   0x0000cbe0   0x00000088   Code   RO         6468    i.ResetRunTimeLogArea  logsystem.o
    0x0000cc68   0x0000cc68   0x00000010   Code   RO         5262    i.ResetSysCfg       restorefactorysetmenu.o
    0x0000cc78   0x0000cc78   0x00000010   Code   RO         6350    i.RestoreDefaultConfig  config.o
    0x0000cc88   0x0000cc88   0x00000010   Code   RO         5403    i.ReturnFromIset    setchargecurrentmenu.o
    0x0000cc98   0x0000cc98   0x00000010   Code   RO         5437    i.ReturnFromPreIset  prechargecurrentsetmenu.o
    0x0000cca8   0x0000cca8   0x00000010   Code   RO         5263    i.ReturnFromRSTMenu  restorefactorysetmenu.o
    0x0000ccb8   0x0000ccb8   0x00000010   Code   RO         5464    i.ReturnFromVset    chargevoltset.o
    0x0000ccc8   0x0000ccc8   0x00000040   Code   RO         4998    i.ReturnToMainMenu  setttingmainmenu.o
    0x0000cd08   0x0000cd08   0x00000010   Code   RO         5159    i.ReturnToMainSetMenu  chargingsystemmenu.o
    0x0000cd18   0x0000cd18   0x00000010   Code   RO         6308    i.ReturnToTCCalMenu  typeccalibrationset.o
    0x0000cd28   0x0000cd28   0x00000344   Code   RO         6469    i.RunLogModule_POR  logsystem.o
    0x0000d06c   0x0000d06c   0x00000270   Code   RO         3528    i.SMBUS_Init        i2cdrv.o
    0x0000d2dc   0x0000d2dc   0x00000014   Code   RO         2265    i.SPI_Cmd           ht32f5xxxx_spi.o
    0x0000d2f0   0x0000d2f0   0x0000004a   Code   RO         2274    i.SPI_Init          ht32f5xxxx_spi.o
    0x0000d33a   0x0000d33a   0x00000010   Code   RO         2276    i.SPI_PDMACmd       ht32f5xxxx_spi.o
    0x0000d34a   0x0000d34a   0x00000012   Code   RO         2280    i.SPI_SELOutputCmd  ht32f5xxxx_spi.o
    0x0000d35c   0x0000d35c   0x00000004   Code   RO         2281    i.SPI_SendData      ht32f5xxxx_spi.o
    0x0000d360   0x0000d360   0x00000008   Code   RO         2282    i.SPI_SetClockPrescaler  ht32f5xxxx_spi.o
    0x0000d368   0x0000d368   0x00000010   Code   RO         2283    i.SPI_SetDataLength  ht32f5xxxx_spi.o
    0x0000d378   0x0000d378   0x00000002   Code   RO          191    i.SVC_Handler       ht32f5xxxx_01_it.o
    0x0000d37a   0x0000d37a   0x00000002   PAD
    0x0000d37c   0x0000d37c   0x00000018   Code   RO         3283    i.SYSTICK_ClockSourceConfig  ht32_cm0plus_misc.o
    0x0000d394   0x0000d394   0x00000024   Code   RO         3284    i.SYSTICK_CounterCmd  ht32_cm0plus_misc.o
    0x0000d3b8   0x0000d3b8   0x00000018   Code   RO         3285    i.SYSTICK_IntConfig  ht32_cm0plus_misc.o
    0x0000d3d0   0x0000d3d0   0x00000024   Code   RO         5310    i.SelectResetCTest  resetconfigmenu.o
    0x0000d3f4   0x0000d3f4   0x00000020   Code   RO         5311    i.SelectResetConfig  resetconfigmenu.o
    0x0000d414   0x0000d414   0x000000b0   Code   RO         4745    i.SelfTestErrorHandler  selftesterrorhandle.o
    0x0000d4c4   0x0000d4c4   0x00000010   Code   RO         4999    i.SendTCResetCommand  setttingmainmenu.o
    0x0000d4d4   0x0000d4d4   0x0000007c   Code   RO         4164    i.SetDebugPortState  flashprot.o
    0x0000d550   0x0000d550   0x00000010   Code   RO         5000    i.SetDisplayDir     setttingmainmenu.o
    0x0000d560   0x0000d560   0x00000044   Code   RO         4697    i.SetScreenDirection  screendirset.o
    0x0000d5a4   0x0000d5a4   0x00000028   Code   RO         5358    i.ShowCapHisGUI     displaylastctestmenu.o
    0x0000d5cc   0x0000d5cc   0x000005b4   Code   RO         5536    i.ShowChipInfo      viewchipstatemenu.o
    0x0000db80   0x0000db80   0x00000068   Code   RO         5537    i.ShowChipKeyHandler  viewchipstatemenu.o
    0x0000dbe8   0x0000dbe8   0x00000304   Code   RO         5496    i.ShowColHisGUI     columgaugeviewmenu.o
    0x0000deec   0x0000deec   0x000002ac   Code   RO         5359    i.ShowLowerPart     displaylastctestmenu.o
    0x0000e198   0x0000e198   0x000001b0   Code   RO         4434    i.ShowPostInfo      postscreen.o
    0x0000e348   0x0000e348   0x00000208   Code   RO         4516    i.ShowTimeCode      menusystem.o
    0x0000e550   0x0000e550   0x000001cc   Code   RO         5360    i.ShowUpperPart     displaylastctestmenu.o
    0x0000e71c   0x0000e71c   0x00000058   Code   RO         3589    i.ShutSysOFF        pmsetup.o
    0x0000e774   0x0000e774   0x000000d4   Code   RO         4113    i.SideKey_Init      key.o
    0x0000e848   0x0000e848   0x0000004c   Code   RO         4114    i.SideKey_IntCallback  key.o
    0x0000e894   0x0000e894   0x0000011c   Code   RO         4115    i.SideKey_LogicHandler  key.o
    0x0000e9b0   0x0000e9b0   0x00000048   Code   RO         4116    i.SideKey_TIMCallback  key.o
    0x0000e9f8   0x0000e9f8   0x0000008c   Code   RO         4517    i.SwitchingMenu     menusystem.o
    0x0000ea84   0x0000ea84   0x000000e4   Code   RO         4638    i.SysOverHeatProt   ip2366_init.o
    0x0000eb68   0x0000eb68   0x00000014   Code   RO          192    i.SysTick_Handler   ht32f5xxxx_01_it.o
    0x0000eb7c   0x0000eb7c   0x00000104   Code   RO          415    i.SystemInit        system_ht32f5xxxx_01.o
    0x0000ec80   0x0000ec80   0x00000094   Code   RO         5822    i.TCResetFSM        typecconnreset.o
    0x0000ed14   0x0000ed14   0x0000000a   Code   RO         2430    i.TM_ClearFlag      ht32f5xxxx_tm.o
    0x0000ed1e   0x0000ed1e   0x00000014   Code   RO         2433    i.TM_Cmd            ht32f5xxxx_tm.o
    0x0000ed32   0x0000ed32   0x0000000a   Code   RO         2441    i.TM_GetFlagStatus  ht32f5xxxx_tm.o
    0x0000ed3c   0x0000ed3c   0x00000010   Code   RO         2446    i.TM_IntConfig      ht32f5xxxx_tm.o
    0x0000ed4c   0x0000ed4c   0x00000040   Code   RO         2464    i.TM_TimeBaseInit   ht32f5xxxx_tm.o
    0x0000ed8c   0x0000ed8c   0x00000010   Code   RO         5743    i.TSetMenuDummy     otptempset.o
    0x0000ed9c   0x0000ed9c   0x00000044   Code   RO         5823    i.TypeCResetKeyHandler  typecconnreset.o
    0x0000ede0   0x0000ede0   0x0000018c   Code   RO         5824    i.TypeCResetRender  typecconnreset.o
    0x0000ef6c   0x0000ef6c   0x00000198   Code   RO         6470    i.UpdataRunTimeLog  logsystem.o
    0x0000f104   0x0000f104   0x00000098   Code   RO         5001    i.UpdateIfSysCanOFF  setttingmainmenu.o
    0x0000f19c   0x0000f19c   0x00000010   Code   RO         6309    i.VCALMenuDummy     typeccalibrationset.o
    0x0000f1ac   0x0000f1ac   0x00000010   Code   RO         5465    i.VSetMenuDummy     chargevoltset.o
    0x0000f1bc   0x0000f1bc   0x00000010   Code   RO         5624    i.VerifyPassWhenAdvMode  enteradvancedmodemenu.o
    0x0000f1cc   0x0000f1cc   0x00000010   Code   RO         5672    i.VerifyPassWhenSecuEnter  entersecusettingmenu.o
    0x0000f1dc   0x0000f1dc   0x00000010   Code   RO         5002    i.ViewChipState     setttingmainmenu.o
    0x0000f1ec   0x0000f1ec   0x00000010   Code   RO         5003    i.ViewColData       setttingmainmenu.o
    0x0000f1fc   0x0000f1fc   0x0000001c   Code   RO         3169    i.WDT_Cmd           ht32f5xxxx_wdt.o
    0x0000f218   0x0000f218   0x00000010   Code   RO         3170    i.WDT_DeInit        ht32f5xxxx_wdt.o
    0x0000f228   0x0000f228   0x0000001c   Code   RO         3177    i.WDT_ProtectCmd    ht32f5xxxx_wdt.o
    0x0000f244   0x0000f244   0x0000001c   Code   RO         3178    i.WDT_ResetCmd      ht32f5xxxx_wdt.o
    0x0000f260   0x0000f260   0x00000010   Code   RO         3179    i.WDT_Restart       ht32f5xxxx_wdt.o
    0x0000f270   0x0000f270   0x00000014   Code   RO         3180    i.WDT_SetDeltaValue  ht32f5xxxx_wdt.o
    0x0000f284   0x0000f284   0x00000014   Code   RO         3181    i.WDT_SetPrescaler  ht32f5xxxx_wdt.o
    0x0000f298   0x0000f298   0x00000014   Code   RO         3182    i.WDT_SetReloadValue  ht32f5xxxx_wdt.o
    0x0000f2ac   0x0000f2ac   0x00000010   Code   RO         3183    i.WDT_SourceConfig  ht32f5xxxx_wdt.o
    0x0000f2bc   0x0000f2bc   0x00000044   Code   RO         4198    i.WatchDog_Init     watchdog.o
    0x0000f300   0x0000f300   0x00000050   Code   RO         6412    i.WriteCapData      captestmgmt.o
    0x0000f350   0x0000f350   0x0000004c   Code   RO         6351    i.WriteConfiguration  config.o
    0x0000f39c   0x0000f39c   0x0000001c   Code   RO         6471    i.WriteRuntimeLogToROM  logsystem.o
    0x0000f3b8   0x0000f3b8   0x00000030   Code   RO         6735    i.__ARM_common_ll_muluu  c_p.l(btod.o)
    0x0000f3e8   0x0000f3e8   0x00000014   Code   RO         4617    i.__ARM_common_memset1_8  enterpasswordmenu.o
    0x0000f3fc   0x0000f3fc   0x0000002c   Code   RO         6684    i.__ARM_fpclassify  m_ps.l(fpclassify.o)
    0x0000f428   0x0000f428   0x000000ac   Code   RO         6686    i.__kernel_poly     m_ps.l(poly.o)
    0x0000f4d4   0x0000f4d4   0x00000014   Code   RO         6670    i.__mathlib_dbl_divzero  m_ps.l(dunder.o)
    0x0000f4e8   0x0000f4e8   0x0000000a   Code   RO         6671    i.__mathlib_dbl_infnan  m_ps.l(dunder.o)
    0x0000f4f2   0x0000f4f2   0x00000008   Code   RO         6672    i.__mathlib_dbl_infnan2  m_ps.l(dunder.o)
    0x0000f4fa   0x0000f4fa   0x00000010   Code   RO         6673    i.__mathlib_dbl_invalid  m_ps.l(dunder.o)
    0x0000f50a   0x0000f50a   0x00000002   PAD
    0x0000f50c   0x0000f50c   0x00000014   Code   RO         6674    i.__mathlib_dbl_overflow  m_ps.l(dunder.o)
    0x0000f520   0x0000f520   0x00000014   Code   RO         6676    i.__mathlib_dbl_underflow  m_ps.l(dunder.o)
    0x0000f534   0x0000f534   0x0000000e   Code   RO         6559    i._is_digit         c_p.l(__printf_wp.o)
    0x0000f542   0x0000f542   0x00000002   PAD
    0x0000f544   0x0000f544   0x00000050   Code   RO            3    i.delay_Second      delay.o
    0x0000f594   0x0000f594   0x0000002c   Code   RO            4    i.delay_init        delay.o
    0x0000f5c0   0x0000f5c0   0x0000004c   Code   RO            5    i.delay_ms          delay.o
    0x0000f60c   0x0000f60c   0x0000004c   Code   RO            6    i.delay_us          delay.o
    0x0000f658   0x0000f658   0x00000030   Code   RO          271    i.iroundf           lineartabop.o
    0x0000f688   0x0000f688   0x00000354   Code   RO         6626    i.log               m_ps.l(log.o)
    0x0000f9dc   0x0000f9dc   0x0000013c   Code   RO          302    i.main              main.o
    0x0000fb18   0x0000fb18   0x000009fc   Code   RO         6636    i.pow               m_ps.l(pow.o)
    0x00010514   0x00010514   0x00000048   Code   RO         6690    i.sqrt              m_ps.l(sqrt.o)
    0x0001055c   0x0001055c   0x0000002c   Code   RO         6738    locale$$code        c_p.l(lc_numeric_c.o)
    0x00010588   0x00010588   0x00000064   Code   RO         6661    x$fpl$deqf          fz_ps.l(deqf.o)
    0x000105ec   0x000105ec   0x00000068   Code   RO         6663    x$fpl$drleqf        fz_ps.l(drlef.o)
    0x00010654   0x00010654   0x0000008c   Code   RO         6600    x$fpl$fadd          fz_ps.l(faddsub.o)
    0x000106e0   0x000106e0   0x00000054   Code   RO         6615    x$fpl$fleqf         fz_ps.l(flef.o)
    0x00010734   0x00010734   0x000000b0   Code   RO         6617    x$fpl$fmul          fz_ps.l(fmul.o)
    0x000107e4   0x000107e4   0x00000058   Code   RO         6619    x$fpl$frleqf        fz_ps.l(frlef.o)
    0x0001083c   0x0001083c   0x00000018   Code   RO         6601    x$fpl$frsb          fz_ps.l(faddsub.o)
    0x00010854   0x00010854   0x000000d0   Code   RO         6602    x$fpl$fsub          fz_ps.l(faddsub.o)
    0x00010924   0x00010924   0x00000010   Code   RO         6623    x$fpl$printf1       fz_ps.l(printf1.o)
    0x00010934   0x00010934   0x00000000   Code   RO         6669    x$fpl$usenofp       fz_ps.l(usenofp.o)
    0x00010934   0x00010934   0x00000004   Data   RO         3529    .constdata          i2cdrv.o
    0x00010938   0x00010938   0x00000026   Data   RO         3644    .constdata          lcd_init.o
    0x0001095e   0x0001095e   0x00004194   Data   RO         3723    .constdata          lcd.o
    0x00014af2   0x00014af2   0x00000320   Data   RO         4518    .constdata          menusystem.o
    0x00014e12   0x00014e12   0x000007d2   Data   RO         4860    .constdata          mainmenu.o
    0x000155e4   0x000155e4   0x00000c4e   Data   RO         4861    .constdata          mainmenu.o
    0x00016232   0x00016232   0x0000085e   Data   RO         4862    .constdata          mainmenu.o
    0x00016a90   0x00016a90   0x00000034   Data   RO         4863    .constdata          mainmenu.o
    0x00016ac4   0x00016ac4   0x00000070   Data   RO         4898    .constdata          chargepowermenu.o
    0x00016b34   0x00016b34   0x00000034   Data   RO         4899    .constdata          chargepowermenu.o
    0x00016b68   0x00016b68   0x00000090   Data   RO         4926    .constdata          lvsetmenu.o
    0x00016bf8   0x00016bf8   0x00000034   Data   RO         4927    .constdata          lvsetmenu.o
    0x00016c2c   0x00016c2c   0x00000060   Data   RO         4953    .constdata          dischargemgmtmenu.o
    0x00016c8c   0x00016c8c   0x00000050   Data   RO         4954    .constdata          dischargemgmtmenu.o
    0x00016cdc   0x00016cdc   0x00000034   Data   RO         4955    .constdata          dischargemgmtmenu.o
    0x00016d10   0x00016d10   0x00000034   Data   RO         4956    .constdata          dischargemgmtmenu.o
    0x00016d44   0x00016d44   0x00000170   Data   RO         5004    .constdata          setttingmainmenu.o
    0x00016eb4   0x00016eb4   0x00000034   Data   RO         5005    .constdata          setttingmainmenu.o
    0x00016ee8   0x00016ee8   0x00000070   Data   RO         5160    .constdata          chargingsystemmenu.o
    0x00016f58   0x00016f58   0x00000034   Data   RO         5161    .constdata          chargingsystemmenu.o
    0x00016f8c   0x00016f8c   0x00000034   Data   RO         5218    .constdata          captestmenu.o
    0x00016fc0   0x00016fc0   0x00000040   Data   RO         5264    .constdata          restorefactorysetmenu.o
    0x00017000   0x00017000   0x00000034   Data   RO         5265    .constdata          restorefactorysetmenu.o
    0x00017034   0x00017034   0x00000034   Data   RO         5312    .constdata          resetconfigmenu.o
    0x00017068   0x00017068   0x00000034   Data   RO         5313    .constdata          resetconfigmenu.o
    0x0001709c   0x0001709c   0x00000034   Data   RO         5314    .constdata          resetconfigmenu.o
    0x000170d0   0x000170d0   0x00000034   Data   RO         5361    .constdata          displaylastctestmenu.o
    0x00017104   0x00017104   0x00000040   Data   RO         5404    .constdata          setchargecurrentmenu.o
    0x00017144   0x00017144   0x00000034   Data   RO         5405    .constdata          setchargecurrentmenu.o
    0x00017178   0x00017178   0x00000020   Data   RO         5438    .constdata          prechargecurrentsetmenu.o
    0x00017198   0x00017198   0x00000034   Data   RO         5439    .constdata          prechargecurrentsetmenu.o
    0x000171cc   0x000171cc   0x00000020   Data   RO         5466    .constdata          chargevoltset.o
    0x000171ec   0x000171ec   0x00000034   Data   RO         5467    .constdata          chargevoltset.o
    0x00017220   0x00017220   0x00000034   Data   RO         5497    .constdata          columgaugeviewmenu.o
    0x00017254   0x00017254   0x00000034   Data   RO         5538    .constdata          viewchipstatemenu.o
    0x00017288   0x00017288   0x00000130   Data   RO         5571    .constdata          easysetupmenu.o
    0x000173b8   0x000173b8   0x00000034   Data   RO         5572    .constdata          easysetupmenu.o
    0x000173ec   0x000173ec   0x00000070   Data   RO         5601    .constdata          pdosetmenu.o
    0x0001745c   0x0001745c   0x00000034   Data   RO         5602    .constdata          pdosetmenu.o
    0x00017490   0x00017490   0x00000034   Data   RO         5625    .constdata          enteradvancedmodemenu.o
    0x000174c4   0x000174c4   0x000000a0   Data   RO         5655    .constdata          systemsecumenu.o
    0x00017564   0x00017564   0x00000034   Data   RO         5656    .constdata          systemsecumenu.o
    0x00017598   0x00017598   0x00000034   Data   RO         5673    .constdata          entersecusettingmenu.o
    0x000175cc   0x000175cc   0x00000034   Data   RO         5703    .constdata          aboutmenu.o
    0x00017600   0x00017600   0x00000020   Data   RO         5744    .constdata          otptempset.o
    0x00017620   0x00017620   0x00000034   Data   RO         5745    .constdata          otptempset.o
    0x00017654   0x00017654   0x00000034   Data   RO         5776    .constdata          adapteremulationmenu.o
    0x00017688   0x00017688   0x00000034   Data   RO         5825    .constdata          typecconnreset.o
    0x000176bc   0x000176bc   0x00000030   Data   RO         5863    .constdata          displaydirmenu.o
    0x000176ec   0x000176ec   0x00000034   Data   RO         5864    .constdata          displaydirmenu.o
    0x00017720   0x00017720   0x00000034   Data   RO         5892    .constdata          enableinstcaptmenu.o
    0x00017754   0x00017754   0x00000012   Data   RO         5925    .constdata          vrechargemenu.o
    0x00017766   0x00017766   0x00000002   PAD
    0x00017768   0x00017768   0x00000050   Data   RO         5926    .constdata          vrechargemenu.o
    0x000177b8   0x000177b8   0x00000034   Data   RO         5927    .constdata          vrechargemenu.o
    0x000177ec   0x000177ec   0x00000080   Data   RO         5958    .constdata          istopmenu.o
    0x0001786c   0x0001786c   0x00000034   Data   RO         5959    .constdata          istopmenu.o
    0x000178a0   0x000178a0   0x00000034   Data   RO         5988    .constdata          safetyalertmenu.o
    0x000178d4   0x000178d4   0x00000030   Data   RO         6020    .constdata          maxvpdconfigmenu.o
    0x00017904   0x00017904   0x00000034   Data   RO         6021    .constdata          maxvpdconfigmenu.o
    0x00017938   0x00017938   0x00000050   Data   RO         6047    .constdata          chgpowerwithoutepr.o
    0x00017988   0x00017988   0x00000034   Data   RO         6048    .constdata          chgpowerwithoutepr.o
    0x000179bc   0x000179bc   0x00000034   Data   RO         6069    .constdata          largemainmenu.o
    0x000179f0   0x000179f0   0x00000030   Data   RO         6112    .constdata          guiprefmenu.o
    0x00017a20   0x00017a20   0x00000034   Data   RO         6113    .constdata          guiprefmenu.o
    0x00017a54   0x00017a54   0x00000050   Data   RO         6135    .constdata          balsysmenu.o
    0x00017aa4   0x00017aa4   0x00000034   Data   RO         6136    .constdata          balsysmenu.o
    0x00017ad8   0x00017ad8   0x00000034   Data   RO         6164    .constdata          manustartbalancemenu.o
    0x00017b0c   0x00017b0c   0x00000034   Data   RO         6198    .constdata          autoextendbalancemenu.o
    0x00017b40   0x00017b40   0x000000b0   Data   RO         6228    .constdata          istopstdmenu.o
    0x00017bf0   0x00017bf0   0x00000034   Data   RO         6229    .constdata          istopstdmenu.o
    0x00017c24   0x00017c24   0x00000040   Data   RO         6247    .constdata          typecgaugeconfigmenu.o
    0x00017c64   0x00017c64   0x00000034   Data   RO         6248    .constdata          typecgaugeconfigmenu.o
    0x00017c98   0x00017c98   0x00000030   Data   RO         6281    .constdata          typeccalibrationsource.o
    0x00017cc8   0x00017cc8   0x00000034   Data   RO         6282    .constdata          typeccalibrationsource.o
    0x00017cfc   0x00017cfc   0x00000040   Data   RO         6310    .constdata          typeccalibrationset.o
    0x00017d3c   0x00017d3c   0x00000034   Data   RO         6311    .constdata          typeccalibrationset.o
    0x00017d70   0x00017d70   0x00000034   Data   RO         6312    .constdata          typeccalibrationset.o
    0x00017da4   0x00017da4   0x00000080   Data   RO         6590    .constdata          fz_ps.l(ddiv.o)
    0x00017e24   0x00017e24   0x00000040   Data   RO         6607    .constdata          fz_ps.l(fdiv.o)
    0x00017e64   0x00017e64   0x00000004   PAD
    0x00017e68   0x00017e68   0x00000038   Data   RO         6627    .constdata          m_ps.l(log.o)
    0x00017ea0   0x00017ea0   0x00000088   Data   RO         6637    .constdata          m_ps.l(pow.o)
    0x00017f28   0x00017f28   0x00000008   Data   RO         6688    .constdata          m_ps.l(qnan.o)
    0x00017f30   0x00017f30   0x00000094   Data   RO         6731    .constdata          c_p.l(bigflt0.o)
    0x00017fc4   0x00017fc4   0x0000005e   Data   RO         4830    .conststring        hptypecgauge.o
    0x00018022   0x00018022   0x00000002   PAD
    0x00018024   0x00018024   0x00000059   Data   RO         4900    .conststring        chargepowermenu.o
    0x0001807d   0x0001807d   0x00000003   PAD
    0x00018080   0x00018080   0x0000000f   Data   RO         4901    .conststring        chargepowermenu.o
    0x0001808f   0x0001808f   0x00000001   PAD
    0x00018090   0x00018090   0x0000007d   Data   RO         4928    .conststring        lvsetmenu.o
    0x0001810d   0x0001810d   0x00000003   PAD
    0x00018110   0x00018110   0x00000011   Data   RO         4929    .conststring        lvsetmenu.o
    0x00018121   0x00018121   0x00000003   PAD
    0x00018124   0x00018124   0x00000047   Data   RO         4957    .conststring        dischargemgmtmenu.o
    0x0001816b   0x0001816b   0x00000001   PAD
    0x0001816c   0x0001816c   0x00000117   Data   RO         5006    .conststring        setttingmainmenu.o
    0x00018283   0x00018283   0x00000001   PAD
    0x00018284   0x00018284   0x00000013   Data   RO         5007    .conststring        setttingmainmenu.o
    0x00018297   0x00018297   0x00000001   PAD
    0x00018298   0x00018298   0x0000006b   Data   RO         5162    .conststring        chargingsystemmenu.o
    0x00018303   0x00018303   0x00000001   PAD
    0x00018304   0x00018304   0x00000033   Data   RO         5266    .conststring        restorefactorysetmenu.o
    0x00018337   0x00018337   0x00000001   PAD
    0x00018338   0x00018338   0x00000011   Data   RO         5406    .conststring        setchargecurrentmenu.o
    0x00018349   0x00018349   0x00000003   PAD
    0x0001834c   0x0001834c   0x0000000d   Data   RO         5440    .conststring        prechargecurrentsetmenu.o
    0x00018359   0x00018359   0x00000003   PAD
    0x0001835c   0x0001835c   0x00000009   Data   RO         5468    .conststring        chargevoltset.o
    0x00018365   0x00018365   0x00000003   PAD
    0x00018368   0x00018368   0x0000000d   Data   RO         5573    .conststring        easysetupmenu.o
    0x00018375   0x00018375   0x00000003   PAD
    0x00018378   0x00018378   0x00000024   Data   RO         5603    .conststring        pdosetmenu.o
    0x0001839c   0x0001839c   0x000000b1   Data   RO         5657    .conststring        systemsecumenu.o
    0x0001844d   0x0001844d   0x00000003   PAD
    0x00018450   0x00018450   0x0000000f   Data   RO         5674    .conststring        entersecusettingmenu.o
    0x0001845f   0x0001845f   0x00000001   PAD
    0x00018460   0x00018460   0x00000003   Data   RO         5746    .conststring        otptempset.o
    0x00018463   0x00018463   0x00000001   PAD
    0x00018464   0x00018464   0x0000001d   Data   RO         5865    .conststring        displaydirmenu.o
    0x00018481   0x00018481   0x00000003   PAD
    0x00018484   0x00018484   0x0000000d   Data   RO         5866    .conststring        displaydirmenu.o
    0x00018491   0x00018491   0x00000003   PAD
    0x00018494   0x00018494   0x0000000f   Data   RO         5928    .conststring        vrechargemenu.o
    0x000184a3   0x000184a3   0x00000001   PAD
    0x000184a4   0x000184a4   0x0000003e   Data   RO         5960    .conststring        istopmenu.o
    0x000184e2   0x000184e2   0x00000002   PAD
    0x000184e4   0x000184e4   0x00000009   Data   RO         5989    .conststring        safetyalertmenu.o
    0x000184ed   0x000184ed   0x00000003   PAD
    0x000184f0   0x000184f0   0x0000001b   Data   RO         6022    .conststring        maxvpdconfigmenu.o
    0x0001850b   0x0001850b   0x00000001   PAD
    0x0001850c   0x0001850c   0x00000019   Data   RO         6114    .conststring        guiprefmenu.o
    0x00018525   0x00018525   0x00000003   PAD
    0x00018528   0x00018528   0x0000003d   Data   RO         6137    .conststring        balsysmenu.o
    0x00018565   0x00018565   0x00000003   PAD
    0x00018568   0x00018568   0x0000001e   Data   RO         6230    .conststring        istopstdmenu.o
    0x00018586   0x00018586   0x00000002   PAD
    0x00018588   0x00018588   0x0000002f   Data   RO         6249    .conststring        typecgaugeconfigmenu.o
    0x000185b7   0x000185b7   0x00000001   PAD
    0x000185b8   0x000185b8   0x0000001f   Data   RO         6283    .conststring        typeccalibrationsource.o
    0x000185d7   0x000185d7   0x00000001   PAD
    0x000185d8   0x000185d8   0x00000011   Data   RO         6313    .conststring        typeccalibrationset.o
    0x000185e9   0x000185e9   0x00000003   PAD
    0x000185ec   0x000185ec   0x0000000e   Data   RO         6314    .conststring        typeccalibrationset.o
    0x000185fa   0x000185fa   0x00000002   PAD
    0x000185fc   0x000185fc   0x0000000e   Data   RO         6315    .conststring        typeccalibrationset.o
    0x0001860a   0x0001860a   0x00000002   PAD
    0x0001860c   0x0001860c   0x00000002   Data   RO         5008    .conststrlit        setttingmainmenu.o
    0x0001860e   0x0001860e   0x00000002   PAD
    0x00018610   0x00018610   0x00000002   Data   RO         5164    .conststrlit        chargingsystemmenu.o
    0x00018612   0x00018612   0x00000002   PAD
    0x00018614   0x00018614   0x0000000e   Data   RO         5219    .conststrlit        captestmenu.o
    0x00018622   0x00018622   0x00000002   PAD
    0x00018624   0x00018624   0x00000002   Data   RO         5268    .conststrlit        restorefactorysetmenu.o
    0x00018626   0x00018626   0x00000002   PAD
    0x00018628   0x00018628   0x00000010   Data   RO         5315    .conststrlit        resetconfigmenu.o
    0x00018638   0x00018638   0x00000012   Data   RO         5316    .conststrlit        resetconfigmenu.o
    0x0001864a   0x0001864a   0x00000002   PAD
    0x0001864c   0x0001864c   0x0000000e   Data   RO         5317    .conststrlit        resetconfigmenu.o
    0x0001865a   0x0001865a   0x00000002   PAD
    0x0001865c   0x0001865c   0x00000002   Data   RO         5575    .conststrlit        easysetupmenu.o
    0x0001865e   0x0001865e   0x00000002   PAD
    0x00018660   0x00018660   0x0000000e   Data   RO         6165    .conststrlit        manustartbalancemenu.o
    0x0001866e   0x0001866e   0x00000002   PAD
    0x00018670   0x00018670   0x0000000e   Data   RO         6199    .conststrlit        autoextendbalancemenu.o
    0x0001867e   0x0001867e   0x00000002   PAD
    0x00018680   0x00018680   0x00000002   Data   RO         6251    .conststrlit        typecgaugeconfigmenu.o
    0x00018682   0x00018682   0x00000002   PAD
    0x00018684   0x00018684   0x00000020   Data   RO         6903    Region$$Table       anon$$obj.o
    0x000186a4   0x000186a4   0x0000001c   Data   RO         6737    locale$$data        c_p.l(lc_numeric_c.o)


    Execution Region RW_IRAM1 (Exec base: 0x20000000, Load base: 0x000186c0, Size: 0x00000ec8, Max: 0x00004000, ABSOLUTE)

    Exec Addr    Load Addr    Size         Type   Attr      Idx    E Section Name        Object

    0x20000000   0x000186c0   0x00000001   Data   RW            7    .data               delay.o
    0x20000001   0x000186c1   0x00000001   Data   RW          303    .data               main.o
    0x20000002   0x000186c2   0x00000004   Data   RW         3590    .data               pmsetup.o
    0x20000006   0x000186c6   0x00000001   Data   RW         3645    .data               lcd_init.o
    0x20000007   0x000186c7   0x00000001   Data   RW         3646    .data               lcd_init.o
    0x20000008   0x000186c8   0x00000001   Data   RW         3901    .data               adc.o
    0x20000009   0x000186c9   0x00000001   PAD
    0x2000000a   0x000186ca   0x0000000c   Data   RW         4117    .data               key.o
    0x20000016   0x000186d6   0x00000002   PAD
    0x20000018   0x000186d8   0x00000008   Data   RW         4435    .data               postscreen.o
    0x20000020   0x000186e0   0x0000000c   Data   RW         4519    .data               menusystem.o
    0x2000002c   0x000186ec   0x00000004   Data   RW         4563    .data               inteditmenu.o
    0x20000030   0x000186f0   0x00000001   Data   RW         4591    .data               enterpasswordmenu.o
    0x20000031   0x000186f1   0x00000003   PAD
    0x20000034   0x000186f4   0x0000000c   Data   RW         4592    .data               enterpasswordmenu.o
    0x20000040   0x00018700   0x00000006   Data   RW         4641    .data               ip2366_init.o
    0x20000046   0x00018706   0x00000002   PAD
    0x20000048   0x00018708   0x00000008   Data   RW         4769    .data               overchargedetect.o
    0x20000050   0x00018710   0x00000010   Data   RW         4788    .data               balancemgmt.o
    0x20000060   0x00018720   0x0000001c   Data   RW         4831    .data               hptypecgauge.o
    0x2000007c   0x0001873c   0x00000020   Data   RW         4864    .data               mainmenu.o
    0x2000009c   0x0001875c   0x00000006   Data   RW         5009    .data               setttingmainmenu.o
    0x200000a2   0x00018762   0x00000002   PAD
    0x200000a4   0x00018764   0x00000010   Data   RW         5220    .data               captestmenu.o
    0x200000b4   0x00018774   0x00000001   Data   RW         5269    .data               restorefactorysetmenu.o
    0x200000b5   0x00018775   0x00000004   Data   RW         5318    .data               resetconfigmenu.o
    0x200000b9   0x00018779   0x00000002   Data   RW         5363    .data               displaylastctestmenu.o
    0x200000bb   0x0001877b   0x00000002   Data   RW         5499    .data               columgaugeviewmenu.o
    0x200000bd   0x0001877d   0x00000002   Data   RW         5540    .data               viewchipstatemenu.o
    0x200000bf   0x0001877f   0x00000001   PAD
    0x200000c0   0x00018780   0x0000000c   Data   RW         5627    .data               enteradvancedmodemenu.o
    0x200000cc   0x0001878c   0x0000000c   Data   RW         5675    .data               entersecusettingmenu.o
    0x200000d8   0x00018798   0x00000006   Data   RW         5705    .data               aboutmenu.o
    0x200000de   0x0001879e   0x00000005   Data   RW         5778    .data               adapteremulationmenu.o
    0x200000e3   0x000187a3   0x00000003   Data   RW         5827    .data               typecconnreset.o
    0x200000e6   0x000187a6   0x00000001   Data   RW         5894    .data               enableinstcaptmenu.o
    0x200000e7   0x000187a7   0x00000001   Data   RW         5990    .data               safetyalertmenu.o
    0x200000e8   0x000187a8   0x00000001   Data   RW         6070    .data               largemainmenu.o
    0x200000e9   0x000187a9   0x00000003   PAD
    0x200000ec   0x000187ac   0x00000008   Data   RW         6166    .data               manustartbalancemenu.o
    0x200000f4   0x000187b4   0x0000000c   Data   RW         6473    .data               logsystem.o
    0x20000100        -       0x00000014   Zero   RW         3900    .bss                adc.o
    0x20000114        -       0x00000009   Zero   RW         4590    .bss                enterpasswordmenu.o
    0x2000011d   0x000187c0   0x00000003   PAD
    0x20000120        -       0x0000001c   Zero   RW         4859    .bss                mainmenu.o
    0x2000013c        -       0x00000010   Zero   RW         5600    .bss                pdosetmenu.o
    0x2000014c        -       0x0000003f   Zero   RW         5924    .bss                vrechargemenu.o
    0x2000018b   0x000187c0   0x00000001   PAD
    0x2000018c        -       0x00000044   Zero   RW         6352    .bss                config.o
    0x200001d0        -       0x0000004c   Zero   RW         6413    .bss                captestmgmt.o
    0x2000021c        -       0x0000004c   Zero   RW         6472    .bss                logsystem.o
    0x20000268        -       0x00000060   Zero   RW         6755    .bss                c_p.l(libspace.o)
    0x200002c8        -       0x00000000   Zero   RW          518    HEAP                startup_ht32f5xxxx_01.o
    0x200002c8        -       0x00000c00   Zero   RW          517    STACK               startup_ht32f5xxxx_01.o


==============================================================================

Image component sizes


      Code (inc. data)   RO Data    RW Data    ZI Data      Debug   Object Name

       830         12          0          0          0       4666   24cxx.o
       836        220         52          6          0       7325   aboutmenu.o
      2316        578         52          5          0       8415   adapteremulationmenu.o
       992        210          0          1         20       3367   adc.o
       604        142         66          0          0       5373   autoextendbalancemenu.o
       436         84          0         16          0       3245   balancemgmt.o
        36         16        193          0          0       5110   balsysmenu.o
      4004        866         66         16          0       9294   captestmenu.o
       624        132          0          0         76       4725   captestmgmt.o
        96         28        268          0          0       5208   chargepowermenu.o
        32         12         93          0          0       5037   chargevoltset.o
       132         50        273          0          0       7552   chargingsystemmenu.o
         0          0        132          0          0       4196   chgpowerwithoutepr.o
      1440        282         52          2          0       7727   columgaugeviewmenu.o
       984        206          0          0         68       7166   config.o
       276         30          0          1          0      66415   delay.o
        16          6        351          0          0       4709   dischargemgmtmenu.o
        60         24        142          0          0       5166   displaydirmenu.o
      1288        238         52          2          0       6691   displaylastctestmenu.o
        56         14        371          0          0       5324   easysetupmenu.o
       328        138         52          1          0       5241   enableinstcaptmenu.o
        56         20         52         12          0       5148   enteradvancedmodemenu.o
      1040        174          0         13          9       7398   enterpasswordmenu.o
        32         12         67         12          0       4666   entersecusettingmenu.o
      1036        176          0          0          0       3423   flashprot.o
        36         14        125          0          0       4621   guiprefmenu.o
       388        126         94         28          0       1734   hptypecgauge.o
        84         12          0          0          0       1649   ht32_cm0plus_misc.o
       166         34          0          0          0      13579   ht32f5xxxx_01_it.o
       148          0          0          0          0       5834   ht32f5xxxx_adc.o
       112         20          0          0          0       4887   ht32f5xxxx_ckcu.o
        36          0          0          0          0       1635   ht32f5xxxx_crc.o
       100         20          0          0          0       5185   ht32f5xxxx_exti.o
       320         50          0          0          0       5420   ht32f5xxxx_flash.o
       422         12          0          0          0       7317   ht32f5xxxx_gpio.o
       188         24          0          0          0       3503   ht32f5xxxx_pdma.o
        64          8          0          0          0       1254   ht32f5xxxx_rstcu.o
        60          8          0          0          0        610   ht32f5xxxx_rtc.o
       156          0          0          0          0       4745   ht32f5xxxx_spi.o
       120          4          0          0          0       4270   ht32f5xxxx_tm.o
       192         50          0          0          0       4440   ht32f5xxxx_wdt.o
      1360        108          4          0          0       5549   i2cdrv.o
       832         64          0          0          0      33173   ina226.o
        76          6          0          0          0        780   incdec.o
       108         38          0          0          0        946   instantcaptest.o
      1300         66          0          4          0       3625   inteditmenu.o
      2304        714          0          6          0       6307   ip2366_init.o
      2750        134          0          0          0      17821   ip2366_reg.o
        60         18        242          0          0       5206   istopmenu.o
         0          0        258          0          0       4166   istopstdmenu.o
       644         60          0         12          0       4515   key.o
      3660        680         52          1          0      10718   largemainmenu.o
      2392         74      16788          0          0      21378   lcd.o
      1698         66         38          2          0      16212   lcd_init.o
        48          8          0          0          0        598   lineartabop.o
      2010        308          0         12         76      10049   logsystem.o
        36         16        338          0          0       5095   lvsetmenu.o
       316         46          0          1          0       6406   main.o
      2716        458       7346         32         28       8813   mainmenu.o
      1120        204         66          8          0       6492   manustartbalancemenu.o
       136         26        127          0          0       5337   maxvpdconfigmenu.o
       284         98          0          0          0       9156   mcubeattimer.o
      2452        142        800         12          0       9429   menusystem.o
        32         12         87          0          0       5015   otptempset.o
       240         44          0          8          0       1723   overchargedetect.o
       406          0          0          0          0       2786   pca9536.o
        72         30        200          0         16       4722   pdosetmenu.o
       194          0          0          0          0       2273   pmbus.o
       780        134          0          4          0       3191   pmsetup.o
       552         38          0          8          0       6108   postscreen.o
        32         12         97          0          0       5142   prechargecurrentsetmenu.o
       536        196        204          4          0       6993   resetconfigmenu.o
       116         34        169          1          0       6757   restorefactorysetmenu.o
       252        118         61          1          0       5158   safetyalertmenu.o
       172         52          0          0          0       1512   screendirset.o
       176         62          0          0          0        535   selftesterrorhandle.o
       112         42        133          0          0       5732   setchargecurrentmenu.o
       632        182        720          6          0      15751   setttingmainmenu.o
       380        252          0          0       3072        728   startup_ht32f5xxxx_01.o
       260         24          0          0          0        661   system_ht32f5xxxx_01.o
         0          0        389          0          0       4156   systemsecumenu.o
        48         18        213          0          0       5588   typeccalibrationset.o
        44         12        131          0          0       5244   typeccalibrationsource.o
       632        152         52          3          0       6716   typecconnreset.o
        48         18        165          0          0       5573   typecgaugeconfigmenu.o
      1580        342         52          2          0       6849   viewchipstatemenu.o
       240         58        165          0         63       5473   vrechargemenu.o
        68          6          0          0          0        492   watchdog.o

    ----------------------------------------------------------------------
     54078       9224      31568        256       3432     579919   Object Totals
         0          0         32          0          0          0   (incl. Generated)
        30          0         86         14          4          0   (incl. Padding)

    ----------------------------------------------------------------------

      Code (inc. data)   RO Data    RW Data    ZI Data      Debug   Library Member Name

         8          0          0          0          0         68   __main.o
       284          0          0          0          0        136   __printf_wp.o
         0          0          0          0          0          0   __rtentry.o
        12          0          0          0          0          0   __rtentry2.o
         6          0          0          0          0          0   __rtentry4.o
        60          8          0          0          0          0   __scatter.o
        26          0          0          0          0          0   __scatter_copy.o
        28          0          0          0          0          0   __scatter_zi.o
        48          6          0          0          0         88   _printf_char_common.o
        10          0          0          0          0          0   _printf_f.o
      1048         14          0          0          0        176   _printf_fp_dec.o
       136         16          0          0          0         76   _printf_fp_infnan.o
         2          0          0          0          0          0   _printf_percent.o
         4          0          0          0          0          0   _printf_percent_end.o
        22          0          0          0          0         92   _rserrno.o
        16          0          0          0          0         60   _snputc.o
        10          0          0          0          0         60   _sputc.o
       488          0          0          0          0         92   aeabi_sdivfast.o
       216          6        148          0          0         80   bigflt0.o
      1456         30          0          0          0        336   btod.o
        16          0          0          0          0         68   exit.o
         6          0          0          0          0        136   heapauxi.o
         0          0          0          0          0          0   indicate_semi.o
        44         10         28          0          0         76   lc_numeric_c.o
         2          0          0          0          0          0   libinit.o
        18          0          0          0          0          0   libinit2.o
         2          0          0          0          0          0   libshutdown.o
         2          0          0          0          0          0   libshutdown2.o
         8          4          0          0         96         68   libspace.o
       122          0          0          0          0         72   lludiv10.o
        56          6          0          0          0         84   noretval__2snprintf.o
         8          4          0          0          0         68   rt_errno_addr_intlibspace.o
         8          4          0          0          0         68   rt_locale_intlibspace.o
        64          0          0          0          0        108   rt_memclr.o
         2          0          0          0          0          0   rtexit.o
        10          0          0          0          0          0   rtexit2.o
        40          0          0          0          0         60   rtudiv10.o
       160          4          0          0          0         80   strcmpv6m.o
       160          6          0          0          0         76   strncmp.o
       108          4          0          0          0         76   strncpy.o
        12          4          0          0          0         60   sys_exit.o
        62          0          0          0          0         80   sys_stackheap_outer.o
         2          0          0          0          0         68   use_no_semi.o
        46          0          0          0          0         60   cmpret.o
       124          4          0          0          0         72   d2f.o
       856         20          0          0          0        208   daddsub.o
       144          4          0          0          0         76   dcmpin.o
      1096         26        128          0          0        112   ddiv.o
       100          4          0          0          0         92   deqf.o
        72          4          0          0          0         68   dfixui.o
        88          0          0          0          0         92   dflti.o
       584         26          0          0          0         84   dmul.o
        20          6          0          0          0         68   dnan2.o
       104          4          0          0          0        104   drlef.o
        96         12          0          0          0         72   dscalbn.o
       256          8          0          0          0         76   dsqrt.o
        84          4          0          0          0         60   f2d.o
       372          8          0          0          0        240   faddsub.o
       100          4          0          0          0         68   fcmpin.o
       352         10         64          0          0         92   fdiv.o
        76          0          0          0          0         68   ffixi.o
        94          0          0          0          0         92   fflti.o
        84          4          0          0          0         76   flef.o
       176          4          0          0          0         80   fmul.o
        16          6          0          0          0         68   fnan2.o
        88          4          0          0          0         76   frlef.o
        68          4          0          0          0         68   fscalbn.o
        16          4          0          0          0         76   printf1.o
        94          0          0          0          0         68   retnan.o
         0          0          0          0          0          0   usenofp.o
        94         14          0          0          0        408   dunder.o
        44          4          0          0          0         60   fpclassify.o
       852         62         56          0          0        136   log.o
       172          0          0          0          0         76   poly.o
      2556        196        136          0          0        240   pow.o
         0          0          8          0          0          0   qnan.o
        72          6          0          0          0         76   sqrt.o

    ----------------------------------------------------------------------
     13814        578        572          0         96       5824   Library Totals
        26          0          4          0          0          0   (incl. Padding)

    ----------------------------------------------------------------------

      Code (inc. data)   RO Data    RW Data    ZI Data      Debug   Library Name

      4792        126        176          0         96       2512   c_p.l
      5206        170        192          0          0       2316   fz_ps.l
      3790        282        200          0          0        996   m_ps.l

    ----------------------------------------------------------------------
     13814        578        572          0         96       5824   Library Totals

    ----------------------------------------------------------------------

==============================================================================


      Code (inc. data)   RO Data    RW Data    ZI Data      Debug   

     67892       9802      32140        256       3528     567499   Grand Totals
     67892       9802      32140        256       3528     567499   ELF Image Totals
     67892       9802      32140        256          0          0   ROM Totals

==============================================================================

    Total RO  Size (Code + RO Data)               100032 (  97.69kB)
    Total RW  Size (RW Data + ZI Data)              3784 (   3.70kB)
    Total ROM Size (Code + RO Data + RW Data)     100288 (  97.94kB)

==============================================================================

